2025-11-29 08:19:00,499 - services.layout_extractor - INFO - Parsing pptx/potx: /Users/odedmarellie/Downloads/rewritten_examples [Autosaved] (4).pptx
2025-11-29 08:19:00,500 - services.layout_extractor - DEBUG - loaded 26 relationships from ppt/_rels/presentation.xml.rels
2025-11-29 08:19:00,500 - services.layout_extractor - DEBUG - Loaded theme colors from ppt/theme/theme1.xml (10 entries)
2025-11-29 08:19:00,500 - services.layout_extractor - INFO - Found 19 slide targets: ['ppt/slides/slide1.xml', 'ppt/slides/slide2.xml', 'ppt/slides/slide3.xml', 'ppt/slides/slide4.xml', 'ppt/slides/slide5.xml', 'ppt/slides/slide6.xml', 'ppt/slides/slide7.xml', 'ppt/slides/slide8.xml', 'ppt/slides/slide9.xml', 'ppt/slides/slide10.xml', 'ppt/slides/slide11.xml', 'ppt/slides/slide12.xml', 'ppt/slides/slide13.xml', 'ppt/slides/slide14.xml', 'ppt/slides/slide15.xml', 'ppt/slides/slide16.xml', 'ppt/slides/slide17.xml', 'ppt/slides/slide18.xml', 'ppt/slides/slide19.xml']
2025-11-29 08:19:00,500 - services.layout_extractor - DEBUG - loaded 2 relationships from ppt/slides/_rels/slide1.xml.rels
2025-11-29 08:19:00,500 - services.layout_extractor - DEBUG - loaded 1 relationships from ppt/slideLayouts/_rels/slideLayout1.xml.rels
2025-11-29 08:19:00,500 - services.layout_extractor - DEBUG - Slide 1 layout: ppt/slideLayouts/slideLayout1.xml
2025-11-29 08:19:00,500 - services.layout_extractor - DEBUG - loaded 47 relationships from ppt/slideMasters/_rels/slideMaster1.xml.rels
2025-11-29 08:19:00,500 - services.layout_extractor - DEBUG - Slide 1 master: ppt/slideMasters/slideMaster1.xml
2025-11-29 08:19:00,501 - services.layout_extractor - DEBUG - Slide 1 parsed: 5 elements (fills=0, borders=0)
2025-11-29 08:19:00,501 - services.layout_extractor - DEBUG - loaded 2 relationships from ppt/slides/_rels/slide2.xml.rels
2025-11-29 08:19:00,501 - services.layout_extractor - DEBUG - loaded 1 relationships from ppt/slideLayouts/_rels/slideLayout9.xml.rels
2025-11-29 08:19:00,501 - services.layout_extractor - DEBUG - Slide 2 layout: ppt/slideLayouts/slideLayout9.xml
2025-11-29 08:19:00,501 - services.layout_extractor - DEBUG - loaded 47 relationships from ppt/slideMasters/_rels/slideMaster1.xml.rels
2025-11-29 08:19:00,501 - services.layout_extractor - DEBUG - Slide 2 master: ppt/slideMasters/slideMaster1.xml
2025-11-29 08:19:00,502 - services.layout_extractor - DEBUG - Slide 2 parsed: 5 elements (fills=0, borders=0)
2025-11-29 08:19:00,502 - services.layout_extractor - DEBUG - loaded 2 relationships from ppt/slides/_rels/slide3.xml.rels
2025-11-29 08:19:00,502 - services.layout_extractor - DEBUG - loaded 1 relationships from ppt/slideLayouts/_rels/slideLayout2.xml.rels
2025-11-29 08:19:00,502 - services.layout_extractor - DEBUG - Slide 3 layout: ppt/slideLayouts/slideLayout2.xml
2025-11-29 08:19:00,502 - services.layout_extractor - DEBUG - loaded 47 relationships from ppt/slideMasters/_rels/slideMaster1.xml.rels
2025-11-29 08:19:00,502 - services.layout_extractor - DEBUG - Slide 3 master: ppt/slideMasters/slideMaster1.xml
2025-11-29 08:19:00,502 - services.layout_extractor - DEBUG - Slide 3 parsed: 5 elements (fills=0, borders=0)
2025-11-29 08:19:00,502 - services.layout_extractor - DEBUG - loaded 3 relationships from ppt/slides/_rels/slide4.xml.rels
2025-11-29 08:19:00,503 - services.layout_extractor - DEBUG - loaded 2 relationships from ppt/slideLayouts/_rels/slideLayout23.xml.rels
2025-11-29 08:19:00,503 - services.layout_extractor - DEBUG - Slide 4 layout: ppt/slideLayouts/slideLayout23.xml
2025-11-29 08:19:00,503 - services.layout_extractor - DEBUG - loaded 47 relationships from ppt/slideMasters/_rels/slideMaster1.xml.rels
2025-11-29 08:19:00,503 - services.layout_extractor - DEBUG - Slide 4 master: ppt/slideMasters/slideMaster1.xml
2025-11-29 08:19:00,506 - services.layout_extractor - DEBUG - Slide 4 parsed: 7 elements (fills=1, borders=0)
2025-11-29 08:19:00,506 - services.layout_extractor - DEBUG - loaded 3 relationships from ppt/slides/_rels/slide5.xml.rels
2025-11-29 08:19:00,506 - services.layout_extractor - DEBUG - loaded 2 relationships from ppt/slideLayouts/_rels/slideLayout23.xml.rels
2025-11-29 08:19:00,506 - services.layout_extractor - DEBUG - Slide 5 layout: ppt/slideLayouts/slideLayout23.xml
2025-11-29 08:19:00,506 - services.layout_extractor - DEBUG - loaded 47 relationships from ppt/slideMasters/_rels/slideMaster1.xml.rels
2025-11-29 08:19:00,506 - services.layout_extractor - DEBUG - Slide 5 master: ppt/slideMasters/slideMaster1.xml
2025-11-29 08:19:00,509 - services.layout_extractor - DEBUG - Slide 5 parsed: 7 elements (fills=1, borders=0)
2025-11-29 08:19:00,509 - services.layout_extractor - DEBUG - loaded 3 relationships from ppt/slides/_rels/slide6.xml.rels
2025-11-29 08:19:00,509 - services.layout_extractor - DEBUG - loaded 2 relationships from ppt/slideLayouts/_rels/slideLayout23.xml.rels
2025-11-29 08:19:00,509 - services.layout_extractor - DEBUG - Slide 6 layout: ppt/slideLayouts/slideLayout23.xml
2025-11-29 08:19:00,509 - services.layout_extractor - DEBUG - loaded 47 relationships from ppt/slideMasters/_rels/slideMaster1.xml.rels
2025-11-29 08:19:00,509 - services.layout_extractor - DEBUG - Slide 6 master: ppt/slideMasters/slideMaster1.xml
2025-11-29 08:19:00,512 - services.layout_extractor - DEBUG - Slide 6 parsed: 7 elements (fills=1, borders=0)
2025-11-29 08:19:00,512 - services.layout_extractor - DEBUG - loaded 2 relationships from ppt/slides/_rels/slide7.xml.rels
2025-11-29 08:19:00,512 - services.layout_extractor - DEBUG - loaded 1 relationships from ppt/slideLayouts/_rels/slideLayout2.xml.rels
2025-11-29 08:19:00,512 - services.layout_extractor - DEBUG - Slide 7 layout: ppt/slideLayouts/slideLayout2.xml
2025-11-29 08:19:00,513 - services.layout_extractor - DEBUG - loaded 47 relationships from ppt/slideMasters/_rels/slideMaster1.xml.rels
2025-11-29 08:19:00,513 - services.layout_extractor - DEBUG - Slide 7 master: ppt/slideMasters/slideMaster1.xml
2025-11-29 08:19:00,513 - services.layout_extractor - DEBUG - Slide 7 parsed: 5 elements (fills=0, borders=0)
2025-11-29 08:19:00,513 - services.layout_extractor - DEBUG - loaded 3 relationships from ppt/slides/_rels/slide8.xml.rels
2025-11-29 08:19:00,513 - services.layout_extractor - DEBUG - loaded 2 relationships from ppt/slideLayouts/_rels/slideLayout23.xml.rels
2025-11-29 08:19:00,513 - services.layout_extractor - DEBUG - Slide 8 layout: ppt/slideLayouts/slideLayout23.xml
2025-11-29 08:19:00,513 - services.layout_extractor - DEBUG - loaded 47 relationships from ppt/slideMasters/_rels/slideMaster1.xml.rels
2025-11-29 08:19:00,513 - services.layout_extractor - DEBUG - Slide 8 master: ppt/slideMasters/slideMaster1.xml
2025-11-29 08:19:00,515 - services.layout_extractor - DEBUG - Slide 8 parsed: 7 elements (fills=1, borders=0)
2025-11-29 08:19:00,515 - services.layout_extractor - DEBUG - loaded 7 relationships from ppt/slides/_rels/slide9.xml.rels
2025-11-29 08:19:00,515 - services.layout_extractor - DEBUG - loaded 1 relationships from ppt/slideLayouts/_rels/slideLayout4.xml.rels
2025-11-29 08:19:00,515 - services.layout_extractor - DEBUG - Slide 9 layout: ppt/slideLayouts/slideLayout4.xml
2025-11-29 08:19:00,516 - services.layout_extractor - DEBUG - loaded 47 relationships from ppt/slideMasters/_rels/slideMaster1.xml.rels
2025-11-29 08:19:00,516 - services.layout_extractor - DEBUG - Slide 9 master: ppt/slideMasters/slideMaster1.xml
2025-11-29 08:19:00,516 - services.layout_extractor - DEBUG - Slide 9 parsed: 5 elements (fills=0, borders=0)
2025-11-29 08:19:00,516 - services.layout_extractor - DEBUG - loaded 3 relationships from ppt/slides/_rels/slide10.xml.rels
2025-11-29 08:19:00,516 - services.layout_extractor - DEBUG - loaded 2 relationships from ppt/slideLayouts/_rels/slideLayout23.xml.rels
2025-11-29 08:19:00,516 - services.layout_extractor - DEBUG - Slide 10 layout: ppt/slideLayouts/slideLayout23.xml
2025-11-29 08:19:00,516 - services.layout_extractor - DEBUG - loaded 47 relationships from ppt/slideMasters/_rels/slideMaster1.xml.rels
2025-11-29 08:19:00,516 - services.layout_extractor - DEBUG - Slide 10 master: ppt/slideMasters/slideMaster1.xml
2025-11-29 08:19:00,518 - services.layout_extractor - DEBUG - Slide 10 parsed: 7 elements (fills=1, borders=0)
2025-11-29 08:19:00,518 - services.layout_extractor - DEBUG - loaded 2 relationships from ppt/slides/_rels/slide11.xml.rels
2025-11-29 08:19:00,518 - services.layout_extractor - DEBUG - loaded 1 relationships from ppt/slideLayouts/_rels/slideLayout2.xml.rels
2025-11-29 08:19:00,518 - services.layout_extractor - DEBUG - Slide 11 layout: ppt/slideLayouts/slideLayout2.xml
2025-11-29 08:19:00,518 - services.layout_extractor - DEBUG - loaded 47 relationships from ppt/slideMasters/_rels/slideMaster1.xml.rels
2025-11-29 08:19:00,518 - services.layout_extractor - DEBUG - Slide 11 master: ppt/slideMasters/slideMaster1.xml
2025-11-29 08:19:00,519 - services.layout_extractor - DEBUG - Slide 11 parsed: 5 elements (fills=0, borders=0)
2025-11-29 08:19:00,519 - services.layout_extractor - DEBUG - loaded 3 relationships from ppt/slides/_rels/slide12.xml.rels
2025-11-29 08:19:00,519 - services.layout_extractor - DEBUG - loaded 2 relationships from ppt/slideLayouts/_rels/slideLayout32.xml.rels
2025-11-29 08:19:00,519 - services.layout_extractor - DEBUG - Slide 12 layout: ppt/slideLayouts/slideLayout32.xml
2025-11-29 08:19:00,519 - services.layout_extractor - DEBUG - loaded 47 relationships from ppt/slideMasters/_rels/slideMaster1.xml.rels
2025-11-29 08:19:00,519 - services.layout_extractor - DEBUG - Slide 12 master: ppt/slideMasters/slideMaster1.xml
2025-11-29 08:19:00,521 - services.layout_extractor - DEBUG - Slide 12 parsed: 7 elements (fills=1, borders=0)
2025-11-29 08:19:00,521 - services.layout_extractor - DEBUG - loaded 3 relationships from ppt/slides/_rels/slide13.xml.rels
2025-11-29 08:19:00,521 - services.layout_extractor - DEBUG - loaded 2 relationships from ppt/slideLayouts/_rels/slideLayout17.xml.rels
2025-11-29 08:19:00,521 - services.layout_extractor - DEBUG - Slide 13 layout: ppt/slideLayouts/slideLayout17.xml
2025-11-29 08:19:00,521 - services.layout_extractor - DEBUG - loaded 47 relationships from ppt/slideMasters/_rels/slideMaster1.xml.rels
2025-11-29 08:19:00,521 - services.layout_extractor - DEBUG - Slide 13 master: ppt/slideMasters/slideMaster1.xml
2025-11-29 08:19:00,523 - services.layout_extractor - DEBUG - Slide 13 parsed: 7 elements (fills=1, borders=0)
2025-11-29 08:19:00,523 - services.layout_extractor - DEBUG - loaded 7 relationships from ppt/slides/_rels/slide14.xml.rels
2025-11-29 08:19:00,523 - services.layout_extractor - DEBUG - loaded 1 relationships from ppt/slideLayouts/_rels/slideLayout4.xml.rels
2025-11-29 08:19:00,523 - services.layout_extractor - DEBUG - Slide 14 layout: ppt/slideLayouts/slideLayout4.xml
2025-11-29 08:19:00,524 - services.layout_extractor - DEBUG - loaded 47 relationships from ppt/slideMasters/_rels/slideMaster1.xml.rels
2025-11-29 08:19:00,524 - services.layout_extractor - DEBUG - Slide 14 master: ppt/slideMasters/slideMaster1.xml
2025-11-29 08:19:00,524 - services.layout_extractor - DEBUG - Slide 14 parsed: 5 elements (fills=0, borders=0)
2025-11-29 08:19:00,524 - services.layout_extractor - DEBUG - loaded 2 relationships from ppt/slides/_rels/slide15.xml.rels
2025-11-29 08:19:00,524 - services.layout_extractor - DEBUG - loaded 1 relationships from ppt/slideLayouts/_rels/slideLayout2.xml.rels
2025-11-29 08:19:00,524 - services.layout_extractor - DEBUG - Slide 15 layout: ppt/slideLayouts/slideLayout2.xml
2025-11-29 08:19:00,524 - services.layout_extractor - DEBUG - loaded 47 relationships from ppt/slideMasters/_rels/slideMaster1.xml.rels
2025-11-29 08:19:00,524 - services.layout_extractor - DEBUG - Slide 15 master: ppt/slideMasters/slideMaster1.xml
2025-11-29 08:19:00,525 - services.layout_extractor - DEBUG - Slide 15 parsed: 5 elements (fills=0, borders=0)
2025-11-29 08:19:00,525 - services.layout_extractor - DEBUG - loaded 3 relationships from ppt/slides/_rels/slide16.xml.rels
2025-11-29 08:19:00,525 - services.layout_extractor - DEBUG - loaded 2 relationships from ppt/slideLayouts/_rels/slideLayout23.xml.rels
2025-11-29 08:19:00,525 - services.layout_extractor - DEBUG - Slide 16 layout: ppt/slideLayouts/slideLayout23.xml
2025-11-29 08:19:00,525 - services.layout_extractor - DEBUG - loaded 47 relationships from ppt/slideMasters/_rels/slideMaster1.xml.rels
2025-11-29 08:19:00,525 - services.layout_extractor - DEBUG - Slide 16 master: ppt/slideMasters/slideMaster1.xml
2025-11-29 08:19:00,527 - services.layout_extractor - DEBUG - Slide 16 parsed: 7 elements (fills=1, borders=0)
2025-11-29 08:19:00,527 - services.layout_extractor - DEBUG - loaded 3 relationships from ppt/slides/_rels/slide17.xml.rels
2025-11-29 08:19:00,527 - services.layout_extractor - DEBUG - loaded 2 relationships from ppt/slideLayouts/_rels/slideLayout23.xml.rels
2025-11-29 08:19:00,527 - services.layout_extractor - DEBUG - Slide 17 layout: ppt/slideLayouts/slideLayout23.xml
2025-11-29 08:19:00,527 - services.layout_extractor - DEBUG - loaded 47 relationships from ppt/slideMasters/_rels/slideMaster1.xml.rels
2025-11-29 08:19:00,527 - services.layout_extractor - DEBUG - Slide 17 master: ppt/slideMasters/slideMaster1.xml
2025-11-29 08:19:00,529 - services.layout_extractor - DEBUG - Slide 17 parsed: 7 elements (fills=1, borders=0)
2025-11-29 08:19:00,529 - services.layout_extractor - DEBUG - loaded 3 relationships from ppt/slides/_rels/slide18.xml.rels
2025-11-29 08:19:00,529 - services.layout_extractor - DEBUG - loaded 2 relationships from ppt/slideLayouts/_rels/slideLayout23.xml.rels
2025-11-29 08:19:00,529 - services.layout_extractor - DEBUG - Slide 18 layout: ppt/slideLayouts/slideLayout23.xml
2025-11-29 08:19:00,529 - services.layout_extractor - DEBUG - loaded 47 relationships from ppt/slideMasters/_rels/slideMaster1.xml.rels
2025-11-29 08:19:00,529 - services.layout_extractor - DEBUG - Slide 18 master: ppt/slideMasters/slideMaster1.xml
2025-11-29 08:19:00,531 - services.layout_extractor - DEBUG - Slide 18 parsed: 7 elements (fills=1, borders=0)
2025-11-29 08:19:00,531 - services.layout_extractor - DEBUG - loaded 7 relationships from ppt/slides/_rels/slide19.xml.rels
2025-11-29 08:19:00,531 - services.layout_extractor - DEBUG - loaded 1 relationships from ppt/slideLayouts/_rels/slideLayout43.xml.rels
2025-11-29 08:19:00,531 - services.layout_extractor - DEBUG - Slide 19 layout: ppt/slideLayouts/slideLayout43.xml
2025-11-29 08:19:00,531 - services.layout_extractor - DEBUG - loaded 47 relationships from ppt/slideMasters/_rels/slideMaster1.xml.rels
2025-11-29 08:19:00,531 - services.layout_extractor - DEBUG - Slide 19 master: ppt/slideMasters/slideMaster1.xml
2025-11-29 08:19:00,532 - services.layout_extractor - DEBUG - Slide 19 parsed: 5 elements (fills=0, borders=0)
2025-11-29 08:19:00,532 - services.layout_extractor - INFO - Extracted 19 slides

============================================================
Testing Template Extraction with: /Users/odedmarellie/Downloads/rewritten_examples [Autosaved] (4).pptx
============================================================


✓ Successfully extracted 19 slides

Slide 1 Elements:
  - Text: 'היכרות עם האריה: תכונות, בית ג...' (Wrap: square)
  - Text: 'מידע על האריות, חשיבותם בטבע ו...' (Wrap: square)
  - Shape (No Fill)
  - Text: 'טקסט כותרת תחתונה לדוגמה...' (Wrap: square)
  - Shape (No Fill)

Slide 10 Elements:
  - Text: 'שרשרת מזון ותלות הדדית בטבע...' (Wrap: square)
  - Shape Fill: {'type': 'image', 'image': {'embed': 'rId2', 'src': '/assets/images/slide_10_el_3.jpeg', 'base64': 'data:image/jpeg;base64,/9j/4AAQSkZJRgABAQEAlgCWAAD/2wBDAAgGBgcGBQgHBwcJCQgKDBQNDAsLDBkSEw8UHRofHh0aHBwgJC4nICIsIxwcKDcpLDAxNDQ0Hyc5PTgyPC4zNDL/2wBDAQkJCQwLDBgNDRgyIRwhMjIyMjIyMjIyMjIyMjIyMjIyMjIyMjIyMjIyMjIyMjIyMjIyMjIyMjIyMjIyMjIyMjL/wAARCAQZBPUDASIAAhEBAxEB/8QAHwAAAQUBAQEBAQEAAAAAAAAAAAECAwQFBgcICQoL/8QAtRAAAgEDAwIEAwUFBAQAAAF9AQIDAAQRBRIhMUEGE1FhByJxFDKBkaEII0KxwRVS0fAkM2JyggkKFhcYGRolJicoKSo0NTY3ODk6Q0RFRkdISUpTVFVWV1hZWmNkZWZnaGlqc3R1dnd4eXqDhIWGh4iJipKTlJWWl5iZmqKjpKWmp6ipqrKztLW2t7i5usLDxMXGx8jJytLT1NXW19jZ2uHi4+Tl5ufo6erx8vP09fb3+Pn6/8QAHwEAAwEBAQEBAQEBAQAAAAAAAAECAwQFBgcICQoL/8QAtREAAgECBAQDBAcFBAQAAQJ3AAECAxEEBSExBhJBUQdhcRMiMoEIFEKRobHBCSMzUvAVYnLRChYkNOEl8RcYGRomJygpKjU2Nzg5OkNERUZHSElKU1RVVldYWVpjZGVmZ2hpanN0dXZ3eHl6goOEhYaHiImKkpOUlZaXmJmaoqOkpaanqKmqsrO0tba3uLm6wsPExcbHyMnK0tPU1dbX2Nna4uPk5ebn6Onq8vP09fb3+Pn6/9oADAMBAAIRAxEAPwDqOuaaR8ozg07YBlsAN3OKXG7g8e1eedxEu5Cfl4NNY9DT2/H0qM9t340h3Indi/3R7EU7BchzSrgN0HSkIwAAenSkAbARkd+xpsnPzBTu7inocDsaYzc5GaaC+opCsFAz6VE2VG3uOKeTuUY4bqRUZyx+ZuKBoaXJxgHOKaMb89iOcU8kBffvTQ2SRge+KaAQ/KOOvamsMDBGQae3yucnio2BJyD1OaoRGw2Ngjr37UHAfAYYPenMx27WP4elCAY980IAOA2DznpTMEsccfQ0/ILjsPehBknBpgIPv5bAPrijJDAn5qD83AzwcUjYXuPrTAdkAh8dDyKYxGenApchsk8Ug4OCOtHQQ5D1A/CmkY4xnHvSA7WI6GnN6qD78UAw5ORx7GkJMbHjrT0DZ44B9aYw+QkZNMQLlkye1BdfLzu+bPPFMPDAgHNPdV2Bh1HXmmAhxs3nI9aFGQM4PGeOlISTySf6CnjjgA/WkISJSrljk5bocfpUnAY8e2aTBAB7duKBkDJHQdaBjjkLx19xS7eKemCCCf0oQDsTxxQMFHbNEhzkKfxxS8L26cVEW+br9BQAAZz6D1ox82QOOwNKVDBcHnrR1X1pWAcmdvIIp56/WmRkgdae2Ox7UAIcCm9P8KU8jkfjTT7/AIGhAI3Xg9KZ0p3PJ55601scfzoY0I2OvOaTJzyTilOcnANN75P86YBkBvX8aQnnuPxFKTzikBw3AGCPrTQmRuCQR0z1zUS8HuexFSuoK9Tx1qq8qAcHJ9QaaYuhKy98exqEsqrn8sUeY7naO3BqSO3iZsOWb60mCuVcSO2QpwTxircSFVAwR6e9S4iUbUzgH1poU7hlj16DvR6jfkCjIOeKZksvPp2pzYDehzSHp02/Sl1H0FyMZyefamE5PIpMA9//AK9OA4zuzWiM2M79aUn5QCBSkDJ/kKTGPy9KZIoIVMHmjgY69fyprZU0q44J60xDhyQcZFJyzsSMfhS7sAnmlTACn15PvQK1yRfoasxDPIzVdR27etWo+EP6VLKROuAD/Snjrk1GG596evb2qWaIm7kYpSfl/nTBRkZAzQIGyx4Yrzz701icj5eO5pPLUStJzlsA80/giiwFaUsuDnjtUkblhzSugYYNKgCrjkioSaY3sPHSlz9DSD8aQ+vWtLkhim9DxmnE84z2pPpmgpC8Z9TR+NITuGO9KBxzmi4ATxRgOpDAYPY0nt/KlB/nSACD2x7cUZ+lKD7ikbnH+FACZ565FKMAEjj8KTI3be/UijtikAvcUpI/Gm5+bvQeB6/jSQwIO7ijvwaA31+tBwckfjVXEGeTk0bsfd7UmeeB0poGDk9uaSGPU+3Pp6UHORjGD1pM+/SjI6d6Yh3HajI6CmcjPSl60wHk8gUYXfkAZIxmkH4e1HRqBChQgwAOTnmnZ4/wpoPtmjOB25oEKORn15Oe1AycY/Wg8j+dGSODzTGKRz6UlAoB45GKQAP5UEZKkEjB5HrTTujBI+f2Jp/fpxSGgGcH/ClJwcU1uRgEg/SmhmAXK5JHJB4zQFyTJ/A0DpnFNI/SgkLjpzxjNKwaDsHJ9evFLTc/MvfNGeoxTJYp9MZPtTcYp3QUh5H175oAbwfrRmj3GKO2aYhrkgcc03ODx1p56c4455ph6U0MYw9SRnikK5XHHoKe3uMn0owMik0Mz54yVDgYZT61Gx81Aw4PfmrzLg842kdjWdJiGQgn5DwT/WnFkyV1cgUgnYxHXriopI/lYYGQeKsmPHHoc/WonXDcAZ2//WrWEveOerFOFzZs7wTWSHP7xflYd81LtCLub73X6Vj6TP5N4gONr8EHsexFbUuMEZGDxzUVIcsrGlKSnG5GjZJ45z61OhHX071SQkNjPHpVlDn6VnY3LBAz25pq47jHrQGyOTSEhBubAApDFJwcDnB5pccHj68UjIGIOOhzTk4yOpFAdAzSHJHWncU3dkZBz24NFguNz0BHTnpTfm2jdgnPUCnHDAqec9sUE5x2NKxVyNick5PPOO1AU7cE9uuKFb7wzgjj608ttUqcFupwamxSYzjdxSrgDn6E5po6dODSv8p9O/SmAuc4Azkjin59xgHmoo+m4AjPOCP6VIxzxjHPUGhokRjycEEA0KSRknAPSnYxkDr06UwfeI460hjlJLA+g4xUind1BH1qE5znpgdacjc8DpxQgJCDu5Ax3qI5PTpTiwHB7+9NPJOG4A6U2gWgoIwCvf8AWn5wucAZHeoyp3cYwO1PypwSMEUIGG3J5P5Ujbs+n408MF6d6AOWcGiyEOSUqeSfpUyygqNuRVVsnnrz2pVbHU8UKVh2NW3uMEK1aMcuRntWArbgAGII6Gr9vcDgN1rWMjCcbamtnPGevemOuKjjcEVKDkdjTITIWGeaKeRnmikMwuc9f/r0jMQc4GBTjkHrj3qNiWHPBrm2NhrMM9Ac1F94kk9sipMde1IQrHb0OMUhkPDMDnGadtKHDEn0zQq7SV7n1oHuScUkMaDxtIB9OOtIeDkD6inqQpoyOCDwQPwoAjGJBuXjNMJUggjDDpUmTnrzmjarMRtx70wIPvd+R6Cm5AJIPFSkAHI+tM9TjimgGMSee1IwOfXvTlYdCT1pzrz0x7VSQECtlvmBI+lOx/wHnqaXaRk0wZ6E/jQIV8HIHQ9KacoQAf0qQ4zjnH86MdwMge1NiTGZ3EnkHpSHGzGAalKgDBIPekULIM4AIoC5FsJ+b061KUPygZwewp23C546ZOTTQdw3A5B5FUJsVlHDY+YdqYcKpbp7U4uRlRx3+tRy/kOuaYD9yg43defpTFBycEnvTCQvORn609C2496QXBgWyecjvimKrBwCcjuM1Lk92Oc80x2ZpM4+XGPfNNgIAu7AyaVerEdCc0u3Yo46+pqRQMEe3IpANkwFx+VCkh+p5FMYHeD09Kercdc0DQpZVycD60qy4HHT09KcwDLzgc+vWm7ecEdB+FMB3mbiVI6EjrTT/rBxgU05iVmjTq2SB3pxBYHYcHjP50hDsZYHkGlAHQfU0nXrwe1KpGc+vvSGGORjpj1p3bnvRxyccUhOT6Uh2EIycetJjml2+tIOSeD600ID14xTT6H9KXj+tBOaAIjxz1BpPrwf5U8kdx06Uxio5PT2qgG528VXkuVjBP6CnMZJDhB7ZPalS1VcMV3EdTQCKjPLMcHhcc8HpQLeTHC4x3NX1tgMnAU5zmnrFgltwY45pFaFa3i2jc4x74qx94nJAAGaOnTAxQSehI565NADSiDkDr2FM4Pt3zS7hvxszx1pvTsabENbBJLHPuKaW9Tge9O5cfeA9zTSGxyQR7UJEtjenX8jRwpP1pACe30pD1wMYx2q0Q2L+H504Zx7mmrn0FPySeP5UCBlPQtz7UmAFwO9KFODnqe1AXJPTPTrVCYcHOOmKdn5cYFJtwQO9Lt56dKUmCJIQSOB09qtAjOf5VBCu0Z61NikUSrg8+tSDt6GokPA7Z96kUDngVNy7aDx604EHPFNU8A+tKQD0piA+/elxSemTSZIHJoAXPsaTPej6/lRxSGL/nFAyQDg/TPSilyMY96YhrLkhwAXB4JHT1p1JyOP5UZyc+1AA2ApPYc0A5H15FIRxS+3NIYdFOTxjNKPpTSAflYA5GMUv3RntQMdRntTSw27v5U76DFBI38MGl7gUhP1o/E896Qw7dO9IcdufpQQfXjvRk+nIFIYDpn+dA6YBzRgjkd6OfemAdu1NA2qFAHFOOe1GQfpmhAKPXGajZtrqpBwTjgE/wD6qdn8O1L/AA8VSEH1o5yOmO+RSYwetKOnOeaAH8c4OeKb2+lHfilB5/nQITODilYnjp7Ck4zzn6UnXOM596AFLEAZBOTj6Upx19KaC2ef507qKAFU8+ueRSk8/pTR9aXPGfTvTEL/AEoyeoHfvTerZ3HHYUEnPNADj16j6UMcDGCcnjFJnmlLccDPrQhiDk808dOR19qjQEoCwAbuAeBShs59j1qWA7OTjv8AWkPb39aUDv0o57jiiwC8n6UYbt0o68UmcE5PBqkT1Ex+FN/L3p2T+FNPHfmkMRyMenY0zOBjsKU/eBJ/CmtycmhjD8enbNNDc4yCeKUH/J70pAznjJ9qYDG+ZetU7uLMeQB71cwQPVaSRc5A6YqLlIzbdgw8k9V+6fUelOaL5Tzg7aZKjL86/eBBBqzG6zhZOmTyKuMtbmdSDs0Ye9xJvRvmU5H4V1Ik863jlAHzKCa5qWB/PcdASSOK37BStlGpOW259+ef5EV1YmzimjhwTkptPYQkZ49alVulR4IOD264FOBGeTnniuO56T3JgeSSev6VIjHOOuajjAI5PfgVKdoz0GB09KnqPoOJ5zSZ5x296aWH4/yqNtzSjD4GORjg0xMlZzjAIz70cY4quCqtkEnPX3qYBjyQB7VWwkLjPUnp1pRke+aUAdBk4Pel74qLlEZ+/k8Y4GKZgFs4OAKmZcjHt6dKjIIORnPqallIaCvbn3p7EbOAT3PNMcEnFCDChaFuDHbgRjIz7npSSLhUCAZP6UADcWHXGKC6gHccbabEhyggY74pP4v6Z5pxKgc/lTR8xBIAX2pIYpU4B65GaTrgAZJ9/wA6G7YyMU3dhjknH8qbAedpPzLwemRSEELhVyCcEKOKFIJJ5NPztzimAoOBnHGMGmZ9eT3px5z6j8qYT82OPxFIB4YcdqeDkAdcVEAcYpRg/wD16QIe7EjC8CmZwc44p3OOc9KPbPT1o0ARZNpHBznrVuM9x1qpjb0FSROQcY/OqXYlmrbz/KMnmrqv+VYysQwYcH61oW8wYACtEzGS1LnWiowT2/lRVWIuY5z1BqFz83tnmpXbH09qZnAx1zXLudAw9PlOaTAA+bJPsaeegZajLMSAVqXuMdgjJyOOKZhSCOfrQTjjqO1Rkbm5x17UmMM8dKRGAOcZ4pWB+6AOBxSBPl4yCOtK2pQwYY8HFKnJ3Z/WlKlAQcnPekVWzk4qkhdBDycHpmoj1xn8KlYZPAx703aMBv5VQhq5ByQaa5JzxTwOOSaZ0Ybe9O4Cg9j1PakbqfWg4HOOfegsDn37076Esb1GOnrTgB1yeDTSMjnNLk4HOKAEIyQOuT1pzjDfIOOtOHTdgUEjHAPP61SEMY7iB0yORSlxnAHH+eKMcYzzUKs3AZhn1xxT6iZLIVJ2g8nj6VER8nyNkDtSBSSWY/MTkUm4YxjBOcAd6qxNyMt5hAJwAaeDt24IwRkmoJABtLkbs4yOlNL7SUDE44OOlFhXLmAysf4s8Cm55IJxg9M9KajhhlCDjvnGaYeZHbJ3EAH6Uh3JUbdGMc5707I47ZFMhjBwc49hyKkKYA45qWWhdg7Ekn9KVvT9aRVbcAc49aexGQpwM8iiwxuMjk8/WnbeOcClUfJjpQOVxkEigYzOcbhg04cAEDAPvSN93uBn9KdGPlz0pXAdt3LjPakCc8nkdqk3cZzTFkDAUmx2DA/+vSHOcdvSn/WjgA8YoAYDznv70nG7p0FO6d+tITgD+RoFYTBPIpm7jH6UpzxS7f8AIpoCPDN0/DikEB6u24n1qwBjoOaTnPQ4p3FYZ8pHHb3oA5zjpTiD2xTfx/ShAJnj5e9NLPuycYp/Xkjp600jufyoAbkE+5pjZzz6U/jcePpTX5I44I60hjP4QQePpUchOV4x6U/ac7TwfpSFWHHTiqQiMKUBAOR703GGyBj0qU8kj8cYpoAxkDFMRGw3f14py4ByRz+opT3BzRt6g9e5q0ZtDA3zdOvenK3OAcntSYGOccmnj5Rk9cfpQwGMc5AIpU2qRnkZpwA5Yk/X0pD3zzzQFhyLuOT09adjn2psZI69x0qWMZORUlJEsQ5PA9qkxz15NCjincdunapkzRIOhwD9KerfKBnnvTPwFPAwam5Vh6lu1LuwATjHbmmDnNSfw9apEMTOcEHim9+e9ByMKBnn16Uce1MQoI9Rml/hqMgkggjj3p3fqKB2HAUDJ+mabnA+tLnpimIcP5elJxj603J3AcFec0p57cUgHZ5zjikLYGTwByaO9HAOTzTAUHK5HNBwwx1yKOOtJ6ZosAkSqEyI9pPUGnk4UkLn2HekAGTjv70uc0gGg55xj2oLbWAOMnNNXdtO8Y5OAD2pSu7hhweMUhodzjJpD17+lJjaoGTgUmSD6L3OelLyGO/EHmgg44/Cj6dutJn5hVCEIPv0pVxjNHWmqyvgqcgjINAxeefX3oTgZwDilC9R0pAgUYJJ96BC9/65pAxyRxj1oHpkGl7UBYcflXOM01c9xgnrRkjpSjJPNAWHHp160ZyOO1Icc4pOpz2/nTFYTDHAyQxzhgOlPwQMU3Oe1B98/WkNIcPb0oYBlwRkGmg44z0pf8jNFwsIOvuTQ5bI24znnNKRk45/Ckx8wNMkFPcGn9sAimjrkUo656fhQhhyMbcdeacOeuPyppHpngUKVIB/Q0IRJwDjFHH4UgPalA9qYgLCkbnB7UHIU9c9qXk8/wBKQCe2eaRhzzTv4e9IcHg/jQBE4xj61GeRk9qlb6/SoehoGAPXPr604j/61JjI9KXvkdcdaGA0j/8AVSnGwjuO1BA9Dj0pM/NnPGe9SUitOgIz61StS0U0iE8Fdy47VpyDcWU8jtWdKD16MuaUd9RyfujCcxhsZOKvwSBYYyOgUZGOcVnRn5CPfjNWLSUg7CeB0B9K6XrE4U+WZccLv4PXkc5pyetN2/umHOV5AzREQ+CDnNc9rHbe6uTDgY/IAdKUscAD601iAvXA789aiEu47I1Z29FH+cUxExcKMn8aSLdNyOE9f8KSKNVffL88g6DOQKnaRjkk/pUj3ECqv3QcU7cfrSDAOMUp9B345NCTHoKuE4Ax36UoY5BwD6UnbFHBYHuOBQApyc8YxQR601mAYA8FuBTh1qWMYAOR6ntTX56DI+tOXcc7iOpxjjj/ADmjuOmT2oK6CF8FRjlulHHlknk9uaQjBprE47getAhFAGSADnmpFXIxjjHeo2UA4I5oPACnn04o2QDifl4wTjAH1pqgBywIwT1zSFwG/pjFETleWwSeeBQA/JzxkZ70oOMjIOO3pUb5IyepNSKCBxgL2ApjF5Yjg4pzAAZK5bOKaw+YNnAx2704MM8Z+madhCEncflx70qjkHvTTlnJPrigD1+v1pMEP3Arg59xmlXOM+lMPJ4p2M45/WlcYo570DcMA0q4ABP8qYwLHOMUxMsh8Dp+FPSQxvuWqg45/mKf5hBFUiGjZjl3qCCKKy1kdR8pxRWnMZOmx+OlN6H2p7c89RTcHH06VzWNSKQgtlRyDTSWJYg4zxnNOkI68UKwYhcEeuallDGK7cA/h61H82QccehqaRQWODz2xUYBBA6+maBobvII/nQc56AZpWOc4Az6UdRxwaOggOO/B9aYOOnPNLg5PX35pCncGgYc8ZpjY5FOxzjPfHFMI54xzTEAJAHSmde35U/IzigjI6AY60DAY7/hio2UZyDTwMDqPrTGGDnsR2pkiAHB496VQSCTxnvRn0FO43Z4HvVdRDzuYZ4GDjGetMAABHbHFNLHJwCMc09W3Z7cVRIxtqBuTyB26VAV3fdGcDjJ96lf5huUD/GmKoVwxAzj8qYmRnJcPuyvU57UqKzncxBx05zxTn+VSwzgnpinMVWBsKenA70xFdx+7kDEnPOBVZUGcSOAR0JFXLiPau44GOuT+lVW2tgxqcheQemapES3HrlRwo+UY+XpU8QyT2yO9RCMq/c4GMnoatQxBV55Pf3qWy0h+1e2KkCKRubtTCSq9OpA6U7fj5QucHGaksZ0bp0pWwTzg+9Kx4JwfpTc5UZ70MaHHtjpUbFtwyOc1IDheOB2pu0uqsvP070hjgdx/CngYAzjnrSKSF6HrS56EfjSbGkB5pAoHTHNBIx3FGRjIz7UDsKSAOc9KTdjPrSYJPTPqM0u3cCBxjpSAQDdj/ClEYXj+lKP/rE0vNCAaOO/0pM9v5Uv0/GjHYCjqIBSf/rpcEA4HWmnGO54qgDpgGg9Oxz2pccdOlAGec/Q0XCw0gnoAP5UnXrk+tOz7UevAH0p3CxHgcenpQcZ5/Cnfx49KCc84+tJCZGyZ7im4JPTrUnv3pMn8+aYiApk89u1MbHUDA/nU5759PWkK8H1xRe4WINuRkk8e1Kw+XpgVLtAA7/hUbDjn1q76EiHgDHUU4LwC3TPWlI4PqepxTHy2MDj2p9BDFUyNtApT8zYFKP3fK88cinINynj6UguLGAzfjVlFwcCmRpgYqdV+Y4JGaTKih2BilUDZzQeKXnv+NRctDfXNLgYx0zQaRSMenvmgpEgAAwDwKf1+vao1YgDPIxTzyOpqkQ0IRxgU05Jxgjn86kBB5J4NNJyaokYQe9HfrTiCBnHtSY5we1SMMDt+dJz+PalzxRmgAUAZzTgwx6U36mhSSvt700DHAgjqDRn1FJzS5zQIMgDrS+nPWk/AYpT744pgLmk9+KQ8CkBJOCMYPekA/jt+tH8OMU3oMUvTjjilcdgHr1789qawBG0hSDxg96dux6Um0A8YFAC9+tJ35o789KP4d3FMBSB/wDWpBhTnGMnJo3DJx24oye/SgBep9u1J/WjtR+VAhO/PenAjI459qTjFGOuaBing9OtJgE4xSg4OPSge3r3NOwXFxxSY75NKCDnHXPOKT17UMEJ275z3ozRj2+aonVi+5fpj096QyQH0pR64qLbIDwB9KPMwfmGPejYdiemtuK4Xg5/KkDZ4z+FO96ZDQvSkUkKN2N2OcGj2NHamIfgUD0zSdR7+tHIbP50kA9QQvJP4mlHvx9aaDjP9aWgQrAZAFH1xikyOvalyf8AJpgKQMdaRh2zijoOaMdKQiFxkdOcVGc571K/X+VRN1oGKCcdvWkcBl2tyD1HalwKQZ6D6nmkxoGPp6UhHHPI70vpx3pW61NykQOcEHpUM6YwR371NKBgHAzTD88eOCwouMzkG2QjGe3FJFKscuWJ46e9LcZDZHXBH0NVOGNdlFKS1PMxLcJI3llBZSDkMMdPy/rUQUQyuw4DH7uOc1TilZYk65U459KtBjvMhzgDt6+tYVIqL1OulPmimWBG0g3y5Cg/dz/OnrJ8uxAFTsAMA1EJA6rjnHpUseOuAPx61nc2H87snmpF5XcD1HWjAxzzRjGTxt7ACpuUKvzHI6ZpQvJyxOTnnt9KPTOAe9KQSrAcH3FUK4oPbvSEA9aTHzbsnIpdpL53Y9sUmABe360cMBzxjg0Z5wOnfFAI75qbFXD+HAXmjGARweO9AUDPPvRxnj9KEgvcbjIxn8aZ5YUAZJA4y3epAckDmjOB1/GhDGsBnP500EdR17nFPxz1HPNHRvoM9KpAysS7TdTtHAHoKcWBX3of5SDt6tigZBwOg4pWESBTng5UDG33p/OcAZ7VFuA4A5zinO6kkqQCOuO1MZIFwo3OxPr60zrkcjGMntTBkHkk596cCCOpHcUkBIO+ecCmnnknge9NJIUgZIoIZuhpXGOHbOfSjn1GD7VHyFXcMH608HP8PA/nSH0JMkjnGPalQnJGPlPWmdR0p4JPQE0xPYRgd3bj9abuHpzT1VtvPTPemnrjv6CgkVSGHU5HWioxuA+T8aKALsYaOMIx3Y43etOPXjvTs5zTc4bikIicADA61EMo2asZBznOcdKhyWYjAx9ORUtX1GgcZ+YEE+lN3ZO04x/Kl3IRtPB7fSlaNcfe5AoAjZQnXlj1pgJDYxUhzt/kaYGBznvSY0K2fXpSZx1pxZSo7cU3PegVwbAPynpz9KZwRnjmg44xjj0peAOCfpQA047Z5NNPBxwcU8kDpx9KTqxxjB6mhANz83tSEHn1xxSltvpijdjGB15NNCI1BDdetSZ4IJ9sUmM5OaTcO/HHWrExu8g9OcdqFyQdrAkUE54piAksy/Qk0xCtlQOee3FNVtzOSe3AoD4znhsUqld2GGCeBgVSYmLtypCnJ7imrvZVOSFyMnPPtUmduCGbjg4FRM4jKggkMeRkcU76iFkxMo4245x1qMQ7BsRgMkHP4VIXDfKvy5bke1Rq2eW7nA9TTvYVrskBAO307kVIrHOB096bGq5DZPNS7QenbpWdzRIdg7VHQnikAIY85HqKCcYxmkyTkCi5VhjEbxlTxz9f88UOu/5gSMd6WTrgKeP0p6N8pB46daXMPlGrknJ4OO4pygD5V49ABik5zyKDnsT1qWylEdzx60mefSlAO70zRt5yDyKTHYNpyaQL2By3rTwOO/X65pAR0wM96LsLB1Of607OT6elN546fh3pTgZJPQ+tMkOMkUmOQaX72eMCmlf4RkY96aEwwR14pfqM596cFA9+e/ak7Z/LmgLDevJOab824HI246HrTsEMR6UmOvpQAbiQOmKCefwo/HGaOQOmPTFMBM+3WkwN2R34p3IGaTG1csfzFACY9ifWjGR0xin/AK0c7un4CncTIto5A7dqaevt296lI7gkZNMOMYA6DrQmIbtxmg8844pS3T34pGBGMCmJEZX2owCMfrmnnkDsBTdgJyPxqkJgoAB+bGKicMxJxgfyqYqx4HHNN2E9celNAQhOep5qeIDGcdPagRDIOPwNTKuBSYIF7euOtSqPWmKO35U7nI5wvcetSmXYOPwpM9/50uePWmeopMaQ4nimKefX29KOD0605V44oKJFyPf04p46dBTVYDg+lIGxyaaIHE4IU59c9qMgj1oAz35pNvzcdadwsGeO/rTdwbOOxwQadhgBzUe0Lk46nmkA5E2qFAOAMClIwetKOn/16PrTJ6jRg8BskdR6Uo988c8UHqSp5PXikz+dAxTSgAHdzyPWkA5HNL15z+FNEi9eBxSg9qbnnIHY96dnFMGB5poDhW/iPUdvwpR7H8KF6/ypDFI9elJxjjj0p+Rim9x82B9KAuJjFHuelLtOOaPYUDAkAhSwGe2KCfUig467cn6c03OVDFSDjoe1ADsfL9aaen0p+frmkOCOvFMm4inP0xxSn9aOSMe/eg9frQtQYd8jtSSNtTdycc4A5oH9adwfbimIaBk56etGT3xik3BgRkHHalBxjFCAB1pw/nTB/Kl5BGDikMUAckc59aDyuG6Gk3cc0ZGOetDAViMdqb1PIx704Htx+NGQaRSIvKGeMr/KgllwD0xUvXtmlxu6HvTQmRCQfkaeuCvBznkGhoQwyDz2qPZJGc/eHJHHSgkmyQOaTnccGoDIw6g8cc0C6UZyCB6kcUagWVOVOCOv60/ioldXB2tmnggHBNDFoO56ijI9KAwzwf1o96AF24APWg56UvbvSDIHJzimDI3Pr164qEj5/wAfWpm6f41CTz060noJCZIHP6UmeOvalb64o5xwKVy0KcFece9B/DPrRyDyKAeecVO5SGyLharg7Xx+XvVlvXHBqtNwR056miwEF5HuVmXkEdKwlnK3W3A67eO9dCTujOMA1jXsAWVSP4WyT612YWSvys87HQdlJEsT5O1hjJq8JSz7exB3c9azYT8w561cRtkqsFyVODRiI3WhGCqWbuSpJsbaSPf61eicPwMDHUk8VQuV2TLKGBjkwce9TWUo3sMg46Vx9D02aYAI/D8KN3zEd6jEnPTmpB9Mn6UgJF67uBQxOMKDz39KaOnX6U4YGcmmiQA469KD19MUm6mM6A4yPpT2GmP4prfe4PTt600MOxzx2pNw/D6VKGPLfLk5Ge2KQMBn+tM3DH0pdwx1HtimxodkdOetNMgAzk5pGyVwOR79KasG7l+cipKsNaXJ24LBuvI4qRSc5wTkYz2qVI0TOABzS7go4GQOMYpp6AIOh+tNdTjpnHTFPGFXAUDHakyAwUgZI6UxFWfIT5e54HSooiA3l/N7nPWrci4HOcAZ6VXkC4XA5PXNJrUaZIGDDkbc5JGadyq9OvFRhgANhOOmTTiPoDjjPrRcB6DI+6OPejcFb0zxmjkdcfhnFIm98NtK56Ke3pSGObhlzz9KMheQTgnpmncMQPTkYNM/i64osA4HOOw7cVKpwctnAqEDA5NCsfXg9eaQWJy2QTnGaYQOg6Cl7HpnGOaNpB5PHpVIkj2nOAcY9aKkYFjRRYVy6OT6H0qLLL1+tOUcZzjHWg8rgH3qBjGY8cfWoy38XT2NSMeB9aazjHTn6UgGMu4jgflTd23Ix19qeHbGRxih9vHJJNICMZO0N0HB96YdvWpVYhTuAODimdV5U+lAAMgAA9BSd+QRQWx/hRuPfoO9NCGd/XmkJHanNhRmmkYbn15oAUZJAHf1prDBNKCM9DSe57UbDEB4JOcntSbjtxg5z+VKxODTWyTx1+lUhMHbGABUOctjnPSpGznrjHpTOQcAgketO4g3Y6/KeM0pwEOM8+lJkZXIJPcUO43blULt9KHuBE23fg5z3GelIZCSNhOCetM3fxkcnselOCqfmAGenNU9CVuOPmYbPQjp7U0kDk55OaarYDAk+2T60DLEYIxjgn6ULQGOVTvHpgA+1SFE3YGB3oV2IHT3oMRLA45xTbYJIeijIAJ9QPSpEOflHbg5ppHljLdumBTlYrgdz3qGWh5yKCBjB647Uir+9JwOnWpGUbqllkUjYO3pQmDtJP0ppXJ5Ip4QE85zmkMUgduaXBK9B19aQDknPAPFOIIHHekUMJKnIHFKvrnH1ofIBzg5Hc0zJwB69KGBMc5pvft09KTknnGByDSHO7OBzQBJnvxmk46dvWm5IGSPoRTVOep5NO4rEuD0zTSOMZB5oDZzxSAdKdybDyT6rRkdOKZkk5/hpQSe1MLBlu+KQ88Hn2pS3HP0zmjr09aSBoTjjuPajHPOKX0J5o49OlO4WDnt39qQ/Kfelz9aTtyeKAFOOTntQTxkikJB7H2pPUUCaEyCcHuOtBwOce1Bz6j2pe/oO1WiGNP8vWjndyCfSlIIPXkUAEjnHpQ2CG7cjoPpSMCDx361IQQO2euKGznnGPTFNMGhir1Jo5wAQAAKfg9O1H0ptiSGck9qkwQf6UgGWyDUmB9alspIb6H86RgeDmngHPI4pDn0x9KkobzmkxkL3/Cl9u1IACRQMADu6c/WpFAHbjvTVUd+1OPHFUJsU4Izjp7UmcDA+lKMlRg0MpHA4xTJuJSg45pp7jHFHUVLKFBpSM84/Gm8UqgAD2piELYcLg88+1O564+tLnIx2o5xTENAyM560EHk5pduMsOp6803g/eAIpXAGJ2EgEkUBskgdjS4wKTv/OmIcM9aU9OlM6kEH5acB3/rTAFxnOMUvQYH4UlKOoOKBCgjvSgUexpOn+FMBW6DFNBoOcnpSE8E4z6c1LZSHE5AIptLkbeevak7cClcYHjkD5j707POab14pwHcmnfQkMAkUdh70o4BPvQORnmqQrDepIzlh/Klyc89KN3fFOHP/wCui4hgUAnb16nijHSl5Hv+NIfTvigAzg+5pvzbyScj0A6U7/Oai2HL4kILHIIH3eB/n8aQx3NKO3PWkCkLjJ+tOUtgF8E5zxTGHTpycUo559BSAYyeeeaDkfSlYBSRyMge1OB6AZpvf3pe3vnmiwDs+1KeB7e1N4BA/Knlgw+lNCG9RzxnsaMDHAHJ7Cl7/QUmcjIoAjezgkzlduedy8Gmi3uE/wBVMJPZxg/mOKmyAacD3JAp3ZPKislyFYRygxyf3X4qyCGxzxRJ5M0ZScK69vb6GqB8y3O6Fnmj/wBoHI/xp6Mltpmgfp0peQPl5/rUENykq8HHqKl380JWFzJjGYEY9T1AqI9OcfhT2ySTg8U0j9elJlxGEkMeetC/eJz04IpxA3cn86SPJUnB5qWPqBzuBI4pQOe2TQRz6Uox61HU0QHOcnGe9Q3EYZDj73Wpz+n86Zj+HpR1Az4WO7n6YqrqEfOQSWIOBirE58q4x2Iz+P1p8gMkX+0BwMVrTlyyuYVqfPBoyogAAA3I61ZVto5IxVUfLIwB4+nSplJyRk8eorsnqjzKa5ZGi6/abCSMffXkc96o2UpVlJJBPoOetW7J/wB5gn73A9jioLg/ZL7btG1+QR29a4ZaaHrwd0a8SFhzwM5JPU1MuBgY4xTLcgoOpp+4gnOMY64qLDTJB1qFplBxknjrTZZ+MfqKqu/fJ+lO4WuWHmHT7zN0UdTTSk27OxWz2D8/rSRoUXLdT15FSb88AZpX0Go3FET5y7KnsDkj+lP2RAdM47k80g3HqcE07tRdjsgCqcMpIo+UYx170D5SevWm5x90UMB3Xj06Z6Uo+926etNUMBznJNPx2AFA9xR7Dj60FW3BgeAOVx1pOR37+tGeKBMUnnrSE8gn9aMck46UdT+HSmA1iSuP/rVDIgyCF5xU+cnBxj1pjqSDjb7fWlqBCFIXAYfU0Y6gj2oeNio559h2o34G0dfQ8GkUh3mBRwcn0FIkrZGAMfxVGN33W6ngChUYHnkDvUq42WQcq2CMUmE3l8kZ46nApoO0Dmk43hgSM56dKdybEhPHHUe1A5J6YobnqBn09KMlTzj34pgOySMe3alBwOnPvTOQCDk0e1NA0OJYAYxz6mikDf5zRUisXTuBYN0J49BUIhl+1iQuPLCnAAq0VDj60nIGCO9TcCNhkHkionV9pPUjpVlgGFQHC8dc9qQESfMCCMH60hA24b8acSWOcYoA3cEfWkAzIBO37tO+bBbPFKW+XHbmgEr97I9aAGHG71oKjbxjpzS4Uk8daTpkA/WmhMZj6/SkOcDP86fnk8cj9aazevWmLqMGcYx+lIuT0x7CnADqOgpoAHPNMYmDweM4oI4HGKd8oPt3qM9CR16UMBTgAuxwBUZKtwozj09aJRvgYgfMOlRb0Eh2ZOMD3poLDsDIwTnNNfy9pbk8d+KcQSOR05OKQlSg4B/pTCxGULAADgetLs8sA4APoO9TFsBeeQelRSncPl6kcgVa1IasMBHTpg5prSDO1MED1pwUIAOCfY0oyeNvQ8EelMQKS/fB6nsatc4yox71HFHtODyQOMipiPcggcn1qLlpApLoN2elCghsDtR5YyMk8ds1IB8vXOeOKG9BpACSOCBRk560FsHB/lUZY4xnr04qGWMLEnmnq2WAP8VDMjDaBS9fm5yOwpWGPLKDwCTnpTQcsd2PoKMlgp4BznpRjDHOeaQxc8f40gBGCCRmgsPQgDpkUgZscjH4U0OwmG6k/WlBOeRx6UuOhJxjrR97nsPQUAJu29B9KOoxgDNAOWP5gUEfMSSee1IBe3ek7cjr3zQME4x+NOJA6k88U7CDPIA6npmk+Ydj+FLwADjr700/LyM8GmIXknPXj6UDqO38qMk5yRikB9DQgHEgcgnHvScc80pIxkfnikyQTxnNACg9MikOM07BbGAOKrQvcOzGWAxpnC7qaETgYJJ69qOc9RR3wAMfSnAAdz0poQm0g80uOQKTOacOnemTYQD1/H3pPb3p3H60YxxQFhhBLUp+mPxpSRmjvn1oZSDFHU0tA6cUXC1gAwOvfmg+tKfQfypBkg5OT60hhR97qaB932+lIP8APFMBD+WaTIAJbIHrS4z3oJAIJbgnjNMQ8dKaWG7GecU7ocUgBHGckn0qiRwOFpC/qaBx1H4UhBwQGx70mAiZC4OD3o7EflxR05601gWdQDgZyTSGOxnAGDR93J5OBzgUueemcEGkz26k0xBnHPFOBH40znoMcUv1oGByxHJGDnjvShgBz+dITgdfwpqFhu3Edfl+lAEh5GeKQN2pm75tuPenA8c/nRcLC8AYGBxTV3bRnGcc0uOM5ApwHX0FCYmhFOenIFPI5680ehBFKv8AM0yWJu5xjBFGcjpTiDigLzzTAYBnJo6Dn88U45HQUz+LFSykC84NO6fhSY+lLx0NIbGsNuCAfoKd2pNwz0oyexpiF7845peAABxxUeTnGOaXBz/OmhDuMUAe/ekAyMGlH3TzimA7GQB0pjqVPAyeOtP6fjR1oEIRxTeo+lOzkUZ5x2osDY2g0Ec5/Kg5wcenrRYVxCPT8aD0o7ZpcEc/1oGIgwuPb8qdnjkAZ9aTGBSjoMjH40DQoI65GKUH2pucfe4HTNOH1/WgA64OaOpOfu0DrSfQdaBArBgT/tEdOlNYnGen408HvzTGDMfpTJZGPn+YkkHoKfsLY4yakIAXITk9B60kh2JuJUADuadieaxTntyHEithgeDmojcyxf61CP8AaHQ1IBNdMGiRtv8AfPCn6etSGylx8z5zz8zcVS03JlZ6ohS/jYZZsZ9atIVk27eQPT8KpvYg582MH0ZTzVZoJ7bDRyMwHPA6fUUNJiV0acx2IzZxxxUyDECKCRx3rPtrxZ51judvqmDgMfT6+1aDHPT/AArOSsaQkpDcYPPagkY6e9B4/rSZHTngVmtzboLjqTkD6UhAX0FLztJwaRge4pk3Kd/EXiLhiCvIxVSCQSxZGc9/WtVhlehPasWM+TeNGenPGKQ+hFKm2fOMjqeeKA2AcDpUtwfnJ59qrBiD04rtpy5kebXjySLFtLsuVJPy7hk1c1iLdamYdY/mzWWMgFlNbQb7TY9hlMHjoayrwtK504WpzR1G6XeiSMBiQwHPNS3E5ztjPzetZNm6okagEcc1prC23zCmOPXoKxRuyLa6jfI/5mp4kYFXYYOPlU9R7kUGQQuG2/NzgnrninIGKgnqe9O1hp3F2Enk59eakUYY8gUoAPJwDTsYIzjFRYu+gvXsB9KTOPp9aUjIyeDTRnBB/nTWxLF3DnjHrmlAJ49aY33toyc8/SpVz2PSlYd9BRzz2J+lALbPmUK3cA04AHnGCKQ85NNiTGbjznt79aXcAM596D93sPxpm5mPGPwpDbHqQ6ggggjrR04z+FNzgE/lSdcZOGBoFsO527gfmHakG45yo9u+KASBz68UhccelC3HcAMYGc8dxTZBtGVAH+FSDLevSmtgnHt1psFchEilxyeew608N8vp9KTylVVAAGMCmhcZAIx09amzHcmLKOD3OOBUW8HABzjnNLjBGSCPegcnIOVPSiw7jgRt4zk9TTienX3zURLB8Aep5NODFl+9wKNgHfT/APXQckdM/jS4OwEHPHFNDDoD2z0xTdwFyewP50U1sHmigLGsAQeOx5oYc55pPvD0pVbisSRpIFIQGPHPFKfu8DvSZGcnjFAELgdRwe1MCp2fmpnUEEfyqFsJwT1oa6iAIWBx2oIOORmmEjHA6+9ALADb+VIYd+PTmmscnpx0p65zg455puMnGBwapBYaCGP1prJnqalUDOOOKYeARwapIlkWGHQ5Aox3wfpTnOPSoySvIwM+tMEKenI470Y646GgsoH3hz0pCx3Yz0oGNBVWG75lIweaRowpPlctzyR0FNbPU9KA+Dkd6RSdhpYqBnsOc96h3sH4IVeanB+XOwEBuahb5huTB559qdmSwXlifyNJsOzg4yOtPC7XJPzYzShsHOBj6dKCrCJGpUEt06cdKkUbcYJKmmJgseRyakj3F2BKmMcAj9ad3uTZD0BxkkCnqxAyM4PQUZCjjjnHI7mlbLLgMV/GgNgO4nnuKXG0qvb1o3MHzjpS438H6UikOI2j6/hTeGYD8+KTIJbKnI/Wgt82KllIN6Ix5Hrz2oPOR26YFMk4GAQc89KfgIBnjigBPu5weD2oXOfpTWdt4CgFecnHSnZ+XPrSGA6HIpuMfQj8qdjn1pvBPQ5NG4DhwME96Nuc9vxo4AyxyM9cUAhskDocHNCAMgL1Pu1JxnHJx0p/AGcE/QU1cdj9c0xiHrwfunjNLngAkZyOcUgxnqTxTx14z7Z6UCEGc5P0pGzjH8qdwCPUcmkXBG49R3pisNxwPbmlBwPlHanFcgZGaYSBgYI70hijpjH4UKQ3AGfWm5y5xwPrTug64P61SELgDrSgfnSA8DnGead1A/xoEJ1OO1KM9+fbFJn+XpSdeucdaEAdTTu/akweM5PpTvvVRIY9RmkAyvJp2MGkA5J4FFgGr9OacB37UvfilI9KTKQ3Az3NG0+ppX+RckfrSbu3NIYuDng0hPpSlsjOOvek4+vrTEJj+Gm49+/pTvzpMAcAn/GgBBuAGevQ4oJGduR0pcHIAzxScbvQ+tMB3vz1pTu3DbjB6+1JxtpQecc/lVJkhlt3+z3pDnJ+tGSeOaD1pAIemTRjn6Udc80erY5oQC9v60nJ79aXHHejk/SmA08A4prOyjhc5p7Z2kDimqTjnr7UgQ38qOc9MdqcSCc0bqXUY0EkZwfxpwJBxgfjTQcDn9Kf97oaYCbxjjqOtPBDHHoKZs4PvTY1EZYjnJyTQGhMFycnNOBIOOlIp45pVOR1znpxVIhjt3NICQTnHXilxleM03H/ANagBTyelNPI/wDr0oXnOe2KQk4PNIaEHp144pOWOc/WnqM9fwprLgj060hiYJBFIqvGgXIOOB16U9T2pc9s0xETAjdx+tG5gQNpIPUjtU35YpvPb+VACIWKAuF3d9p4pw68c0nQfWkb5gQeh4p3FYcSPb8qQBifmHBoAGQSTwMYzxT1AzxnJ9TTJaGt09KXtnFBPrzS4+fsB/OhDY3OTgj6GlPXHWlI4ppzj3psSDA70cfpSYzg5oPIyePepKDIJxj607HPHFNzzgdKUZJwOefypiD+LoM07t6U3sMnp05oP+szuwP7vrQMf2BpoHPt2peOvXindB7CkIaMhcNzSgDHpTgAetKwGCQMVaIZG7bOR1FMji37pp0Lc5UE8e3H+NSJCC2+RQTn5Q3YVJJknJ5NVcmxHv3c98YA9KN3Q+tJzjk9O+KQjnP5UhiE8nH8+lV5NpIyPmzwanOevFRHrnbSY0Zt1brMjL0YfMO2TVrTLzzx5U2fOAwpJ6j/ABpkgV8ggjHQis4Mba7yABznH8qpPmViJRs+ZHRt8q8DmovqSfpTt+9VYdxkmhRxzWDOiLuhMYGBgfrQTxxSnkUcZzimgE6D2+tY+pxeXcLKM4b371sY9+vSqeoQBrQlfvA5pNajiUBiWAMOvTrVVsg9P1qzabXiZGzjPGKiZCsmOD25renKzOfEU+aJFE4A4yePWtHTpdwaMcAcgE1nEbWIWrNk2yUHdgEY+tb1knG5x4eXLKzGp/rwgG1FY85681vWz5iyc5/lXNXDGK6fHHzk+/tWnBc/J8hO8nhe/wCVcdj0bll2827KgcR+nrVkA7cCmW9t5EJ3HMjHLemTTzyCCBQxoXOe2M/rSHJBUHaSPlYjrTvpj8KUAE5IBI6E0rDYhJC5C7j2oUNk5xjPHFKRn8KAD7Hv0pCE25GDjn0pw60uCRmkyu7g0DF3MMkqBzxg54pSeM/r6UA85J/SkJH59eKA2GseODj3NMTLZweM9BTn4Q4OKWMcAA9OKAuLtAXJ5FAPfqO1IWx97OM46UwsACR0JppCZIWAH3efpTeC3zHGPak5b5uFB9aTcuSM9efrTW4hx4HseKaoGcn165pwO71+hpcdBz/hSZSGuzCQIAeR1/z9aQY8vIOT70vIOcfnS5HPGaECKxZt7AjK9gM0eYIzhQ2VGelE3B4B5P40zJVfUfWo6lokLKT93IPde9SRxruz0HeoUweGPPpT/lCbQDRcbLHyEZzimMF6kDpzTA4BGSTz60b8jdTFYd91jmim7jjJTNFIZr8A0dOeKQk4JxnigYPXNZkB35oYBuR1+tKy4568UzOOlADSvPWo22kkk/nUxwevFMZcjgcd6YiAlAOnSkJ+6w4FObP3cGjgjGz25pJDGN82Tu5PGKYAwbH5mnnIPGBSjk5IyaLDuNK9OeTSEcnmkLAuA1G4g9eopoTQ05yeMYpjAcjuKeQScZ+tM43YAzVBYj4B5GcfpS5LYPQHrUp96bkkYoAib7pB5GOlMOeCQRx61K2AhJPOM0zhQoHOP1pdRjBuXuaChJDrkA9QelOLjYMLls03zC6joMGmIjLEADHPagA5yMkHmpXK43DqeoFRhTjcPyqShV28ZOc9OKlUnbtHrxUQbGMDJHanbiXzzzT3ET5+bkE0jSArkY9eaiZ9p5JIxTFk+YKVJU9atIlsspKr5OaepABNVuA345zUq52AZ+tJoaJh90kfpURK7mJHJ4p/VSEbHOenajygAp6etS0VchZ1yCcg9AMVP1Cj2pHixgk4A6+9AG1cnuc0BcZggAZJOOuKX7y80Pk9B+dAznvj0qGaCgc4HAHGaUEZxxmk3HbnGOaQHORjt1piHjH69aBkE89TTdpIHHHtTjtyDge2KAFyDzjrUeRyRkcU7hlyVBIpAAMDHA7UwDPKkCnAc8k/SmA8AEfhSjAznp6Gi4DienXmlHqenWmr8y4zSkbV+pouIXg/Kfy7Uvy5B5JpijuPyqTP+QaYEZAx0z9DR2xg4zT8H8qXbg4HFADMHbz+lHOPcGlPzHBBz7UcBv60ITGnOeOgpww2TTeGOcDinYweOnU800HQPwIpfT29Kd/knNHUZPNO5InGOtO79KTNKTmqEHf1oBH09qOP8aOoHQVLGgPK55xSEHGM8elGCOR+VKePxNIoaV/L6UY68fjTs4PUfSg49+lNAR5xyOPTNL1GaMAkn1pN3OaGJCjoTjmmnkdxS59O9JgDJJpXHYU5A6Z70ucAZpA+fTj3oHJBxxTuTYXPJApP4c0mB601gQOnAFO4WH59KOi5P1qAHt61IciLO05AzwMmmmDVh/tRmkB3rnBGfWkPf86YrAzcd+KYDkZIOTSZzS56/SouVawuB1Bpq9OmD9ad1GMc55prFhIMLlSOTnp+FNAOPXmnLgU00A0xWHnI4GMfrSYO4HmkPPajGB7EUCJOh5zTgRnHaos5PenAf480xEuT1zz9aCTjrUWSMZpc856UAOOfX8aXr06U0Mcc5pSeRjP0pJjE9MelB59cdKXOe/0oA9qBiADnIzS9uv8A9elB4OO/rQV4/wDr0+hI3JHPbtTzz0PI6U3Bzn0pQxBx6UIBFYSDcrAjnn1oIGfwpQMdOcik3BV3NwB1pgKDTd+DznAp+8Ebs8duKTGQe9DEhDyBg4xzxTs4B5pB24zRnsTkDvRcdhdw+v4Ugxk5FKRjoT7U0FjkOoB5xii4rDW46enWlzmn7uMdfakG3nHf070hjD268ml53HPQU4qCeh4pMgMAT1PUDpTEO57elLgct3HSkxgjmnEcYz+VACAYHP8A+qne/bHpTNxJIwBzTwRTFsL14FKVOcnn27Uo9xml7cGq2J3FBJ75PrTWIzg0qkg4z06YqPAye2PQ1LY0h3fimnGce3b8KdnH9aXj+H09KalcTjqQMDzjt7VGygjJ7ehqcjI6Y7DjrUTnBOfTrTAoSKRL04PpWfqKlZIyCDkcVqyICcgDrzxWfqUe64RRyQhJP61KdpXLcXKNi5p0/nWwiZcsuAPT/PFXhnaB3x61i6TIVu9pOVfg4rbxknAoqL3jOi3y6h04GM5pMc4pSeOvX0pG9zxSRowHPUf/AF6GVZFZG/iGOlJzt4JHel+YSA5G3pjHOf8AOaGtATsznwjWt2VYnKkg9qkuVAOdwJxxxVrVrcq6XA+6cAj+tQ7fMtwTzgY9xQnYJLmRRdQWY4+gpyNt+71FD5B296jB6ZYYx6V325onjz92RbuYxJErjJbAPpn1/pS2JW3nAP3ivXvmlsysseyXJB46VVkDxXgUnt1x1ril7rsepB88bnR78jd2HPIo/LJqvbSB1DE8j9Ktjn72fpUspXGjjgce1PCnPXr+lJ154/xp25QxGeQAcd6BsQkDqe3Sg9sZxigjnAUY/rSAZ6fXmpZSAkkYHB+lJtPBOOKXtyeaaDt7mhbDZIM7fmpuR04zTCx4I/KgfT6cUNWQrg5/dkEnPbmpBnGTxnpjvVaaVE2g569O5phkmckBQg6U0tCG7E0j8bcn8KQHB3Y/+sKjjgZ+TIOOoxTxCCeWYHPXNO6HZ2FWPzSHfLZ7E8D6U/yUA+X5O/ynFIFcjBBOR2p+c9Vb8BSHZAFG3/WE8ccUu30FIMZHynpjmnAHB+UmhjQgGfp70EADIPA96UZz0I96bltvzrz2APWkkO5DIAyGPBHHXOD+dVju37g2VJ4INOfd82Vz6jNJ5aAq43DjJyfWpbLsD7eFA+b35pysxJB60ixhiwXGfenAbWAK9s9aVgHLu3D5d317U9hg+1R4ZVwwGSeoGRSJIpYDG0fTmqETEgfxKOaKiZlzjd39aKANw+9IOD0zRxSZ96yEB6fzppPJ4ApSODzzimkZHOaAENJk8jmngHYQO1NAJJPAPSmIiJPAwcjvUb5yOetSt8oznJpj5Py4pAMOMZz3pqnJ3EbsmlBYD7o/KlPmben1xQAzG1yGHHXNAIwevNGNx5HX2oPIwABxzVDAAgZ/rTWG5sgY9c96QE5A70pJJBxihgJjrnuaQkAdMDvTznoRTD1600IjfPPGaaRknI47ipTynvmmSAEc5464NA+hEWXGVUqM0E/IF9DTypI5x16UmzPbjFAiHB2cA+nAoYlse/AIpx7gZ45pMYBOAQKnqVccCcYwORxSDjgHinY4yccYFIT1JwBVIka0i7Tt5xx0poYk5J6dP0pXTCbsdTjH/wBeqxdg/HXPzVojNstFwV4IznGDSLLIrYOOvFQFtpyF4DZ4p6sDMAWGMZBJ70rBd3LKN+9/H86s5JXngelQjaVAA2574601iyvgAYIyc1LLLmQw45Bpoxg42kemaqxOyjJIBzzUjTRxgBiqtwDih6DTHN14PBHOaCNpAHU9KQDH3jnB9KbklsE4GMfSsjUVQuTjHHbNL2yOvpUa87iCSKk3EkjFNgLuI4XnmkDnGF4zzUZzycH86RNwHLfh6UmwsThsdc5/SkIGec03J24BH1FAweRz707jsKMHLcfU1IOVPpng1Fgbuo96ft6gMCvpQhAA+7I59j0p+3IwRz9aaPu5DYx2xQD8ue/YUIBwUYx17c07kg5H1FNzxg9aXA5PFUSATjkZPbPWlXOO2OaGwFw2OfSmknB6EihjHdTggGmtnOFzQN6rzjnvQBuDZP4igBce2eKB0IxjHrSDAbA6etO4PUcjocUIQgGfTilB+WkH3eOtPKgEGmFhMfTr0pcYOSR+dKeBjp+NJt4HbiqRInTjcPxpccZpG5IPbPWlxzg56Z4pdRic56UZAHfPalzx6imFuQcgZOOaQxEfeMbcAHH1pwznDYBoB6+3WmlVySSORzQIVuMdqQ4b8Pej1yeetNYEoy56jrmhjHY+YU08fXPek4YD5iMHsaUhifmI4PYdaQw5z9aTdjagwOM9aTJOVXg96bgcHgEd+9MRJuznPX1pcAik+6ee/fNOC4PU5qkSxgIyDtH40HDHtipMelN4PpgGnYQw8N04o6kdvbFSEAjBGaYcY7CmA3b6DikbIZRjI+vSnDOMU4Z3kEYwM5qbDGj0H40nOfSnN93tTMnGKBoDwO1AJz0FDAgcHmkJz0pFDw3PoBS5+maaT2/SkBHQmncmxKMZH14pccZqMcA8nHrRk9h9TRcViRWx74oHXnmmru3HcuB2NPPH86fQQxjh8dzQuQMetPyuc4HI6008kcfjSsFxBn3qSLdtVmG1u65zUaj07U/B98g01oDY4tgdqUEkDn8aZjIwR0NAPajqHQf+gpOh44NNOfrS8DtQA/P40zPPNG/FBwRmgLBlFJIGcnJ56/5xTgRkYGfb0qIYzx+tOH9adwsOY/LzSEZYHJwO2cU1uUKk9fSgDCjb2GMmgBx4XIB96Z8wBIPJ6U8Z4569aa3TjtSYDj6DnHXikVVB6YHWkGe4wKdweODQhtDd4MhG7JHOKkznnv1FQg8+h+tO+ZjjJGO9K+oNEmec9M9qcRwD1xTdp6kgkd6fyF4H5cVRAmM89MdxTsAe/PWhmCp129y3pTgARxTEw64yaXdjv1HrSnHfNR8AnBPWqvoJIfuwCc471Hk7+e/SlzjsPwqNj8w56GpKJFOBjNOH97uKZnnOTTgR19KaENi5jX5DHxjaetRyevYVOfu+wqu/TGT+VO5NrMYV/dFuwPpWNqJZHZgcs3Ax2GD/APXrakO2BVAHPGTWNenzJB36celZs1i7IZaKYLq1YnhyCPzroScd6x7uMLNZnOCjKOnoa1+p5rSRjHdjN20bhyKRWLfTHFOIA9hTOh5NSWPz/j0o53CmgY6U4EgZ6UDEuEE9q8ZGc9OKxrJis7Qux74BrbU/5NYuoqba+EgOFznI9KSH0IryLbKxwTn8hVXGev51rXK+bbq4PUdqyZGPUZwTXbRldWPMxMLSuOtH2TbW5zyAKtalEHgSVM/L1I61nI6xToT3OOT3rYhJePyyflYcfWssTFKVzbBz93lINPnwe5H6A1tocqPXvXNbPs1wyEck/Ka3rKcPBy2AOq1itjrloyzxkE/yo+YHrTVO8ggHGaceB6++KkpCE0vb36ZowGwCOnPNOyMYOQaVtRXGZwMDqajLfjTTPEvWRfpmoUufNY+SA5B5O7gfWqBNEzEBfmzx0xUD3G0cZJIwFB605h8pLtmm28DSsZSoC5woqfUAt4mY7pcNKeW9vpVtRs6gE/WlUKFwB0PXHNLgdcZpNlJCHbk84PfFKrHb0H0NMJ5Ax1pcchs5780WGOBBA96NxY4xwRyc0v8AD+tJljkdhTJQ9cDkelITjgYNN5/P0o3Ej6dMUeQx+T0z1pCM0Drg0NtxuPT1FHUZCQqg7hz2NMIVhgvjHt1p2588geuKayq3B71NtRojKANncPxpNjmXI28/eHpQGwFCHI6ZIyabsOwso6DHPekkMmEu3+PPru60m5cncg3H2FQYbJAAwfvEnmnoCrE5zn1FAWJFfuApH5UUqqCM78UUD0NnvSHr+lLjnNIRg5/TFSQJjNAA/CgdT70Eev4UhiE7eKjzn/HNPP15ApmB75piGnpxnJpjFljHr707aMjtTHxjgZxSQiJmkySRj3o3Ps7D6UpDnJIG08Uw4RMAECmgFG4Ed/xpxHzDI4PU1Hu5/wA81JjK4FAxDzyDTQwGRShe2eKYRznOKYh2ePamHg5z+tOOQvGM0w/NjJ/SmMT+Id8UP04A5puCV9/pSE568dvrUjEP1/WjIOB7etOI6bR8tMLsp7daq5I0vtUqQNp64qMKC2wEE9zTmwWGTye1M4Em5e56UuoEmcZDcEdqRtuQcDA9RSqhYnGMDoAKb9w4IouOw7h+MYI5AB/z71C8IK8MdwOc46eoqVd2Occ9QKlXP0HuKpNk8qKTBgxZs7WyMDrUUcWVXGDgk+/XpV9x82RySPSokQEkFhjuKtMlocJdyL82CRk47Yq0CsiAlieM+hqqcCMnGGPIwOAKcGzKFDEMMk5pDRYcoVx0C5JqGLcX3MgDdm9qcHQgK/GOtSs8aDJAJHQAVDKQ5ivHPHtUe5WQMhBDAYNJ5gdsY2leoNPCjCgHA7YHb0qWi0xBjHXNB74IxSkflTe/XPPWpKE8zA4PzdqRcHr+dO255/yKAMcd6BiqQOg6c9KMjZ1x9KYHy+Mc464xTwDjHehAIOUJUjPqacVbPB4x1NMXA6545qTkoOeaaQgXGfmp7g4BU8jvimZz75pxJ3AA8d+KEDF53YHI69aUZI59e1MDHeBjr1zSknnrj06UdQBvUnOBTlHHU01m+QnOO3AojLFRkfp3piFB4x15p3zL2/ECmEg9eoyc4pxJfIHAHpQArDAII78UZJOR+tHpnrSjn6CmALkDPT3p3UYB7U3jJGe1OycehoAMdKTI4HrRnjI7npTXD4+U9+adxWHAEdzg9MUcDpkd+KarFh1PoaXlQec0AGTzuycdPemFlxkjOO9KeTj+lGe3r60ALuOM96AeeuM0wg8HOMdD6UA4HpzSuFgODu/Wk38gdvU0MM9s+uKBE5GcfKo5pXGKHBHQcUDDMeOppRHgdevrTwu05x+lACEAjoOetIFGc/zqXPbBpjHgjGKtWJDAzTuKaDgdeaM4HWjmCwpxjv8AlTM/MeenfFOLDpimnnnNPmQrATzTCAT/APWpcZPNAx2JxRcaQgxwpA/PrTzgnn1zUZ/zxSHOfUe4ouFhwIyOabzk04Y2554pSPl54pB1IgCXJGST1pSD1BxzTtp3sd2fbHSgcnA6YpDuNwc57UEDPPFOxjH9KaMZ4NACEsSDSg8cAc0MxUHI4pCN235sc54NAEik/wCFPzk47VFnnnnFO3Dd1p3JaFx6YoB4yKYWK846cYp4I7Y59KaYWHAgc/zo3HrzTdxz0z2zQw3KV3ckdQcUCaHtkDKjLeh4oGe57U1VIHJB9CKXHvVCFJBO0Kemc9qTB+8c0Lx6UpGQcYxigBvHUfjmj+LnoadjnjOPrSEDPTmkO4046ZpiocZDFzkkZOcZp7DJPHTmlIAHA59BQMUcjOMUnJAwpOaV87QeQc9amjPyY4pib0K6/McAZp3zBux4705vvdvfmm47Z+lIYH1HFMyS20EfnTimTtyB/WpFVd27jOMA98UhjVXPUdvSnfcjztyQPuj+VO65yaOMjqeaBCQtmNdyFWxyrckexqXgnOSMcU0lWyucEg9KB096okdweMAj6UvAGBnim9+vvxSmgLCZ/Gg4z16HrRwcgGm7QMkEkt154ouMC3QGmYO7FOHX+tJgeYOh5700SxRzk07PHU0ntig53dOMdfSkCF3ceoqGTknrUwxjmq8me+R9KpCe5HO/y4/KsZyWu1we5Nak/wBz6/rWUeL9Djgnr+NIb2L048/ULZR69z2rUOc1lWZ33zSnARVAU49/8/nWiSactNCIa6j85ph49MClUFsk8f1obGc4yaRQ0EsMcin59v1pgPFOXAwKGND8A47VS1ODzUUjqKvLTJAJIiMHj2/OpsUZlgfMtTESdy1nXcbRluOM8duKvwqYbpkyfmGRzTb6PcuVXOOa6aMuWRxYiLlH0MGVvNhyMZB4x7VsWchktI5MHJUc+/1rJlGM4GCDVzRpi6SQMBwdy9uD1/z71114c1O66HFhalqln1Ll4huLczgHehI6dqLCUCUKxLKfvDNTI3kvgqNuOazbmNrW43R8J/CcfpXmtW0PXWsTqyzEAAYB9BwKQ+/4VWtrpZrZGBGe+aso6kY44pbCTBf6etV7yUiLYPl38HPp3H6055ucqOPWqdznekuNwGRg1SWopMsROqxgKAPoP6US5aLdkkgjHPIptta5iEzsoH8POatKo2YbBHoaVyuUqxRLcqDk7FPzYPU+lWywHG0ADsB0pGb+EKFA4UDoBTDyeBUt3ZaQpJyMD24pC4VeTjnjmgfnS7R1x+OKQwHH/wBanZB449xnpSc9c4X2owc8jGepFNaCFPPy7gPc0vQUpXIGR79KdtG3H5UCI9vf8acpB7YPpTgMjnGKZkb8c8dRQMfwKjY45POOacW56/SodshGd3OM4zxQ9GMax3dx+VRE7zgsR6D1p8owpyflqNQoG7nNQ3ZlWHZKS7cgHOOKHfqFOSeozzUHm7SeAMmmtvaTjvwBj+VK4yZXHOPoR1pWAkUZzx6VGqFNu05zyfc1MCpUkE8HmhakiD7oyPwFFLyPx6ZoqrMRutxjApCMinN+FJ1xWdgQzgCk60u3oM/nSdTQAmOPT3pjd+M4qT6fSoyTnpTeoEbZbOKhZ8fKDg5xzU5J6cCon5GPfipAYrt/dzj0qLcQx5xUxXkBmGenH8qhxt9DmnqAIWJ6injI+UnFM4I3Hj14ozuXOTxTAkAAGfXvTT0x+GKATt60vJ5xxVWENyOMdf5Uwglu2B7VJ1XnGKRTt7e9IBFPX0NNJXIGOe9GcEkmmNknOce+OlDAHIB4xgdajOCT245pzZySAQp9abjt1OM0hkYHzcHpSfNuzjk+1KAME4PHI96VOoY5pDJF4J5qMuc4Jzn0ofkna3bOaOMcdfp0oGKGCocHDAdKk3Njntwfem+Xkj1I5p2Wzz+XpVEjJFdirA43dcdqZs2ycnpwQamY9ACcZ5puFB9z7VSdiWhsvyooXJx14quJSp+boT/+qpCSrYyQB0DU7buYg5IPIJqrk2EDSMy8A5Xn27UFhvYE8+/alZWDs+SVx27e1V5HGeDywzxQtQehOWKyfN8y5OD6+1El6IXjSNSxbtUcTjgtkHqPr1pFQzXJfj0UAcYqWtCky1HcNL8rRsrdxjvUmNvbr2xUMTSxBy4BUgFQDVniRM5zn0NZs2TuRhyMnnilU55xijyzn270ElT0JbHepGOyNvQ5PpTB12hWAzjNSIwCDcBnHPtTQfm4BIHtTAAvQnjvT+/4dqN3QnpSdiemelAD1HynH54pBktwTRxtOTxR3AQ4A5NCEO4PUZz+tAUrjjkCmFm3AAHHc07OCOSB70xApH/6qdxnH4UoGU6cUnuBzTAOhyefqKUcDOaMdQfSl7dM+9ACN/exx9KQZXOe1B+6Sckd6FbKqSDyM/ShMB4AA/nSAjGKQd19R370rHucmi4B05A69s07OAc0xZAUUg5BHU0mR65yenpQA4n5sYpvbB6/WkDAHPrwaQnd746U7hYTdgj35GO9LkYB/Sm8YyQfzppBLfTpUtlJD+DkYNIwbk84xTlXIIOfwpTke30oACOQOlP5xyetN6gcHil25pXCwZwMdqXeMdKTHHSl4x0xVaktoCzc9fWmk5707GevPpmm8Ac5xQFxu40wv6U4ng8H2pmc9vyoQx4Y4wM1GZ/mwBxikY9uSahbJcsaL2CxMGJ5P4YpwySKSMjb0xU4TIB70BsRlwB1ApoYbsU8r2qI9Tu496L2Ak+73oDFjwcYpgRm4AJp/luvVWFO4rC546mmZbJIOKUiTP3TS8ng5Ap8yYrAW56c/SggfpSYPT2pu/5iuDgjr2oAXoRz+dHGPwoIJbtRyOvSkMbtG/IOCeKf2UCm8YySaCx2/jT2EKucYcgn26U71OetNX680pPb170XAVSME9OaX+LfntjrxTOBg+vNOz0B5piHjr2pc9sVGzlRnk844HNLu457+1MQ8EA07Ixj1/SmDqMGncZOegqkSxxP+RSdOTwKTg/lSjgkE98nNDYJCfX8qXnPFNjYSKWXPUjB7YoG7dyB14pDEbH5GnRHGe9JwVwaBnJx0NAxxBdu3X160mAFJJAxnk02Q4TAby+Rz+NOyCM0hpCjBGRz7070xjIprY6k+9OA5Pp60ADAMCA3tkGndlz0HSm5AbIHHpS54BP6mmSxTz68d6UcDgYHpTR1HOPSnAjB5pjQufpmkPoOxoXhTuIJzkYFI3A+hpAAGRxxR3zSkgjJ79BSH+VMQg6mmnrS+uDSDnJz700S9x+RRnIPTOM4z0pO1DEDJCru+lIAz0A6mopcZPTFSg4yQRx1FV5WBOPWmHUgmPyn6cYrImwbkY5JOAPatWXHzZPH1rJlfF6g5yeQRQglsbFggSHdjGatEHGPxzUMK7FAA7flU+c//WovcVrAOBjH40zOT1pzMPXnNMGc0XGkOX/OKeMZH16VGygPnAzj8RUgyRkY5pAA4bBxzwKeOuffvTQBnJHSl6nnt15psEZl/F9nukdfutnZ7H0pp2zQZzkY4JrTniW5heIkA9VYn7p7H/PrWRB9woy4eM7SD2xVJkyijLu4ByBnBOPpVbStyarFhsgkowx7VqXSfe2EYHI4rIhPkaksgzgSAk85969ClJzptHkYiny1E0dHPGCACM1WkQTW7oSd6jIPTNX2IOQDkdR71TmQNlkxuXrx2rz5I9amxmmSfLtJA/xrQMgXLZGAOWNYkPyzOFyWY8KOlbaW6M26Z/MK9FGQo/xqLWKZGtykzEcqvq3FJIVbKI27j1q15qIoTy/vEhUCjn/PrVeW0uS4KRqu/kbBxn3ParRDLcLFLeLIx8vSngkk5wB25pqeWsaIozgYz745NP2Ljp0rPQ1SdhrZI4xg96FUdOeO9OPJ5x70mTnOKQx2OetNJHJHFDOQMAjd15qOV16M4Bz2p2FdEwORk0ZVSB3J4qFZowc7gQeh9akzLIPlXC4xkigLkmQBg/nmm+Z82GOBjgelAi/vk+tPCRqx+XJ9TS2GkMEjOPl6D1HenAY/l0p2fbp7UdRjpikPYRuVqLkMQTz3p7HHccVCz/L/AC7UDEkVGyDnkYwKP3ZUZJ9sVEZGIIGQQcfSmKWb72V49elKwwZQBl04z8uabuRSue/Q+lO+bYQQSD2GDULREsr+WwYccmpa1AmVsDkrweKkUgnHXPpUMIKvwOT69Knwv9wZHvVJg0KVDDlc4OMA9KKcu0LgUU9SbG4cCmd6kYVGeCNtQJCfqaD0zSrnndSHOOOlAxoHX86jPHNSZ4zUZzipvqMjkzuz1JqGUt+tTNyf88VGys3KjH4UwImGVyuSe+aZx5ecEk96c6MWIDZx+VNCDGd3PtRuxBhmXYRnvTQBkDFO7jn6U3Ge+KYIXdngduKVWw3pTON/BzS4+fOcYouA4NyOPwoJ568UwhjyMmmksM88Yp7CDPZhyPQUY5x+R96OvBpnzckHtmi4DWYE7ecj8KRhk5zgAdqXZgdz3qM+YSd3GOmO9IYhwCCrd6fuyBhgM9sVGFAO1gDyQRS/MJCTnDABcDp/nikCHjOfmJyP0pQeec4NIvJ3HrRznHIBNAxNzDoOlPXAGcYz1qMkqOM9e1OJYqduARzimhMCDvJJLAjgU5guM9M460wEAuQRxSEgNuI3ZGKoQ7Z7BsHPTqKEI+bcAOfT+tMDtHyATxTixKjp06UCHTyKsQC4b157/wCc1mK++f8AiIH+znpU7OA+0HB52nPA9aicFkHHXoQetaL3UQ9WSlvk5yCe2asRqChXceeMgY9KYiGRcbQMngY/OpTmIrgGpb6FJPcYzNt2s2cf5/rViJ1SQqinBGTUMjoTtkGMdcCneYiKHA3Y/wD1VLiWmWckoBgZzzTOo9+eKVCCgYZGBkikLAcDrWbNUGCoOeopyEDd/WmFmxn09utLn5c4xnrzQMU7cgAdeMZpxyccimgcg0EYxnjntQhC5GME8j0pUOOAvXmouMH5eTUiggdeT+lAWJM5bPI7fWnEBgen51Gh4ORjrxTg+Sckce9UiWOX3A/OgnORjrR1GKQHJzzx3pDAMMcL35NGSWHI2+9J97t6UHG7bwAKAYrHgsD1NAIAxjtmmsR2IIpVHfjHagQ7jmgYKnpjPfvSE9Nox60vIOTjP1pgGAoOF4z3qP7zN94FfXH+cU6Qd+jDpg035j9cdxQCE5B4ajaW5IwDQoI4B+gxUjAYwe/NIoj5PbI9c04fKMkU09f/AK1SxxNJjb+ZpXGNLZOMdakA43tz9amWBY1+bk0x/mPt6dqaTIlJIYSS3Ax9KULzT1QZ5px44UCrUTJybGFRSEevpTj9aQ9aYkNAycYNJj2p3uaMg8DmkWhoAx061E2AMDA9TT2AIx3qPyWLZGTnjFTcpEDEDkmlSF5WwARnpkVcisWPLDHua0YY4oxgKC3c0krlOSRmJbYIznI9KsJbStwqt0q9lv4Y1FOCysOW2j2rRRsZudyuunMRmXC/jUos4R2D49TUwi7nrRtC+2KfLcz52J5SLjCjFKdpX7oP4UhY9OtM53cUcqDnY7y424MfWmSWcbc9M07cvOR+tOEhXBFJxRSmyo1iDnBqs1k69BWqz7iDgBu+KRtr8MOfUUuTsUqncw2XYcbTkdagLEue1bzxB8Z2sP1qpNp4JyvBx3NJpotNMoKAwyRTMcnHFWDBJCfmU1Ec7gFABz3o3CwzIPI6g5pw/XvSlR94d6Q5HPpTEHPH1o6jALDn9aE5B5zijd83I/LtTABkswPbge9P4IGO5qJ3YY8tNxyBjOOO9PJx70CHE7RkjPPanAkcgmkDcYI/TrQGHQHmmhC5zSF1RN5OFHU4oJJHTJpc8jpwOhoYDiw3Ak8igeqngU0soUkg9MnApB7ZIpIOg47dtH8IwaTr+dL78imNBxt+9j2owDihQP4RjuacPfNJDExkY/WgZ9Seepp5wTzmkGc85P0oC4uOOOcmlbdtJXG7tnpQSRzjikOSPlJHIOR/KqJ3HAnGD3o5x1GM0nXjijJ6elIdheB+PSm5HQ9O9KTleKTdjimIYrOd27AXOF468D+tPyPb86T/ADzTd3z+lO4rDsjGenrQBzz9KTORilHXHrRfQl7jsHNKelJ7flQeTQMQdzwTUDj5ySKsZ+bGePSoGI3kZ60+gupTuD8rc/L3rIU5vVPHDZ/CtO+bCEDnnmsy3/4+eTxmhbBI6CLhSORxzUiEEc0gx5Y69OaQsQgOOtJAxGbOMdqco+bNQryeT04qwvNF7jAjvTuPXFNbj3oAyf8ACmS0SDHOMUisCxHGRTlXHsaOOh+lN7AhhO1z7+lUb5BDcLcjOx/kkGcc+tW5eSxGQcdjTZYxcQSQkZ3DA+tJCkZl6myItgdeB7Vi3MYAJP31z2rbiHm2fltyYz/I1k3W0KeMZ4PNdWGlaVjhxkLw5jXtJVktrdwSVaNT068U94NqMF78isvR5D9kZCc+XKdo9AeRWmZXXquM1FSPLJo2oT5oJmVKNlxt7seB61tW048hXHQ8AAdTWTcxNJcrIhwqYLKevGOlaFugNqjkgqg4A4yT/wDrrJG8nYuWsY+0NI+C78nHYDsKu78Z/QU2NYxGuPTBNKV2r3AHWpb1KirIZk9z19OKUdKgmuFV8buQKrvcsyhI1LMevGeKlRZXOkWZZo4+XdVHYk9ai+2bziNC/bpS29i+4tPnjtnn8atqVVflUgY79aYtXuV4oS4zNKOOixnOfqf8Kn2RpwsYGB6Zpc/pRkfr2ovcpJDt5xyozjGcUjOePmH403nBJBHNJjnPNTcY7PO7vRuAIBPJHSmAd/50/HOetJjsKMEkgGkLLt4PXjpSFMMOv4mgqM5wM/1ouFiNjxkYPPeo2GUAA7809mwdv696jLAHDEhaLjGlgxCtyPX1NIcEg8naM09guNxzj1x+tRSOFcgKSPY1LGiPPV9xPfB7U8yqT0yRzTdpA3DHPTjpThGDz6c+9SgEw2A23nt71Oc7RwAMc5qEBs7SRx0z61I6mSBsE56+xqlsIjMjMBgE/wC7RTFZcYbt+GKKLsZ1Jz69Pam4NScjmkPFIyIyPTpTDx9akPQjNMPWkMZjv270h+lOz/KmNnNJjI356dqhfJH+FWOpqNh26Ci4yuVwo7UcD+EFe1NYsBgjOaPn2AEYIqriaBsYOB0qNvm6DH0qXaQuCwIFN4wcDAH60CIlXnjmpceowaBgj5eCPekZiegxTC40g4zTW5GfSnckYxmkwelADcYXJzmjvgkce9Gc8d6Rlx16Hk0gAkbcKAeeaQlgVbaNo/SjaSCAB6kUhVtpG05PoaTAjfoMLtPsaCoKhdpyO9SDKjkH5cj604DGCe/T0oGivtUhjjofWpF29M9RSk/vBwu3HPHOaU7sEkYHQYoGI4HPfjjNRDAyWxkk1IQ5U/Ln05qJlIVcfiKYhpwW64p5+9nbimbecevWjaQ25ecDimmFiQAFCx4BPGTURI80g8MQMEc04ksm5hwRyD2pqtsbKqOmTmmSyP5Qd3U0NGoYLkDb3FWHAbAwOeoI61C3AUbRuxwfaqTJsOtpgDjKjaOg5/z0qafEgHzD6jvVXo4ABwepHfinowYn5T1GKlrUtPSwyZmA28YJ4B6n8aZHOWjOQcHnNWdjOM4OV4I71BNHygBHA+b0qubQXK7ljzDHFjOeMA1Ir/dHQ9T3qO2TzINjpnHHNSFo2k8vaCwHBNZM1joTMN2CeKGYh1AXOe9NkdYo2Zh8opcFnLAY470kULt44U5zSZVh6EUoJ3jccAmkzh8+/WkMFznPr0qQD5BwN3emZJORTid+exA59qaEKWJflVC9KCfUAcVFuZT1yCOh6ZpS2FwCMdj+FFxNEgbAyKVGBBzxnrmokzkknI7cdKcrDeUJB45AFNCJcBiSDnvRuHrzjGMU3IyRnrzmkVTuYjnd2oACcMBgHjvS7iV6A+vNBY4PABxkYpQoOWz9BQA3GSCSaef0zRnB6AA9aOD04oATGQOmaQ7t3an4K+gBpcZNIaIlBHGOvrUm3OMfnUvlgrycADrUoQIBkA49aEDaRDHbZ5kqyWCDCjp0puSWFSYVeS2celWlqZSlcYAzjk8epo/doOeeOlMaXPC8dvrURySPrVaE6kpYE/8A16aff86b+NLz3/CmA3PJHrTWDlflI3HpmlY4PWmrJtYZwR2qXsUiVlyi4+8OtNED8k4qxF5UvXg04pgZAzihIG7EKW4BzVhFCAbVGaj3k8bOTViJSTyMe5pqInNiojOeTx61KqoDwOlHyKMM4/CkMigcVSRDZKMD0zQSB6VWaUdASTUZkPYhf507CLnm4GcdfWmOwxuOKqb+4yT6mmlmbljn1pDSLHmKRkDntTDIOwqLIz1pdw7UILDi5NJupOT7UbGJHp60hj1kxS+ZkdeaaIe5YU9UUDJNUhC5HQjNPEuBjgj0NNVYye9OITpkA0wBjG64cDmqUto25iuNvY5qycZ45pN3HHT0qHFMpTaM1onXg5GO3rTDwK1CEcEMKhltcZKAMMVLTRopplDZxxxnnmmkqFAx9MVYZNp/pUROPvDNK4xij04z1pcjucfjT+TjgdaYVy2SKoLCA49/alBPPFI3OFHSlwQM9qBC7hnr8w6ikz6evagdCcjk0vtgdaYBnv0xSoFRAEDYx3OaTac4C8+lIq446ADFIB/Gcg/hShlYZXBB4FMGfQ9KcqsMHA+lIY7OO2PemjrtJ4oWPDFx1IwaVkDY3AHBz+NNCsSA+p6Cl77gMVGW4+TaOef8Kefl9zVLYQ4jPbvxnpRk9MduKaSMDtz3peNuO4pDQZGMU4CmbuPQetL2x05oQ2BA7Hmm45zk5pcdznnqcUnShbiFx70ED3pM5pcg0yWxBgGjpjk0pzikz0HX0oEh4zxzSAZOaUewozx068UwG9WHPOKhz8zcE96lBOSOeByKgY5DfWm9iY7mfqHPbHtVKAfvQxBwOfWrd5zz+GRVeBfn9CWAoT90ctzabKrgk8D0qOR8lUBJNSSNhc46DioE+eQseccYqSkixGm1fapQO/PHU0nXAwaeB8uPxqiRtJ1/z1p2eOuAKO57n0piFLccc+lHsR09qBnv+NJn2OPagQ0Y6jOKZGw3c8+tT87fpx1qnHkyyKD0Yf5/nQDKtyfsN+7niOYbs9sjrWbqkZjTzVPBO4fj/wDrrW1mFpNMeRFyYTvGO46Efr+lZNwyyaGgZgWUADn/AD6VtQl+8RzYpfumVtKnxdlcYEi9Mdx/k1ut8yAnOePxrlbSRhNFICco4zj9a6vom09uK2xcOWV+5zYCbcLPoVXiLAMpI7Gpd+NOJDfLGcP65p+3PyjgEcfWq0gaNm4ysgw49a5V2PQe6Zpw3qx2SuxywAIFVzLdXO7f+6BOML1qGMBmUkHZ1UDvWlHbnaGZQQR0zUJ9UU1d6kUOnxbcyNIwJ6FsZ/KrkeyIERxrHnrtHX8aaF7YIx70EemKTbKSQEnOM5P5Um4g8468ACjvz9aMemOaVxjs8d/wprMqLlnCgc5Jp2Bj8aUdccHPY0DGhg2QO3X2oJ6E8ClY8jB5PAo5I9gPWl1H0FB/Wl5xn8c0g9MfhTj09BRuMRslfl+ZvrTGYH6dKefXH5VET83PPPekxoiJcNjZx2YnmmtKFHzIDxgkCn5x9BzTTjce+RzikA35v4eCeppskDKu9c9OhPNSKuW+Zhge3WlDZbHQetFtBlZAUUg9z1PODUhLEZyPfA6/nRMiuuccex602T50UYwOnXrSQuo1TuYjipJ2VdqFgv06Go0kChiXBA6ccCqs0wJJf5mY5/8ArUtkDGsJt58tPNzyeelFaFqhiDNuIL8kY6UU1F2Fc6c+mM0n4Gn4xnv+FM70iBjcCme9S49fyqNgfT8KQETAgcfhQR79KeT+dRmpsUN79aYwz06U7J3YoP3e1AyFkxzxkc1Cy7ssccDvVnAPU1FJH8wIxjvTQiDGW6gAjnNGwKOT39KVgc8D86RskkDFMljWPJxj60zkAEVIx28HGe9Jzk8imhichcnp25qNt2eOMc1IDlcUmMNk9aYiP0yc0eYDgbe/NTAL1x9MUwJhxnjilsMb8yhQKVmOMHil67hxgdAB0p25MAn5yePYUAIin7xYBPT1pXdTGEAwAeaiLHn+HnAz60mWHHfHU96LDuKQDuweOnNIw5POQTS7Rjik6YYgYHQdqBhkr06j9ajKbiSehp45HvimhSQSQRjIoARlVcgNx296Qbg2Dnnpil+X+6S2ec0denBHHNCASYp5eQenGBUYXI5xkjPNOZM5B5zxknGTSjHTOQDj61RLBVJOGPX2pNgJIDZ29sdKeHTODkE+9IAvU/Lx1NU7CGlVOPz6UikAjaMk5HzUkiBmyrEn2qJVkByxz3zjnNFkK5aBdEMgOQeCKgOEk3YHI5B6YpROQNrfy/GnMA3UdDzWbVmaJ3RKruU+QEk+lGz955nTHXNRh9u3G0AfnU6TLIGI57ge1JoaBjiFiwzj0FOzlQDgHqcVHuYSZZCATgVMduMDnPtU7FoaGAB4P4GmyErGWH5ildWVMp0z3FMhdHTcpyvbFJjH/wAH9TTlI9c007uxI/rTDkkDJGOo9aaEPb51J6Z9KVhxg9B0Io5OBxjGKMZ+6e3WmA5eX/CgAb/x9aTkNwMA96T5mG1kI9+9BLFkY7RnpinpnkEmmkbiMHj1p2Nv/wBemADIbB5o+5juT05oByvHPpxSdWBOMUMY4HcCM96SQgDPv0pS3zYA+alEalsmkAkb717/AI1PFHuJySB602NAGzjBzVgkKMDHXmhK5LlYfu7CkKljj3pFz60ruEHcHvWiRle7FyqDggnt71Czlj14ppJJ5pM4/lSbKSA4x70e/NJ39vrTi6gA5596ADIHG7p3pjvtzz9KYxGOnSmHrnNNsaiKX9TURb5j6U1254+opFPBGTx61DkXylyI+9WQxPeqcXTmpweffFXHUzluWEL5yKmDk8M4BqmM/hR3OT9aoktsyDJL5qNpB/DnPvVck9KBk9P5U0Il3Me/FHOeOaaqsBzS7ueOaAF2MfvYxS7B3P4VGWPUn9KXmi4Eh29PejzAO1RFge+TSZyeBTQmTGQkDBxTd575pmDnlvwqN22jOcmjQCxuGKTzD2NVDN6dxR5/PGceuKTaGosuCUgcYFIXyeefWqRlw3XrTTI+eCQO1K4+UvbyODTw/OCPpWd5rdM5+lIZjxk85pcxXIaW8ZyDSlscg5rOWZ8Z3U5bp16nNVzIlwZfJRx8wz6GoZLcMp9McEU2O5Q/eGO1Sbx95T+tOyYryiVWidASvzAU09fm7e1XPU8UyRNxz2FRYtTuV/LGenSm7BkkY5PSnMWBOB0o+8PqOlIsYAc9M+9O8s4qRBgU7ODwPpTFoV1X94VIPTOex9qfs9v1p/ekYHPBFAXG8KBQCSaQZ69eaVuVHABA7CjULjjj6ZoxkYOKYGO7BHtTjnGR070gGBTvJJ+UD7oHf1p4znK8jpTR3p4bjJxTQxe44oGdo4yaQtxwacPUcH6UwEYKRtJHJ6HvSkYBOTkn1phRTJuIOc55OQOMcelPXGO3BxTSJuBPPT86U9OaTvn0ppzmkAdRS5O0YPTtTT0ox/kUdRMcenSjjOP60gHJOOPajAouCRIOB60AHmmHeCAuNuec9qUt8wULlj2z2qhMU8ZI61TLZdufrg1c42npVE4ywAHHSmxRKF1gyMOnbrUdqC0oBHAbOR1pZnBmI6/h0qSx5dmODxnGakpl6Y4X8adCpVBnr3qGfkqPSpoV4GRzjoKYdCwv3Rx71Jnge1MG4KASKcBjk4xTMwA75pOABQc59jRgE80DD+lKBzx/Om9+1PGQcevvQAP90jr9Kzo2Bu5+4yO/41pH7vSsmHi9uOvXv/n60wNNVzEyMpIYYP41yV1CYGktyOEbbjsR2rrl4FYuuW2GW6X02P7eh/p+Va4aSU9TlxcW6d10OdZfLkPGOprpYjvhU+qjoa5+VcqT61sWEoa1j6cDFdWK1imcGBdptFokkjgU2b549hI5H60i/wCsA9TilljZZgvHPQV57uj2Ek9GZu7ygZFOdjZI69TzXSWtwJLdCDyRkY61zLho53jyPmyR71f067n3MGzhTjPTijcLWRuHnkr165FNbJXjG7sT609fmXeSDx0H9aiZm/hOMnGfSpehSdx/rkCmrkjJ4HbnrS4xz+fNNyGyvHvg8igY7AJHB46HNKo6Y+lIOgo53dtvegew/kA5PNGTnrQDlcA/hQeOc9aQxR9DSHPXr+NID1zTs+4pgJ3PBOfbpUTZDgE5B7YqY8d6a4P3iMH1FJopMgZS2R70wLtIA5OKmAATgfQ4pGK9SBxS6gMIAO4cfjTGBKZBPHqeopxwe2R9aZksCDgLyfwpAQSZJIHXOSf8/wCeKSJ2YhffbipChxuPJJwAcYNRqdsDYwT6N0zSAr3TeVgL1LYJHQfhVmG3MEZLgGRuwPSqcUe190jFnPJI6fhWhknrwM9aQC5JUFzg0Uz7O0vO7A7ZFFNTsFjrzgc+tRE89RVpoS0DSjGB1qoP0qWZBkdu1M3AmnHoTmkbH50mMZ171GR1/rUlRng0mUR8bsd88UwhtwB+6R19KmPt/KmBmAOR0/WkgEKgfUGmNk8dvpUm/j2+tIMbTk/hVCKzjcwAyBTZAFf5Tj37mpZOSMcc1DIAZODgkYxTQMYVLAg9e9JtO7PY9aefu5yc035gNpOOapCFCAdCAcYpuOcehoLc+mKTdhvSkHUU+ozmkGPm3elOJTaSO4qNeVyTwPWgBGJQ7h344qGR2kkZVwDt5NSvnYQPTtVZtw+ZgVyMZ9aWqQ0SI5bGSSVPTHapdxc5J+Y/rVbClCCSueOKeiMFyCT04JpjJc9gRnNNLZ+XNKcZ3HOMU9gQMHGTQCGAEgFfypSMEg8HrShDtyCevpShcjOc0hkW3LEijGR05Hf1p5fauQCeewpAM8Z6dqaYEJ4POcHvigoPmwee+Ke8fDNnOaA2Bg/eIxk96okds3KCw7du9RnMj7AeQOw561Msi45JPPem5Qc4JxTQEBGMKCeByMVG0eSCGPbjPT3qfeSQyHjvTHOH6EKfyoQmNULtyCc8446VNnMOWJJ69KhBPmFcHnkGrABaMADC9QO9SyoldsnAXJ/nQoHHqT1qUsFZsqcHtUe35wQTk9AO9K4yVZlIC88HGRR5h5CttHeoztAYhsle1R/vHLeWo3dx6VMmUi0kjFeCWZfU4yDTgoVMKMYycDio4FaIHdyehqzuO1eDnPP0pFIg3N9Pwp5JAwDyeDTtmFY4HPtTP48ZxxTsAoB3DPcdxSZDNwucHikYsOATkdTUgXgjuOfahiHJ0yfyPan9up9gKjBBzzx7UueABzmgB7cDOTmmkkgg4yfWk+bA460hY7toBAHpT6CDAK4wdwpoYBcGnYzjBOOn1p6xhjuYcDpSYCR/MM4PHFWFTpxwKAAD8o6+9S5A6c00iXKw0fLwD1pVXLc80YLMMVLtCITVpGbdxrfIo/SoeT1zmkJ3MWPXsKa74U460FRQOdq8A1X3Nn71G8nOePXmo2bjBrKTNErE3mlR656UrMCM4NVsc4GacrcdTimmFiTrz1NIR1wcUm7nr+tL2NAyIqffml53DPanrwvNOVh369DQlcG9CZF461KuFqLIH4U7dnvWyVjFu5KPmOaXYe3eolYj8qlV8Hk0xDgueppeAOBTNzfw8DNDHbwTk+goAOWPU0Egd6buJ4zSE460MB27+7+eKMeppjHHPb1qCS4VF+9yKVxpXJzIMnHf2prSH1xxVN7g564J6D1qMSszbWPbH1qeYfIWWlx1YnA60zzdykA8Got4dc7sH27VGZADgnOO9DkNImLj14PHSlDj3ye1U3k2yLg4B547UjOWOQ3A7VNxoulwecg01XG7mqoYE4U8g0jjdkq2fwofcZd85SMsfpRvXGcc1QLPjHr1xT/mH4incSLu4Ecfyo5Jx6CqgJV1GTz1NSrIRn1NAyVsBgQMnrTw+F6n3qvv3dTwOwFSAg59PSgLXJkuGDYH51YWcHqeap4AbP605efaquS4ouOAwyKiZGBzz+FMR8N1/wDr1NvHTrmhi1Q0MCME07cBwOopCqkcdcUgQgcdqeoh5AJ64zTCOc9qfSEY+br7U7AhOOh6UuARj+dMYrsLE4C9+uKaHP3s8HkCgYHjJ70uBSfeHTrSg9RUjEPUnPNIMdaCexpOKEUPDZp6kbfWoSSDkHpTw3fIo6iJCD6/Q0mDnJ4FG4Y+n60bhkDI6U7gGSDk/hR1HakOM0pUkDtQIaRk54pTn2pBwPUUuRk5pAJ1705cjn196Re4/AU8Zz0o6iE559qOozyMUo5J5GRRnn1qgAH5W6D04qixJdu/tirwBwehrPzmaQY6HNUxIy5ObqRR0zV7T0+Rj+FU4kMs8pHY5NaGnAiEnOck0mF9CKdtr9eCfSr8A+UH3rPvMiWNcdXBrVQBYxjpjgUnuPoKwxQM/lRwcEEEGkP1q0ZtCnHcU08mjPbPNM3HvgVLKQ9cknJFTDBOeOe9V1zwRUq8D0IpiY/pn6cisWA4v7g4Od2OfbNbBzg/lisWNs6lOCQNzd6JJ2EjUDcD5vpSyRJPG6v91xtIx1B9qRF5HfFODd8Y9DS2HvochPCbaZ4HwGQ9fX3/ACq1p52Bk7ZzgCruu2qyIl2mNyYV+eq9v8+9ZlvL5cw64IwdvevQb9rS03PGVN0MR5Gk5w/zAgHp71ejRZo/mVSVqnPEZ7Q7MF06f/rrOtLmZJMmRmwcEE9a4JLQ9eLW5Z1a2eKRJQcjHr/n2qn9rlilbZk5GdnUZNbV8VubJXUjGeo7VjhljuUeQfLjkgZIqYt2NJW3OktLgtaoMHeRwuOc1YKsijeR0yAKoadfFgzrGyowwjMmCwq4Q7EMxzzwqnJ/GraM0LgZ4Azj1peh+tITg42lucHHane3ANTY0uJgdjj0NJkbsZ5FLlskE4HGKQYzz+FIYm0FwTyRyOaec9u/TJpBwck9fanrjr37e1MBgBB9s0o9h19aOR64IzQCSc4/WlYq4YO4/wB09KdnHNIB81BIxyPzoENJwM1BJ3OMfQCpm3YDA5yM9KgYMTg8e1JlJDYwAfX8Kd5YBzxz7UqRthQWOASSCOtLIQvOO3pRYCu5yRkZ79cVFI+7cg4Kj0pZpCkUkmeAp2krzn6darWKSvZedLjL9MHqP8ms2we5IVPyojdevOMCpgpDjO48VXQl7ptypgDAAqdSw4AzyepzgU1sMkO7PygYHrk0UxpkiC7mbLc4U0VVibnZOeozwetQc+lTHkZqImoZmhnQU3uaeRzzTSOc80mMb3PFRsO5p+Ka3qTUsZGx7jJqNxkEZ4NPPQUh/HNIqwzAJ60ySMtGRkg+xp/v/Wh+B16+9MGVo4hHtXLEgYz60CLc5brntin8ZyTyPekZyVIUYz3FMkjJRYuuSDxxTP4QST7cU/OyMsRntk01huwBwuO1VcQ1s54796YRgg/nUmPlycnGcU1gOATxTGJnPT0pVHA4pWYKAFXA9fWkB4xQAx8HgZ/CoGj3AZOOasnAJGO3ODUJyT0z9aHsC3I1Uum7Of50+NcFg2R3AzSlWVgON2e1IdzDPJbqQKlDJCQBwPrR82VIIxxmmBwSBtIwKfkA9MinfQdhTnBwc0KCOhxkcjNIzhe9APPWgB2wk9OtIQM89fSlzkDj3zmmsM849qeghVUH5WFRvHgA4O4UoyQCDgjtTm5cg/nQmFiESKWIPPt3pCQpbk5B4Ge1OKL1VRlhikWJyBkDp0p3QNDTljk9ecc0o3bcjOBz071KyjIVc/SkHyqcjg0XFYrsQr43Zz9alJJXBbgnsaR1JYFTkn1p8aqDyPxpMYzYM52nJ6805sR5bbkkcDFTdAcjr6UijLZBGRwcilYZWMbylTtAPcVcijCAA9e9PxwcYpMjuffrSGgO0k46GkKoeGBwO9MclW6Hnoc0M2CeR+dAA0ioNvPT1obkfUcUxim4Y4akBdtpVvlHPFDKRKqYUEE56E08bh16fypmcLz+eafjI5J59KSBigDtx/KmbSp3YB9qcGHXnrSD52OaGK4KuTkjtxzUgUHn36ULHuI4PHSpkQHv0o6CIwnOMcU8jjHen7Rn+tGB+Bp2uS5WFVcpzx9abyzY96QnJFTxxhF3sOataIzbuOG2FMnr3qtI7SHA4HpSSSMzdeKjJPai40h5PXrUbn5f8KaznPBqPOeKhmqQ1hnpzTB6GlIK8dqTr2qOpQo4Gc89uaQUHofemoOcnkGmkBIF5oGfSnnAGcYNM3c4HQVVrCuKTmkxijtk5oByeKaEyRSfWpQfeoVx3pQ3zd8VdyGiYHH1p4wPUmoFJOMcGplXAzk01qS9CTJY8DHbrRtwetABb7ox704lVyM89aoSGHI61HI52naMfU802SYE9/TrVZ3J5bP51Ny0gaR2HHOKhAwCrNnJxk0uSDjseRSMNz5NZstEbhDhCTgHOWpHhcMpBwAPWpthIBI59aX5mbHUCnYTIeQRuHXv6URK2zAP4mpR8xAwfqadg7cY7UrXGRyL8mQMf55qNI9xzjB7c1OVPII6+9Ig2/hn8aQ7DFRVIJHzc85p3l8nn8KfgY5pQDzx+QqrAQ+QBnGRTlUk5APHWnlT0zyKcF56UdQsMYAjIGRSbSyjAIx1p5XgYz1pEDADPHtTJECHv7c0uCpPYZ7U8nK+mehpjnC+tCGBYZ65pVcjj9KZtJxzjj1pScSfMD6ZoAnUkj39qXJVxn61Eh7DjnvS5JUnI470xFhZeBjj3qVW9+1VARgdqerAZp3FYnz83XikOSDzUW8nJGcUoY4OCfrmi4rEmcDvSMvGfXpTc5PXjFKWJzjtQA0KQPl/Kl755560nOeCaUn+dK1xtic80gADZyeRQfY0ZHpTQBnPc5oyBxkHFJnPOaUAZzS6jHjkdxS8E0mPWkOeoweaaBkhYZwR16UfTtTcnoP50o69TSEAUYJ6EnpSsP19qcVVsEgZXpzTSMHkcEU7AIORz260oJBIP8qAe+PzoyN2TkH3osIeAAc8DPWkfJGVbGDnp1pe/U/hTWIxgEZA6VSQhV6Y696zDn7RMB64wfpWkpO3kY/GsaV9sly2TnPH5ChgVLaXatxt5Lt1rXtUKwKOR3IrMsoH2Kwzyc9K2FGEwTx60B0KN1kzRlcY8wVqjGzqazZOWX3cdq0V3YGTnj0oYk+gdB0/Ckyf/rYo/P8Awozg46e9ADc8cnv6U0DsMYpSCcnPemAkj1545oGTL1yTxnpUi9MHvUQ9/wAcmn89O3rmmhMHPpWCHI1OQHn5+fyrdfkHjrWBhl1Rie7jnHtTewkjbU/L05IpRxxRg7F55xzSYOPvA+9R0BBJHHNG0cgyjDawFcpdQmyumjYltpyCR1HY11Y+pwf0qpqNgL+EYbEqE+WSf0PtW+HqcsrS2ZzYui6kOaO6K9jcocDf1GADUN7aiK53pjZIcjjjPtWUjGGVkdSrrxgjoe9bEd4t1EInAOO5HTH+f1rWtRtqjnw+JUnyy0GEsYWTcfmHr3HeqAdTuUggg9TWlcxF4fkzkEEc1l3aFmEo4kIw4Hr61ydT073ia+magbi9SAoNsa8k+vT8q3TJlvlAUegFc3pdzHEHLqrOSAnHQk46/lXQiOLAO0sf9o8VTSM03cRSCWIHuTjrS9RQWAAwMcdj/KmZOcDOPUUmUhduCSOvSgKenNIGJPf1p/PvSKE4C9z9O9NX5eg+XtilCgcjig4yM84oGPYZ6dKb3/8ArUoPzY7eopT1B6ikNBxxn8qbn5gDnmncdgT70g6+tDAU89hUTIOeD83P0qbIzgCmN3x9OtK4ERMgKhip9SKYWB3qSBtGTVgAHdjGMdfeqc0RlG0FlAPLY5PrQ1oF7FEqbm42wswT+JgRjAqVmBZY1Xao4AwRgVYkKpGqqoAJ5Gev1qsjhnYMSMDg9e/Ss9WXoEcKox2nknBbGc0TOIugfcw4wKR5Ny/Lu3HgDBOKdGSgLS4OexIpiIy0e1fMlRfQMN1FTx4GSdoyc4zmimnYDsajOM4qUiozgDkc0jIjb15qMnORTnPoKj571JSFHpnNNODnsKQIFZm9aRjjOBSY7DCeenFMbPfNPzkZI5pjUhjGzjp+FIcnFK3QCmyZ2+w6mkMjkOCMY+lMZh5YHOWPJHan8M3P4UjtyV2/iaaFYYBlsDkY601m7AcCnoO7EgeoqI+gHy+uaroK2o4kqwGB06UpAODwefWmLxuODz3pQBjH86aEwbuOuOlJ94qcU7buPX2zTTkdCaGANwTnqaZ15B70c554zSZwCaEA7hh0+pFRA4clc4Pr608txhcn6VADh+Qeuc+lK5VibOFY4/CmbyDhhwTTBukbk4UEGldGClgSVJ4ovcYpl3s4IB4GCKQNyDjHOeTTQqkEn6gimr8o3lgWz3ouItjcWy/NJ8oYAc59+lVllYgnOCKVXVh821nB645oCxOMK209zwaUgFiecD161D95Mnjng1JuG/b04HfrRsMCuWwOMjOakySD8opMkZyOh60PjPHSmgYjORx3pHVXJLc+3rSsR7fnQoCp94E55p3sK1yNUwDuUZ69afgLgYAA5ApeS4xQV6EjmgBMN/WnLknrwD+dB+78vpTfmA4AOD3NDEiQnkFe1RZzLtIOCM5xxT8gLzyfrS5/hxjjipKQ1m4xjn1qIAc7jjjtT9pL4z+NNA+cg+vXFJsoci8ZJwc5FORDkk4OeadGmRgj2+tWBGr4LEZHHApXAr7OG6nuAOtTKj7UJUgHqDU6hB0GcdzUnXqAfrRcTIPKRuQDmjylHIpwG0+lO6ihCbDAxkY4py47GmZx0pMnNWlciUhxPFMOMU7acZxRs5Hb1q+UzvcWNNzA9B60s7DOAenTJpWdUXjFVmbcc+tJjig6/wD16afu80pOOSKid8jrj60maIG9RUZ7DpSknGM0wnK9M1BYdTSMMYwDzS5AAp2NwI6ZHWi2oN2IVBYqTx/WpwAFxj8aRYxkAcgcU4jAxiqSFcYzHJyAab+FLjHsBRj3pMLijJ7Uu3nrimqKk4zk44poAHAwaX6Ud8frRnjg076AO4A4IFWIXGMuR15qtGhZxgDPv0qZ9kSbAOc8VUdrmUmm7E0kuxflOFNU3kJbOT+NIWLHBY8jmmkcH0+tEnoVFWI2JJYDv3NKRnnB4p+PlxRyB71KKY3Hyg9CKAMn3zTsdMrxmlAwcimkA0LjkUbQT6dqcOnWjae1KwJiBBnpSkGg9j+FLj2496LDuMA5pdnHHOaftA7cnqaNo5FOwrjdm0/WnfwnAAoxjmlG0ggjn2poCPlsnGKOc/1p+dvJ6elI3PYUNDEAyP6UDJyD07CnYGeDRyD1FJANKZB7UnlsF571J9P8ilYY59qdgISO+DTQMdRkVIvzdvpQcflSBDSCBxmhRz/9frT++eKTpx607CHDYGwelCMCSB+FMONuCKF4Hp2+tAiRTk5Apx4GO31qPOF60qnjjj600DHgjqM4FGabyAKN2O1IQ7POT1o5z+NNBB/ClxnrxVAHO78eKQrjn+tGOM55p4z2x7UhjEXjqTz1NPIGPwprdAA2MHJxThycmiyC4i/MAwBHfng0o6etJjkYzx1xS4wOKLBcd3pQOwNM547UrLuTGcH1FNCJOnal5O35evXJ6U0H1+lKBigAK4J4wD6UDHXNL1HemycIccH1xmmhPcdnHXimcF8459e9Kw39R70KCB0piHqOMDgY5Fc5cvvuZEznLnNdIvOQPTpXNmPztQ24wS7LyeRjPNUloS5WNSONI0UDA4FTD7vJ4xim4ChUGeBinYxGSPSoLKjgloRz9/PT2q/gAAke1ZpY+fCvPOT1rUIG0A9R3zQwsNPPXtTWP5DmgsRkc4/nTC3PXFACscknnPekQjcOv0ppJwB1p6DsT17CgRJwP/1VIBjPcUwL07cU8NhMCmgY1wNpx2FYcq/8TBRjOW/MVtSH5Gz09qxxk6kMdqQzVUkgDqc0pHv15pF+b/HNOxnhjnH4UCGbc9+h/Ogdc598VMEXH1qNlA5/nQIytasN8f2qNeV/1mOv1/CsWKQxTKR1zg811YkwzIw4x371hX2jzqWmtFEkROTGPvL9B3/Dmu7D1U48sjzMZh2n7SCLdldLIuxxx0Oc9aZdWGybePnRumKyIbjyznBP4+9bljexXcZtpflLfdJ/Q1Fehb3ommFxib5ZbmWq7EdMlcj/AAP9K62J0MYffuUjIweprm7u2eKV1ZRn1DVtaRM8looRFZ0+Qg9iO9cx2zkuhYZSMMy7c9AetKR1wD+dOZGjLB2BdjyQ2aaDliMH6+tKQ4bCk5Xv19aXBxyab82Bj9aDuyPfrSKBiQM4ycdBR1zkUN04IGehpM4PQcdaBjg2DjFOIyOCBz6UzocClUnPTjGc+lA0LQcBc9MA0pywHPak6gcdOtILiM3pTcEsMgdcHnpTmP8AKkJx0z68Ciw7i7cc+o9agjIEhLHDY6Gpwc9jUEwQ3ATbycDA9qNkxPdFaaMvI3z4QHPHU0zylxjJHJNW3ARcfwjj9aj2L8xx859KhI0uROoBVUQAEjpziq8wZCoQck4OBUjsNhAyrHoxGCarF2BAYruJ6A1La6APWSRVyq5yegB4op67QMNx6UULYLHccYP86iY1KTUDN8ufU1RiRt71HjGakY4HHBNQgbe5J96llIM4GMgmgkYYnp3pO5pOASSaRQ37y5FNJIGDnIpx4PFBNKzGQtjcDjOTimlf4vU4qU8DjpURJI4AwKTAjYnoRnNIUO3HpSkYbI5NNLfeA4xQkA0FthKg4HGaaRzkYx6U4nKqM8DkikLjIAGTTEICQNjcDOTQuNvJ5oJO7IGM9iaU88sfmPTFMQ0DsT3pSAflBAzQy4PJ4HtS7l2gZGO5xTQEZx25H0qOVuCAOO9SlCo4b86hYrtznIz09KWw0hoAbpxxQ5+73x39qdxtO0Hj260hztxjmkVYZu+Yjt7U5AM7TypyDzSeXlsLgkHmmqucAqRSAQgqeBgA8fSkdSwYhFwTUm/cvzenII5FMLZfBzs69OM1QmhgXaCzZwvpSqBkkqvJHAOOKcUDA7fu9wDinCJTF8jZxwaNQFYbEwvK470W6MOW5JHy4qREAiEeckcVMg2qOOfX0p7gRNhwOx708nIAIBx7Ujn95wox64pOmeOfpQAhPzDP4U/kkEL1pmDwe9SjkY4zR1HYZjbwAfSkz2p+CtNzn2ouKw3GVIHBz0o524ON3TFKAcYGOvakCHPzAde9JsLCA54OKViH47jpipVh59RUwgxmkwsVljBPB7datQwBlGcce1SpEF4C8Hr71K2AMY6VLZVmRAKh6A/UU47WGMAHsRQVzS7KVguMxt+8M+hp2cU4LxgjIqM7ozjgrTELnI7U0/L06GngjGQRTcjNUiGIELEEkYp3yIfUio88/K2B6UwnIyK0uieUlMxJpnm47A1GwPfHFMJx649anmY1FEjHnOcim5ApNyj3H8qY7D8uaGxpAz579uKiJy23jNIScDBqIkg9anqWiVj1XHakHXijnOQOlSqvCkdKaVwegzaW49+c1LHGI41DHNGMYOcY6j1p2Qep5HNWlYh6jXkKFcBTmo3k5OSOOtMlOVABwT0HWolZTwSNw9O9K5SJieOxzS5H4e9Rhg3OCT9KXfkdcZoEOBxxxTs5GKbnrnkj2pSc/wAQFJiQu7qODSA5yR9aAM804Ad6ErjvYdGzhsqQB/OlZ8kbuTTRgDFIeD16e9V0sTa7uLjFLjJpAMjBz6U4fKMHoPWgobjjij2xx60/FJx2xQhMb26UvUZA4pwHPP1p24dBg07CuN2EkA4+tKVA4J4oZsfN/IUEetVoIQhcYA+lL7cUcen50E0AB6YzSY7+1Gc4P580ADGM0NDEI3d6MDJ4pwP50g69qEguGD7UbQM+9L7HtSZ3cglcE0WC4oXjPv3puOlLjLK2egNLkEkeh7jpQ0FxMHHQY7UvG36Cg46e9J1HP5Uh3Dac9KTZg8inDPQ0buvTNFh3G44/yKCvtTtw4ORRt4z1FADcA8+2KYR/nNS7do4ppBySBkY7UMQz+Hn604ZB6ZApduFxxnPFOA70AMbIAzQR6/rTmAI5H50hHGPagBVGB7Yo4J+lN5XOetKvp0z3xRcLDzgrSdBz3pM985xSnB4NAIDjPT8aXdwMDtSckECgL3pIYqnLdhnvml6kgEUu0+op3bjrVEsTbgcUDGcUo5+tNG7JzjqcfShAKcggbSQTjPpTsPlcYx/F6/hSjj0+tKBxTExM9BzkjNKQc5BpvJNDYcKw7HsaYIXv3xmlzz0P4UZGOf5UEnPT9KGFhw6f/XrBtFY6jdTMxb986ID/AAjPP58VvK3HHP41iplNUukyMFg6/iB/+uqjsyJbovEZb6dqf1jbNNXJPOOlDkKp45qOpZQ3r/aUSccLnmtbtwPyNYsGJNZkZv8AlmOmOemP6mto4A4AGO1DAjf9KgJ9cipmbrj05qBz3oQxVYEip0UZxwarwgu3Az9TV0ABcE84pCYDrnGBQ3LHPA9c0u7cMgcUHhcYquhJDKf3ZHX8ay7Ub75znp+ua0bl8Dg4yOtUtNxtlkPO5sD6CkV0NAEg544HY05Qc5/pTACeTUqLtXJxTF0FPSmMTjnFKx5+tRtkntSYJFW5fbKoyMtxU0ZPryP1qneMRKmD0IJ5qyCcKQoAPP0pIbRQ1XRxcbprUrHct1yflc+/off8653z5LWQpLGVZeoI5zXabs4B5/Gqt7p0GowEFMSY+V8c12UMRb3Z7Hm4rBqT54aMwo9TaQBTJweOTmrum3ot70MDhHIVgDwfesO6sZbN9rqQB+X1qWPaUG4nkdM111KMJq6PPpYirCVpndSccAhm6kjtTcgNt6VR0a7F9YhdwaWH5ZMn8jWjtwTj8x3rzakXF2Z7VGopxUkHFB+lNJ4OBn8aPm29BntmoNxNoyQG684zTuvrmkyf7vA9KQfeOT05pDFGR6Y9c0q4wcU3eCuTx6A9aX5i3RcY65pDHgk4OMZ9aCMe1NDcml3DBJzwPShgL169KQjBJ70LnPIx7A5pWxjNDEmNyFGc8AVGjAsXzgYp7AsAo4PpTCGJ2+nQkcUdA3Y2RDzh+SOMACoEOVb5sDHFWcAEbvzzURHy5YjnnJqWtS+hVnZI8h2JycZIH6VWaIOAykuQRkbTx9B6VdlVWwxUEL93PeqTynzDt4/iqXsMeXXAA3n6c0U14Y2bPmMjd+Cc/lRUKIju2446VE3SpDjBz06VG54qzMgJz1qM09/61GAxfJ+7jpQy0LTQCc/7IyfpkD+ZFP601tu4euOD7VAyM8dT9KQ4FKwqNunXpTuAFsHNJgZJAGT1xUYdQaXdwTn24pAMPBDN36UMAOvr0pWwSOec+lI2DtFCWorkbHc3v6YowCFODnoTSkENnBAPenjPTOPoKBjNoUZbmjPGNowelSeXhSRz74qORsEBRTARiBknr6+tQhlwQwGTxT8EryOexpBGcnjPNSx2Eb5gWPIxTdqAZI/A1MsL4zggUCFyx4pgV1iLE88A9aTaDgdAx5yasmGQOe3bim+VIOnQ9jSGQBcZIbnpwaYylApzVwW0jLyQD7U77KxzyaaAogs2VBClqUqDlQc4wKti0JI6flT/ALCTyTn8KVwsURGgiUndyegFTBWRCqEZJ54qx9kK8evfFBsyATuJp3HYgwBx296d9/OenrUn2UgYG4+lH2VguAaIyCxAev8AhS8dcnJqwtsc5xnjvTzbYPfrQ2FiqCB74pNwzwMe1W/J5zjj2pRbjOeaLhYpBWOOp9qkEOeueBVsRdsfjTliPY4qb6jsVfKOc/hTwgBBxnNXVt89Sal8lIxlQM4607CuV0tT1YipjDGo65/CgO2acW55NJiIwoA6fjRtz0pu7nPSnKffrRYLjCuD15pB1pXIyQc0wtjgfjTSAXpSM3HXimbs9aYxJPPFPQVmIx2H2J/KgsB3pCwIwarsW+6DkZ64ouFiQy85B+amMR1U49QelMzk8nmgnjr0pXKsSmQU0kYzn60wk7snoTimu3OB+VDYJCs2fbtTdwxyaYCccEn3pM/icdaaYDGfDAE9TipFUx53ZP0pVQ57nHTNTBcr9apCegiJkDg05iARzikYgDA/MVGT1yc/jVE7g8gzkU3fznHbgn0prHsMZHOTTG3sQOCDwcjpSuVYDjqPzJpuGBBAzx+X0qbZ0BPGKFUEfMPzqbagA+5kccU0Iemc96ecY4+6R0oXn1x71ZIgH4/SnYGBxz15o6YAPPelztwCTRYkQZ4AB4Pen4xxzmgJzTgCTmkCCkwB+FSBRtoAPQc0ykMGc/jTuCBg07b70hCFecEjnNNITYiIxAy2fc0/CqMZ5pvUdfpS4BHBp2J1EIycD9KORx7+lO4U4NITuzRYdxCeKQZJ7UhB25xyOgxTvTPGRTYrjcjp37D1pQcjrQQOOOnSkwAc457+9ACkUuVC5OB9aQHgnNO69s9sUwDPQjmlBHpTMYbg/hTiQDjmgBcDpxSZIXp+HrRkcHn3pR68/lQAnOOgpcf5xSEbvajJAoAXvxyTSEkemc0vfryaceCRQA3HTsB0pDTu/NBwR6UWHcaFOT1H4Uh7gE1Lgnnr3pmOv0pWsO43Lc8D2pR6UYwKXHPWlYVwBGDTD04px6ZzikI9aqwXGcjng4pc89e9KopQOef5UrBcTjPAxS4+XA70h64BHNOzxz1pDAe4FIR2A6+tOA7A0vf2p2FfUaMk9D604gdDSZHTilGfx+lIdwPPX160o6daMUfzzTE2O+ppAuB1J570dMjpR96mK4uc4zSggqO2fzpOn4cAUnLc4p2JbFHU8UcDA4xSZCqWY9O5owAS3c8UFIOSwGeDxnH9aeckjDD34puMjPt1FC4UY3ZHbPagHqPOByTWNcHbqu71Tn8CK2M8cYNZOoJsv439V+veqj1IkXYxhutEowufSkU5UDpximzthVX+L19akpFWyUG7nYAcsK09w6E1Q0xQxlYno/StBu2alFNkMhwwA5yKqNycD1/Kp7p9uOcHHrUMIP3ufzoBbFiJBGihTnA61OAc4PDUIoC9OtSH7vGKZLYe2fwpjtnA4696cTxiomPzEelD2BFLUJdqNx0Wo7NCltGnOWG8/WmX7HIXnJbpntVy1XEffn/ClsVctRAEc49ODUhwOOntTBx1xTshqsze4xx+WahJ55/lUrZ29qrBiG+9kCpKuUrw77lVBxz1xU0ThWC5wD0quSGuHcHoe45oH+sUYyegHTND0GaDcLnpjrToZACF9OKjJV0U5znqRTJP3aFuMDk89qV+wrX0Yt5bpKhVhn0/z61iT6Wm/fGSPauhWRJ7bqNw9utVSAF3cj2rojWlBaHHVw0Z/EZehyG38QCIKpMsRVgfUcg/p+tdS2c849yK5Et9m1mK5G4ZbaSD2PX/AD7V1q7WXK4IPI5Bqq75rSJwi5bw7MTBC9vbjpTT1yOlO7Z49aj6DI4xxiua53WH8e2TzTeAAc5GKUcDP40w5zx93p1pXGAYEg447k0voCBgcUoHBx9BRjJ569qGNC7cDrzinBsr24601QF4GF+lJ3GOc0WFckJGeB19qCcck5ApBwOmaAAzjqO/NPqJ6ICdo9/UVGCcNjIJPYZx7089T7e9NjHyexPOaRS0Q4qMZJBz7VE/ynBBwe9Snj16elNYnOKTGVCGHyDAXsMVVAUuVwTxyAORVqQndgg/X0qCby33KQfu9c4rKTRXQY0iB2Egxg4FFQMWY8PkjgllyaKl3Ed47dhUEhJqU/LnJ4qPq2O5rQixD396XA9KlKAHPf2pGU9hQMjHT09qTAzzT2Ax0z9KilYxrnBI9qQDXBzwPrUbKpGKlOSeKYwyORzmkMpSRuDuX5himb+Mc8irBYBj1FMYK/oD60tRshMyhvw4qSFTJgkcVFDEGm+b7oNaQB24HBo1FoReWOOKQrzkCrAUkU8REY4NAyusRPU1KbdSORVhYyeDUgi56Gkrg2in9nUYwMetPWFcfd+vFXRFjqOlOEYx61XKLnRR8r0Wl8pRztH5VeCgHFL5YPUfSnyhzmf5Q9Dmm+WuehxjtWn5S+gpCgB4FHKw50ZpRccKaXZ7VfKDdjHUdaPL9qXIPnKAjIAAUml2HHSr3l8cik8nJ7U+QXOUivsc0mBzmr5hYjoKZ5XqOaXKNTKmzj/GjA64q0YvRaXyucAHNPlHzlMrmmmMnpV8WwbnoKd5MaDOfajlYucoLC+Oad9nz1PNWSo4xnFN/GlyofORLbqTktT/AC0UcZJpxyM56emKD060rIOZjMe2BTGye1OOelMYEjihCuMbGcCk2lz6etBQ7sZzTiQi9Tk0CGNgAZ4qLcT35pHYu38qB70DEPrzTM09+RiomYA4qWWkJnH9DimM/Xmms3HqPrURIweaLlCs+eQTTCcjg5o3ZHT8KQAj86QrCAZOeaU45FBPOM8mk5AFAxpfPDZzjOaVkJGc808xkg9h2pAfk2kdqdhEQ64IqRIweoNGBuPFOBOMj+dUkIUA/hS56AA5Hemebt4x16UbhtznmqRLEc4Xjn61CSSfmPT0FOZ1x39BmozIT1U8n8KQ0hMjzMAc+5qQZyM9ugpnBGRnjtUqtnn8jTW42G75cYwM9DThj3phztLbc4GcCn4+Xv61RI3ad3U9MYFAbHfinYz6/gadsHAx17UWBjeSOeppw68/nShcL06dhTh06UEh274p2ccAmmc4p3Q/1pgOLEckdKCfr7U089RS9utPQAyfWjB60oHtRnHvSsK4EMRhcD3NO4FB6DHSjsc+tNAMxz7UufTNB4/rScd/TvQMXNLximgnFL26mmhWDGByKQ0pPTH40gIxQAf5z60bjnr26Uh78YpOhpgOH3s96Un261Gx+YA8jqKduOeOtAh3UZ9aB61GSeMMR7U4McY9KBjjxtP8qTnGc03cT2OKUMPX9aBDsDHGRjuaMdMdqYGwOTSg7RkE9aLDJMmgEmmbuOvWgOCRknpTES9QcjP40m7PHOe1M3HB+nFOyd34daGA/nPekyAOc4HtSd880bxnA6etACcfL7mjnvRkHrSE5HSgBCSCCozzzz0HrTvalxSEnGaAE6j5jml6n3oHWndiB+dFguH0pMd8Gjt/9elye3FAg/izn60DnHNHTg5peOvB96TQ0xhPP1FO9eOKMjGaO38qADt70ZyePp1pM8ZpdwDBT/FxQDAZ3dz7ml9zQO+Tg01GYFvMKkZ+XYO3vTJHc46j8aFJJPykDPGaTd93CsScDipOe2eaGAdBk/WmZ56804kfX1phbnPPsKBocSecHHes7VekUmCOSDV/JIxg/nVTUk3WmfQ8U4vUU1oSRHdGCMex7VFM/DsT045PSmWMv+jnPUf/AK6iunYp5aD53IUfU1JUe5Y0fJtpG7F+uePWr79eT0plrbi2tkiBJI6k9zUdxIETk49c0kJ7lGVvPuNgycdqvQxqEx3qrZxsR5jE5PrV0NgEUxtjxntz7UMT2/OmBjg8Ef0pwFCEIeFzUYbEZ4PPNPuGAiJJPPFQyNsjJ6YGaARnSfv7+OPqo7VrJgLnJrMsV8yeWbBzwOTWqvFA5Ck+54oQnPGRzSH06elKOVwM4ouSKck/0FU7tTEhOSDjHSrwwB/jWfqreXYnbnJIH50Ia1ZVt0IgG4EknmnOBHL3x6U9WVEjTBJCj+WKjc+cxI+6tHmMmgBaLJBxmrGBtAIxx0zTIFItwCTz6VGx2ke3p0qCkrkVm2JHU56ZFFyzKMjgn0HNJbgNcN14GOTRNF52eRz0q+hm9zHvskMWyW3V1VpMJ7SOXBBKjPFcreDzJsAdzyOv+eK6DSCfsSLyNvH+RXXUj+6V9zgozbrtdC9uwab8vp9KaT83BIIPI/CmsTkYPb1rkseiSjBX5aaCTnOMnsD0pAQwOKcAM9gTyeKSQhBuXt0NBHI5PI6ClOQOBnjjmmrlhkqQT1yKbGgX7xXGAO+RzTiRnHekJwOpPoKUcjJ5NIYZ/lQvzHnODSEc8Ake1LnAGBQgdrWFIZSVJ6jgk9KbCxMeAMY4yT0NLzuz1wO1JHkLuOcE9O1NiWwHOM5OM9CaRcnqCBQSvC5wTSgjdtGeuMjoKlF3IZ0YnIUkD07daqtEQd2CFPJIFXpSFIJ79qgeRTGykAehHFRJagjPnCxyfKhIIzjpiipZCgbBwT9aKnQDtHUkYA49ajSNhu3HOTx7VZ2+tNOFGDxiqZFyFyEQkkLjkk0jOGGfXmoLhlkl+bkKQVHoRUTS+4oSFzXLJIxwOfrTOBxzzVXzwOlNNwSccY7UPQZYICk4yM012OOBVcznNN844wAKSQ7gx+ao2PXjg9aZI3y8fgKb5nB+XtTSE2LHw+ccgY6VoxNnnjB6Vmx8ITjI7c1LFcMr46jPWk1cDXjx3GKnAB5qpFKGWrSngd6aQmyVUHBp5wMU3PHSpAEPOAapIgQEcnBoGcHjilU4+XAx9etLnAwKYCbc547UAHilyfrS5wBQgAqfWmYbOP1p4bnml49f/r0DuNxnFIVP4U7OKXIJwR9KLAMw3fkU7YQOlOOcnB/GkVjnk5+tACc+lJ1PI+tB5Pb2prYANFh3Atz79KYWBz19jTS2D3OaaWPr7UmO48sx6kHtzTSTnBx+BphY59ulG4+uTSGKSPTn2pu3D59RjikByeTS5Hr9aBiEZ/8A10Yx7UEj8KiaTqFpWAcWA6CozIAeKbubFRSMF7/lSGkK0vJJbNQu5Y8U0kk9uKAOeaQxR607nNKq8dqHdV4B5pdQAjA7CqM+VlI5xjj3qyTn61DPyoyOnfFKRUbogJOKY2M9OaUntjNIf8ioLAHPWjIxTc447etLkkDqMd6ADPSmlyeD+tBz6daNnB+nGTTEOU4IOOtKTtXJwB39qFHABx0oYHP41okIUEGMHtjtSBx6ZzS/dBHfsBUW7axPH0pkhIyDGQOCCKUDK9cknvULDkHbyCf5UgcngE9fzovqNq46TlduR1xxTR1XI/8ArU7g9h9aC3HfINAWHbeQT09KU8EZwOe1N3YIPQYp42hgNuc96pIBQAew68c1J1wefc0xepGOR3IqRQOT1qrE3EA/OlGBjPNL2oz6DmhA2Bz36UE8cAUDv1NG00mSHTnFLjAz/KkzyM9DSqfkxg59OlAC9KQA5yR1oH0pcHscYoQxwGTSYw3TIpB8qjcabvGeeGPBH+FFwsSZ/GkJ6fWm+vp3pFfK5/KmgsP9OlBXFIDwcZpOnXkikAA5ORTtwHFM3fp0puTnPbp1qgHknPSkNRM/cfjRu9KBEhbJ74pC3Wo9wxzTN/OT+hpgWCcD/Gmbh+PrVd5sr7dqjWY4OTzQmKxbLjvTfMAGKqGUEbT37etNMnGKB2LnmZA9KPN+TPTNUTMByaDcZXC5PNK47F5JCR29+c04SHbnr9D0rO3tk88daer/ACsA34ZouFi/vB9RmnBueSeRVATjJyQOB3p3nqB1HHqaAsXdxHSneZx3GOtVFmDN2465NScf3uBTuHKTeZ8xwOnvThJg9T1/KoVHfNKcbuPSnfQVtSUZPzDOAeeKeD04+lVz16fpThnigLE27uR+OaM5I4HPXmoiT2pOevPNFxWLHU8UDp9ahDHn+dG8+/X060JhYsenJGKTr1qIScdKkDAn0IoQrBn3704E9vpTeufSjBIyaTC4vqOtKCe3480fzHakxjrTC4uMgc04Lg8dqaB6nPtmnZ69gKQXEUMVJYYPPTn6UDAPAwB2o3fLj88mk3E9BxigB3A6YH4UMcrgjrTd3GKQtz1ApisKCFAXFMZhux/WkLjOc4PvUaBi/JGM9MflSZSRYj+9lulR3abraRQeo6VKgPtz196HXIPuOlGwPUxLR1RiDxkZqazBuL4sRlY89T1qozeXdEcYDEZJrR0dcQP3y3JIpyJjtY0m4AbkDHSsy5YzzLCpPXLfStCdtsXv2xWfZDfvmYZ3HAz6CpY4l5FCqDjGO1NHBII+lOJOMU1+mfxoBig8n69aUMSeBxUQ+uc85qRBkdccdKAI7k5aNRkc5+vFUdSl2whBncW/Spp2b7cqDj5CevAyaoz5uL8L2XANPqNaalzTl222SPvHOPatAdOnNU1/dogAGQoBH5VYVxgY6+9JA3cc33/r3py9R34qIHnJ5OOtTJ1J/ShsQ84A6e1ZeqYYwxnpu3H8K0S2e3v9KxNVlxcLj+Ef/rolsOHxCRRr5bOe/AGanRDhVUZJPPvUUalbcMTggcc1NpoaRmkYjCdPel0LZotGEVVxgAY61Run2ocdh6d6uueGP16VmXaNsZiOg60tgRHbsRDk5yzZ4qxPcfZ7KTH3m4Bxzk1XgV3hVVA7FadfIMRR5wkZ3Nx1NbRV3Yxk0lczvLy6nB2gda3tNVha5OQpz3rIA3HCgc9Oa3LXEdqi9SBzXRVfupHHRj79yT3OSaQ5z7frTiM4yOfWk3fKPWuU7gBAUZ4NDY25PGOaTjPfPTPejr7ZoAU5xwecdKOR0Bz39acoxnI+lNx844pMaFwCccYI9aeQQMr2HemNuboQoUfe6mkEZ+UM7FTzk8UW7k83YDJ2z+AFNQlpOOR704qqg7SQKXYcfK3zDtmgab6jJSQGPHJwOam4WJePw9aiSMkh5F2qOcGpCdxGOMdqGUloJ9Aabls+/vS+lL25A5pDG4zgkd6qykq5G0eowOfpVs+2M84x61Xkj5y5J4x+FQ0CM95drEsAAei56UU+ZGD/ADeYOeNtFZso7eWQLnms+a4OMZHWklm35y35VSeQFutamG49pDUTSHPAyaaW+lNyCeufajYY4nnd+tNzzkYpS3y5AHFRljg46GlYY5jz1z9KQt0GeaaFPTPFLikMMnn2o6rSgD1FCruHX86YkhccDFDDnsaaCQcYpSfYe9IosRSsMAkVehmJA5zWWpGRzViN8dxSvqDRsJL6flmpt/vWUk+Dyfxq3HMDwSKtO5m1YvBxjoB9KXIPcGqgcEZ/pTg5yP8AGqJLGccUpzzjmoxJ7flThIO2M+lIZIOvA/Kjn6UzzP8AaApd6joQOKYrjvcflS9OfamGQZpnmDOM/hQMlJGPWm5HqKiLcjHX1pCxzwOB0NJgOMh3YGOlMZvmwDTNxJyTTRxnt6UDsP3DFMYj8cUhI9KjaQVLKsOLEfSmseM0zeWFNLdP15oGODtvIHSnF9o9ai8zjA4FJuGPQUDFeQg7jk+mKRnAxkgVE84HAAOe9Rbi3WpdxpEpmzwp4qMkkGjABzmlJ560mVYTikJNNyepppbn+fNFx2JMnPWm96iMw3Hg4Hem+YcdutTcaRMWHNVWkLAE+nSnM5zn9arnHbpSkNCnrSEjpSnPTtTcc4qSgGM9eacMfQ04JgHP1p69enQ1XLdktjVQZyQc+lPIUjGKUE5xgYzwaY53Z/xq7JE3uJjnt+dNMg37ADgc7j0P+f60wtgn5qQsq8HjPSgBXPOD+OKjlPJOSSBnpTWdlPTdg9R6Upf5yRRYBqnna2M5wT60m0k9AGHGTSHG49c57DtShhnbnnr0pAh0fTnlqac5GB09KcWXYOAKkGNo+vpTHcVQT7nqalRCASfWlVAM4OBSk7CqnueD6VqloQ2PxweKQjB4pcDac03JKjJGcc4piE9ef1poJB9KCOcim8Y57HuaQEn97nPpQpByeeuOaav3e2ad6YpBYCC3A/Wnfe98UwnjBppyeDyDxjFFxpEp4PFJmmcAD19zTWJyaB2HkHcMEdRn3p2QD6moxhRwePSl8wcL3osId/Ec88YpDgcZx6UmePWjoOtMAPT3FHvzim7hn6U1nGPrQgJCcKTkelMyM9f1pjtgcd6i3hRz+tMRKzZT3qPefemNIAMlqg8zDEAii4rFgyfkfSoWkw3Ue/1qLexzjg49aQKWJByMHNNjSFeTBPuc0Atk479Kiklih4PzHGQBUDXbOCFTaPelYC4zBV5YfXNQvcrnAwT6CquyaXk888cVJFaOOg/oaegIDcEH5ADzxk03zZCeCF9MDmpltGALMRjPPtSgRheVyAeoqbjsRKHIBLdxyDS+XIACTk/WrEaFCNyBdw4UinrE+NxJGPbpRcOUqGKTn069aZ5D/N8vJHOT1q/HCzR5x7e9OEbDG4dwOlPmHymcwkYdsnrxxStLcgAenHB61pGEMCQdzAelNK7U3HgnjApcwcjKHn3BGfMK5GcCntfXJbO8j2HQ9qkZip6rjHcdarsWB4AyOnFNSQnFjZL+4Rt6sF45HWnDXp4VdnXdgcYHLVBNuLEeWNvU1WKcDcBjOOfWrVmRJtGrH4iVzyoAx796mXxFD8xYBQPU85rnWijyV2EBRzx1pv2cONwOfXFVyIj2jOti1e1nwEkIOcHdVwTxgjfIiZ6AsAf89K4IQYYnJGegz1oUP/fIx2yaXIHtfI9BVkkztdWwPWnjHTOcda4SK6uYgPLmZcDseal+23uci5cEn16UuRle0iztlIPy7ufTNOweme1cI99cCYHzW3DBL5I5oF/Pjf5z49dxqvZszdWNzu8NnIz60uWHf+lcKt3diM/6TIPX5jT1vLlRzcSt7liaTgylUidwSQCd3TpzTWfBwWUZ6AmuIFxM4IZ3Ydsk0sjO9uV3suDng4PH8qORhzo7QHsSOODx/nNNLlOhArE0K6nvIHVpOIiANx7etaEkrR8sylRzhBk4/pWbTTszWNpK6Liux46+9MebYM5A+pqpJcT+Z5axMSeQB1qSC1kYh58g5yF7D8KAasORnk5I+Ucg461aiGO+R/WlCjAHGPepFXjj1pJgyRcbev8A9amucD6elLnjj+dI33asgwNRXy7tiBgNhufy/pV7R5F+xszEABzmq2qgmRTwflIp+iHEEig5w3Sh6pCWjaLmoSMYgqn524HuadBH5SKoxx1qvMDJfIMgbRnmrmOB2pdSug7cAT9eaYeSBjil9ASMj3pSueeeOaQCcY9vSnJjP+NRkgHqOakQcjj8aETYz7g41Ny3H7oYz9TSWERAklbBYtgcfnTNVQreREdGUg1ejGyFefrRYZG5weRg9s1IuNvbNRMQW5xg1OnK9QTQOwirl+enNWF7Co1wfSpRxzSsDK17L9nt2kBCngDPY1hxqZbgtz14b1961NZZRp4yeS+R+FVNOibZvK9OR7UFR0VySdtyLDEPm4Bq7Ai29uqA5UckjuaiG1TgDk+1Tkfu8heBzgU7aA3cezoLdiWHTjIrHlka8nWNPunrzReXrTfIEIB4we9WLOHyYS7/AH3HI7gU4rW4pvSxMzR20IVTjjmsS9u/NJUH+Lmrl4+FYjtzXOXcpdzyQc8nvXdhqXM7nl43EezjY2tPZ5ZsDDKORjvXSJEY1AcjI9+nrWL4etSsRndegGM963GJJ5NZYh+/ZGuDTcOZjFIIxjHtSA8gdfWkwS2QMHnvThx9Otc53CjkdPzoFAHHYik6yAkgEDFAhSS3pgUD3z+NAwGOe3anYxyeAe1KwwYYXI9Ki3FgN3AHGPepC5UbW+bHoMfSqmdnLnlmz0q2tLkJ2lZE6sScZ/SrHAHQHFVokyQVOAPSpWfYoIG/Hf1qCxWJ5OKQAcmlHOO317U1mbdgAEdc0rFXFB44G3HrSjJGCKD+O31oOcYyKQDCSG24x79qbIpOBuwvpjrT8gEls9OtJkOu7AZfanYCqyqzcxg498UVFNP5cnzcg9KKzKsaXmlgSTTcEjFVRu96mDH8K1OVMdgjknpRuUdjn3oBBNLxjjrUNGiYZBH19KTb6UdsUhPBxxzzTAGT3/Kk3Y//AFUu8jt0pG25zjr3pDA9aeCBjB6Ugzigdc/gaQxpHVv1prk+X8vX09alPQk1CQcZ7+9AxdwB6e1Tq2MY5FQYBXr2zTgSCPX6UWHcshyalSVh1NVCw3YBpwkOMZ+tSOxoJcA+wqVZckEHI71mh87SpxxipAx45ximpEchqiUeveneYDWWJ2VuefWpBc5GKfMJxZohxijdzwR7Vni4Xpk896BOAAA30xTuTys0dw9abvGOtUftH+0aj+1DdgZP4UN2BRNFpBmmmVemazzcZ7Gmee57/pSbK5GXzMoPrmmNMQR2qkZGPJNJub1xSuUoltpT3PQetN3n1FVdzf3qTdzgNSZXKWQQuQT1PrTfNQZ+bJquTjPzcmkwCuSc4FO47EzTf3cUwszctSAgdP0pPMVcZOSaLjsPx757UUzzBzjGM+lNeTYwHdqm47Euf1owPzqPzFDfM3vjFQzT7mAXhexx1qbhYsO6jv8AhVfJZhzgHrUQwT1qwFAweRSHsL5XfP501lwOtS/dHr9aQ847+1XZE3ZWYc0m3n6+1TNg5zSEc5FJodyLZz1xS7D25PvTsRgnrzyTmozIQevI6UrDuO69xRuwCDmo87m9OaCx56ZFPzJHGQk7ehHSo3cKMn86j3KTw3JqN2IzgZPoPSpbGTbtylsc+tRqcrhhzQJWMbL0HbHNQhskfNjjIp3EOKyDcGZMA/Lzyaj3ENuJycelNZ/3xGB16YqQKvL8k+/ai9w2HCRiAd3U4ApzHD+3uaYrP5m0gcH0p+wkgHIyOopgLGhc4yMjPJ7VZt0ZYwjuG/DFMt4vLUruJBOeetWcdyO9XFEtiDqB1+tKMc9T6U7HGfzpoJPXoKsQdwdwx3pMnPHP9KQZ3dtuOfY0MSBwBSAUAA9ufeiRRtBz9frTDyQcng5604nAA6mgBvrjikUELkkE00Enr6UvI6d6EMcTk++Kbn07etJknofpxTercHikMeTwM4pu7Bbj6UztwcGkZgKYD8nOOaXdjrUO7APtRuHPNArE2/qpHT1pC3OegI4qEyD/AD6Uxn4PFAE5Y9KYXIJyR71B5xz0yfSo5Jc8gnNMCcyhe+aheTOefpTCSwJI5/rTcYGSQB3zR0HYUt8vbJ4pFcgnPTHc1BNOoIEWG9cVFh36scHk0BYsNdIj8Jv/ABqBnnmY8lecAdKtRWoBBOM/XrUyxHaQBwOKdw5SkkKg7mO7npip1gVemCcAk+gqR8BgQMCpoUBX68mpArKME7gfTHSnN8yBuvuKsOFVOg5OM+9Vt2CqBeOwp2C4rlTwB0Xv1NRqGQHKY7g1OkTF/nOB7VMqKCAB36kUDRXETO4YthjyD61NtJ3FiWzzyKm288AdMUbTu6jFIZHGoRiQTjt7VLgfrnFKFxgnrScnkqMUwFU4PT9KjZFY/Nx7gcVMOv407bxz60mguVRaIVP/AKDSixB4wMf1q6qDsfengYX0zSsCkUP7NBkx1/lSjSEBOcE55PetIcc9+9ODc4BIosHMY7+HYZiSG2k8EAZxTP8AhGYo4iBI7N2Ldq3fMHB5Ipd+ec1d2upGjd7HKS+HJ0chTxng46f1qCbw9cx7iuJR3Cmu03Dv+tN3E9RyKOZi5YvocBJp0kfBR0+meKrxeUpOXcZ9RjGK76eGOfAIwAcnFUJNMhmXbsUerAf0qo1HbUl0o9DmGhR+G6E9qYbVdoUDAB6VvPo4RyFc5Azhj1qtJaiOPJw2fSj2kuhLpIzvs4DYJJzzk8UGHYV5AXGSc1YICr1O4j0oGCMO2c9qfNK4ckURqFGffv60wrtyBngcGpFBLNkcZ4NNbdkADOTmquLlNbSbSBLUzXEwDtyVznFX4IIZ5NygiFTlcn7x+lRwxRSohURjdGCRjgepFaEEQjACjgHrmsLt6s6dIqyJQBGAAMDvzSHk9s96A3JyaXk+1VaxD1FUZPXmnjP6UzOMdaceeKSEHfO49OmOKVssp57dqO3HH4UjHg/l0qyTK1EZdM5wc1Do7bZpFz1GcfzqxqA/dxMeu6qNozQ3zEdx3HtQnoJrU1UG+5kYEdMf1q0uDxn6Cq1nxHkdzk5PerWDj+tSAcY6j8KaT8velb8D6iq9xKI42JODigY5W3ykZ4BqwoG7tVSzyYVZ87m+bpVlD82OcdhTsIq6nGBNA5z94jk8U9f9X06UmsDFiZByY3Vh7c1IhXaCDwemTQxorT5Vt2M5OM4qePLAHj1pl4nyKCedwxj64qeJcqMelIY4DnindOemads5IJ/IYo478jrzTRMjB1yYPdwW4GAp3OfqatQ8xgKcL2wKxX3XV4ZXbHmPnGD0ro7ZP3a5GAOfrRbUroRqgaUfMcgcVFf3O0iMZ6VcVPn3dR9Kp3oIHQc9u4/+vQCepRtoPNuQWP3fetGU5Xbk49jiktYvLiJ6M3OabcSJCpZiQB6960iruyMZyS1ZlalN5Snb+tZFin9oXu3JPzdhTtVuXPy9WY8DjFX/AAvppiD3BbOTtHHU9+Pxr01alSb6niyft61lsdEifZ4QmQFUYGT1qRDnOOhqMjcwyfl96d0ZQDivKk22e5FLlsSduD1pvI5J4+lO3AEAnkjPSk69D19aRQ4cYzx9KTcCOvTjOKM9ycUoGT7HvQMcq/Lz/OnDrnG70o6cD9aZM5RcLyx6AChEvRXIzlpSWIwvamTZMJ5xjoaBncRzuPX3pHOGVc5GM4x1pt62BR0uWIVxAvI9zzml3DHHc0uxQgzgkD1qMZfHy444JIpNaDiKC27Oe+AAKeG+XqD+NMJ+XgZpPm3fw4785pW0KJcknrSADlvX3oU8AE5/Cj5WOAQR7dqQ2MPU57UDHQDAHbigkZ65BqMNmmIAgEjEEc/3ufyop2xSSdoOe+KKRRCjExlsA4z90U7NV/OSOMkkbRznHSpRIrLkMCD6GqORE2eMgninA8/41CG5pQe+eaGO5NkdD+HFBHp1qPcQOTTg+PpjmpsWpDiDt5Ap23oRTcknAP6UuTxxSsVcX27e9J7dTS545zScHPfBpMEwP14prKCaUccc0ZGfxp2GmRkYYjIPsO9KWOCOxz+FK5+WmhsEhh344oGAzuxnP1p2ecU0rgHIoyff61DRSZICc98UBzSbj3/SmFj3BwP1pWHcl84g9Kd5qke+KgDZc4B+XqSKYQWPUjnOaGMu7lI5IwRmmb04APSodvpkUdzk0gLBcdQf1ppmUE56gelVzkevFNJLdTyf1oYWsWhOpJwp+ppv2gg/XpVUEjqeaUHvmpbGi15xx2FMEjH+I1HkE4HbqKFYEZFO4yTnPPWkPBxzzSF+nNIG7/zouNDx9eKVsbc5wKjLgDGetDPkFSOKAHjOTkn2o6H1qPflvwzRu/SmA844yaVjnpzSAgrnPQ0ZA649TSGIRuHQnmhl796PMx3pwbPXvSENCgAHGKlBCp05PtUDSc9/pSeZxS2AlDkKBkkjuaQvwP8AOKg3E844o3kAZycc9KdwsTM54OTTWkyvXFMY9s9efpTc4yM9KTYJDi+RwM0xn/PrUe4huuc807IwCevtSuAm4gckj1phlyAM0h5Vs/nSDkDcenI4oAR/lPJyKjkc8/OAfY04kMxDHoOBjtUbRMZlCsSccZ7UCJExgANnI5OKYW2yZbnuaRGImIOMAc800I7M3y5HfNJMQ5GVlJcjI6YFSZO8gDBHXPP5UyNduflPqDjpUoxIN4bHYgmrWwmPdVzvBORUoVnYZJxjINIq4XIzU0YKoNw6jrVpCHrwvJxjinLHtVUHReBzSH2FL8xbrx61SExQck/pQTz1xTVYMMg9e9IT71QkNznoTz0oPSgj5evT1qMHoO1IoceT16UHqeetMJPqT703dgZNAD8479qTeDgUwuC/tUZf6UASknNMLntSGT5SMVAZAe56d6AJZJSOuc/zqJpSc84FRs3HQk9uKjycFRnp1oAmaXjg4pvmkdO/eowOvXkU/gBlJ96BjsnGe9M+bJxz9aarYH14Apn2jYxHBPpTQEmM9zjPIxTJCFA3HvTQ7s2FBBA5x601oX3bsH3I6UwCS73KVRcDpyKjWOWVyd455HWrS2n7zdIh7nb2qxHbjzN3NTcLFaK2GcAZIHNWkhK7vlByBg1ZCgIAM8cUfjwOtA7kITaGGcGkwCR3xU3qDTOv8XH1piI5E3KAOBnk1MMKNoxx3pvPakOScdR1OBQBFIDK20HC9TipI4AnYflTwmD0PSpVBJ60XHYbt6A8mjDHHJA9qkxjnJxS4PoaQDMccnrQQc/TtUgQn19aXZ0yOafQCIA4wev8qcFDc4I57ipAvGP504LgcdKOorjUQYOR707bz6e9GcdufrQSduRwKdhXFHBA7fypNx5570hyT3NKExyaBIUvx3680u73pvljJ7HrSlPelYocDz1pwOf4vwqInaBTt2D/AIUyST5sU0nrk/8A16bv64qvLc4JwM+lLqMfJIqvye3SoTcpgkHqTjrk1UkuiR0Jx/OoCJJJOirnjJIquUXN2LTXUXzNuHI4yefyqjLNbTHjk427s4/H/PpSvbfNl3XbnBKHNR3NpDDyrmQkZHPI+tCSC7ZWgsp7iQJHl3BJJz+pqNwY8qeCePoKuWd0LSbzQTx1HqKqzzCaWRwuAWJAzkimTYIinRuT1zmpDGX2queW4wagUkNlT15yKsLJswT69cUAdLYRqlsisgVlGDzmpyAvqR9aqabcia2ADD5e3tVw/eJHU9albFNje/bipF6dKjAxwOv1pysRx/KhhcfhSO9ISR+IxQM9fSkwSwOeR0xQIdn1/lQ3Q0Y6Hrz+VBHHJzTYGdqQ/wBGXA6OD/OscMftSnPfOK2tQXdZv7YP6/8A66wmBWYEnjAprVEyOgsjuB/lVzkdPrWbprYJXPXp71p9x2qUU9yInPJ/QVm3EpluBEAcD0rRkOMsTkYqhYqJJ3k49qARcRdnUEY7VYQDv2qHPznJ6cdakXGM+tAh00fn28kJxllIGayrWSQRMhHzxnBB45rVz0+vGKhuLcNJ5qfI5GCw71VhIry3C3NvHj5XEgDKTyP/AK1XLb7nP8qzruDYTMJAWx2GK0bUhoFIbIHWlawMm4OT6io5yUgmYZyI2I/KpFIwepqDUJfK0+4fgERnH+frTQmc1aR/vlXqcdfSuiiGxfl6fWsuzt440jkBbcw5yOfzrbt4iyrkEY6UupT2GopVecjvxWc7ebfFT/CM8/nWrOQpKHv0rMWIpcM7Nkt7VSV9iW9CSRgAR0Hese8nEgZmOFXPJGBUOpaiS3kwkGMAhmz97PpWS5km2xpuZnwAB3J6Cu+jh3bmkeRicUruEdSzZWh1LUgwGYk6tiur2rDGqKuFUYAxUOm6eNMtFi6yEBnPvTpCS465zzjsKzrT535I3w1L2cbvdkd+8myMQ/eJx+FT2yeXH8x+c9ST0phcI43DPHFS7iRx1Ncktzvhdqw4sSSDT/TJ/KoRwv4elODDqccGpuWPzke3tUmdvTp3qNcdh+FNuCVhYcAk9aEAvn5+4enQ06Jdzl2GdvT2quvyDP8Ak077QqQeUQAzHjHerSM5akkn+tOBwahVvMvlXn5V644qVI2kGWkwCOAgyR+NPWJIVxHvOe7HrSSLvoObv1x60uQMhTgetNPXg8Z9OlLt6joKAAnauW4A6UuTjnt0xSAhnC4PPOccU8DjgcEdqm1yrjM4wCevtT+nqMe1NCgZ5BI6ZHSjk4wcAHniiwDWOcnpjqKaCAcDI9/WpSxqN93IBA+o680DEJx/Ew+lFGcgcFvcUUg1MhZQTtGDxnn/AD7VZR8noBx0Fc9Dcsp2yc+hFacF4CSBzwM/Wr0tYwsaW/JBz+dOV/XNVvOUk4PTqMUKxx3OD19qm2gaFrzB04z25p+ar8EEnv70okAAz9TmncViyrc96cDxj0quHA6nqcClU5yQOpyae4XsWAe3pSrgZ9+eKg3cDBBz0p+QOCeKlopMl7c0hO457/Wmb+M0DJHPPPJosUh/fvTSCcc4xQfpkUmcUhifNn5hxShCOetKHBz2x1xQc54PFLlC40Ee/rSk5AIH4Uuzim5IHTv3osFxcEim84Oc9eDQWDKfUdMU1iQvU+9S0UmPzx81N3HBGOaiLAKDkYFL5gJ/CpaKTJOi0wn14/pTNwxwe3pTDIDz/SkO49mKfLjgd6FPWonkGM4wPenocDkZqHuMnDZwSKUvgDAxUDN8uRjPpmmB2J6EEUDLG7HHr6UgOQSDxnpVfeduRyKVWJOQcUlcZOxwuc8d6Bnmog5IzgFTzQspx04qgJeR60p789RjFQ+Y23AH40ZJbcOvrQMm/gxml5681GHyM9TSbircE0CH89xg0qsw5pgG/wCbv35pcMw+XoPXvR0AdnKZyMmo93Q5PFOck9Tk01QSuD39KkBPMAYA8+lPEmTxgUhXgDAqPvjpRqhky4PXAobrjp71GN+D1A7U88kcEDj8aa1ENCt2P603YQxB4HYg08HB+Xn6VHlgT1x707CuRn5XwAST2pdnHPapFw0ijbyPeiQ7UJVMnpmkkBXIwc7RnGRxUUhKfPggnBOOv1qz5i4PGQOpHaqjqXIOTkNxk/pUy0ABGp3NkAZzjnn2qaOKTyvMDHy92w8jrjPTr+NVhvEeMZHuBVqPoGzu4oSESpExUgHqOc0LD8oIBA6n2pVznj06VMNzjn6VqkhD4k5xjFOlcR5JDYAzkU5QcZ56fjRtyOec/jVJCuOHK/XmmASbm3MNv8OB0pe+OaccYHrViGqCFx+eKbnsf5UuwCUyc8gDGewz/jTHyRgZHfOaQCMwz35/Ko92WY9gevWnk5phJBwRQAZJ6fhTCdwx0xS5wfTNMY47fjQMRiFOBUZfPQducU13znOag2luh7UgHN1zk/XNMDc8k+1KFLdOtAjZSF2nI96AHYYYDHmk4LfjxgUSMF6tkjsKqyyMSRnGeOKuwrlt5I9mON3oDVdpG6JnHuKYse7gKScck1ZWHA4P4UWQ9Sthsgux/wBkZ6VLDGAuAm73xVpLfL/ON3AHNWEUbfu4z68GhDK6IDgAE/SrUaDsPwJpVRVGQB74FO5yMcdjQFwwPTnpSDGcj9Kdg/nRtzjjHal1C4LtK8DikwR1NLnjkcUcdev40xXGMPm6nFRt0IXNSOcL1FVwGkYhARjv60IY7POO9TBRwRmiKAJjjnuasCM9SM96QEapn61KEAANSBdo6UH2xVWFcj2j0607aevT3p3HUDpzS8fhSFcbnuKXBx/KjIA6UuevvzTAYfbjmlAwR9Kb1pc+3X1pDBRuJGfzNOx+ApoODnoKOTjpTAk65z19hTevX8aM84/X1pCCeMdqQh2SOo70dDimd6C3Ht60DHYyMcge9Mfg+h9aa7jkgn2qpPIzYXdgDvTSJuJcXL79qDB9aiSCWUb/AMCM/n/WrEFpg5YYOMetXQAEwKARVhtI4TnaP50sluXO4DnPYVP+QpSBwenHagNjNltTsMgUE5xgd6zZ4XG3eynPXnkVtzQljwfm6Fj1rOuVbzNoXB7k80r6l2uiokJkBPl7Tnbgnn2pfs27gABiOQetXLaz84uA2do4JOO9QvqQSVdsIDKNu4t1OaL66BZLcpeWyt0zTJs/KOPpWvJHFLbxui7ZMZOD96s6UBiQePrT3JkrbEVpfGzmywymcEV00WoRTAeVye4zmuWeD5sADjvTSrR7QpPBzwelVZEJs7cMrcYwR1pVXPNc3aai+wBiTjjPrWzbXSvxng9BmpKsXOc80h5BB/CgcnIP9aU5wRnr3oAM+mcetLxt5zim55Pt0GaMjoDzSC5WuV320g/2SenSsCVRw3qMGujOeV45GBXPTgbjgY2nnnvTiwktC9pcn70BuOMc1t9s9KwdLJE4Jx1wfxFbhI+tIOhTv3KxYHGTxmktFVIsdM9eKbqHzGIeh6e9TBQkAz8owATSe47aDlYM3f8AOpwCBkdarQD5B7n6irK55xVdCeo48EGk+8oPGPrTGbg4PFAPRWakCK1+B9lkIwCFzU2nsW0+Jj/Euc1FqreXYyNgYxj8+Kk01SmnW6kDhAMdKED3LgH+RWdrn/IP2jBMjhQP1/pWhj5hVfU7Z7qxZYv9Yp3r74/+saaBmbp+4wsrkNjAXtjitxSqLjp2/wA5rnNOu/NmaNhh8dMdSP8AIrfbGw85BHU00rsUrIrzS7myfSuV1TVhcb4Ldv3R+V3U4Lew9v50/Xb95ZzZ2zcf8tCpwc/3f8axvKb7QsUabmPAVe5r0sLQVueR4mOxrUvZQF2S3M0UEAJdzhVA/wA8V1+l6PDp8ayyDfc4+/2X6Cm6VpkdjH5jKDOwwzHt7CtInOMgVFfEOfux2NsLhVT9+W5DKxJ+tMWJmPOenFPYfTjBqxFGNhPtxXO3aJ0pNzuULtFTb8uMAjIpltMzMSwOenWi+bMezIBJ4JqGFhESx4OOfbNYM7UrGkcAjGeaTPoOtQJJ5rHHReTUw4PQcUrAOU55HP0qOZjuGfu9TThgdsf1pDGHI3Dgc0ITEh+bkjBx3qIBXu8YU4zg4/UVOzDccHAxiqBPlzAjAPQnPvxVJktGsDkYJz/Sndf8KihDMobpxgZ61JnduwCMUwQAHtyO3FG3gLnJPr2ppkCDkjb7miOTeSEBJ6e1Id7kvCr6/WmjjGRjvTiCEw3J74poOTkZHvjrSRQ0klsY47mhXBJHBYcGlIA5/SnKv1FJlIOSMgYz+lMI4IFOJB7HikC7un5UAQbM8HgDoKKkK7cDPPfPNFAro41owRwTn6VGC8OMHjjmr72TRth84PGakayhljAU4I7n1pJaEbjYL3Aw4U+5OKvRuNoZDurKktniGCufcfpTEmaL7vb9afMLlNsOQxOcn60ozuyOexqrbTmRMkj3ANWMjHBB75xTJZNuGVyeOuRT1lycZGP5VWycYzjrTQ+1TzyecetAvUvt8yMqttJGAR2NEWUiUO4Zu7AdaqxyYXqdpPeptwxgH6UeRSJck/ewOT0NOVvTFQlsv8/pkHPHvQJM+w9adhof5hI5yCeo9Kcp42ntVdJAW6fMo2kjvQ0w8zHJHrjrSKLGduW6jI96cXA9B2pnQc/hRvGOenrSuFiYd+evpTjg98CoVITryfWgEh2O75SOBjpSuFh5jOSfypu0k4z/AA9fWn7geOOKUNzxj16UrIRTKnoelI33eG6elWpFyMnHBzUDREDrgYzQ0O5Cy44PJ/lUbkoMbgQepzVmOMJliy81HNDkEIBwcnJqHG+pSkRE8cYPGeDSiQbgAcjNU2Ur8v5+tEc2w8nOBUuI0zSyNobpj9aQhQpPUH1qmk+QRux9BVlZeo4BAqWWgUA4weuSKcnfNKhUENwO1POByCM4zQUCDC4IyKXyxjihSMBSRz6U8ggA/hx2oAjwSABjGecntQcAHFP759uT60xjycAY6igCREXgGmsFYkdxTQ/HXGRTS6kBhnn1oETouMEE9KUEKrYHJ5qKNlzg/pQpGOoI9c0X1ARyWbJ5LdKenyPhs9e54pON2fyo6nOMY7UtmMc3J44+tQnG5sdPUU9mPPy4+lRnJbHcevem7MRN90KKcxHccd/aos5HLZI61E7OTt6E+tCAsfLkEY4469KZNt+7/EPSotwU7R+PtUZfDYxnsfX2ouKxYC4IbqTjikaLK7iR7kilO/A2qz5xkZ6U9oxs+fDbeo7GqsK5W3FGA3AoR69aqzFgWbqoGCBViabjGAFI9adEqszEqSAMZ96zlrsAkfzAAhiMdV7U/YNxA4JGc5pAu12C5AHSrKJ0xk5oSuxkATqSpB6YPSrKcjp+dO2joQPbmndD1zW0Y2IbHDnHSn9TxUfGMDGakHTp1qhCYweaTqc9PwpT7CmngYHSgYjnHP8Ak1GTwePrQ3I61GTt9xTAacAEAcHtTSec+tKeQajOAeO5pDBmw34VGx3YC4pG65564pdqlc469hxQBFsLO2QcA9jSFcY5wCMnJpzSqG2rlm9MUzy5513EDHoKEhXInmUfKi7vcdKj2ux+UkZ5yOlaUdrg8ke3FSi3XPIyfemgsZy2+eAAWJ71OlnjA5wOtXvLBGcZx7dafgY/GmBUjswjn5mIJ6VPsUcDjHpUmBnGeaOvHSiw7jMAHoNw9aMD09uKcMGkCjJzQgG47f1p23jpS4HTjI60EjFAkHQUdPSjHuKYckcfSgBSexpmeO3Sn8Z5poQE80DRCV8xivJA6mrKRBRwM9qliToMY+lPwMYxk/yoE2Iq4PQ06kzgU1ZG69PSmTck3ZpgIOcdOtIuS3UYIzjpQSV5xnnmmUL15/KjjjIGQeKTJJHYEelLtPrzmkIUN16ZzTWHzE84FIBzjkcc05d2T0Iz6Uhob/ER3xmnLx0P5Gl79KTjpxQAMcct2GelPBHWmHrjNHTHpTQx5OMGmF8tnpikPcHt0z2pDx0OKAFZsDt+dRl8DjjHrTWcdSRiqF1fMmUiQtITgAdqLCbJZpyZViTluuAanhtgmXkwzH8cVSs4pVzI/wDrW5JI6CtFRkgk9BTRLJMjFLTM7Rg/ypQe1FgTHH7o460Z6jp701mCimmQAZB5PJoGOk3FB7etUrhV+z4P3s8gcmpWnVzjcAenP86p3FwAoBkXcD/Cfy/GpauaJ6F3TQIoJJHIz16npXPXLrLMXAK5JbHXvWnYPLLP8smIM/NH3IwPSp10SCKdZNzFQ2RHjj86qKWxnO5RtprmNGjMTNA65UFenvmnqDLMA6qOOAM1tyDDkJ0Yc/5/OqjxDeSFwoGMD/PvSuNLQpyQgplQMqeQTxVR4Nwzt9c5FaT5U8AEHqOwqFlJGQBjuNvSgZjtG0ZwVPrgipoLhonAyfb2q08a5ySfpiq01sTuKYKgnHrQJo2rTUEdwhyTnArSVwy8d641XMTgpwR6Vp2Oo4+SX8G7UbC3N8nA3YzgUE1DHcIxGGzk9amx8uQPypMdiOQhXU5wCcE1k3cYjlkAHXp/h/OteQHYe/Qiql4oZScfUgUuo7aFbTMC569q2cggY/CsXTji4IwMY5rYONtV1JKc5DXka9MDJyKsSFfL4H6dqpyNi/QZ7Yq4SWUnr9am5VhIsleeuKmU/LzUYGE9hzSSTxxLywprYliqDv6nA45p3V+OQOaispPNjdgMfMfxqU8KScUhoz9bmEkEcHQMea1o0CxqABwK56cG5vY0HUn0966JcbPp1xTTCSsO6qBxx14pUf5T659KYTk8HjFAJUjnr3q0ZyMmSzCaizQqFaPBx2INLrepmxtI1j/18gIX2461JfTpbXsU0kgSLZ83HXvXIXF1JfXsk8nG4/KMfdXsK6sPRc5cz2ODF4j2cOVbsdaxB/ujcVGcnufWt3StM8h/tEg/esBjPVf/AK9QaPb7wZCuVA4yO9bWMpkZArWvVavBGGFoRdqktR275+D+VOGB36mmqAQe596cTz75xXGmeg0xMfMPf2qxGQVwMZAqJeB60/O1un1pSZcY2My5QGUEZ596R4cooAxn5c9Men+fercqBsZyCPTmk37GjHYMBz+n8qmNrlSbtoVwotIljJ+bOWINTI5Kk+p6elQXNwDOw64/Smxzqq5GCScAegqC+hdxuC8Z+vSmz8LgfxUwy8jPO7gE1MxVlUcjuPyql2Id9yvklvU1GMCfcwG49R61KwIyBwAfSq8y8Bgec0JlNFs3IQAEjr6Uime6OYwEToWP8qoxRky7p8EE4CjpWumCAMgDsF4AoTBpEPkRx7SyzTtjBPQD+tWkOOAcegFIn+rXDFhj73rQVO7t78UBYdjPAP4GlyAvQde1NII5yNoHT1prOSM8DjORRYdx2N3OfemNIAcE9O1QtIx+VcA9KmjiHVwCT2IoFdvYTLMp2IeeOacEPBbkgd+gqXOPQZ4pMg9P5UX00HbuN2f3sn9aKa2Nx9vQUUgM2WIEEAcHuP51WEO0/MzH3xWm4AypHHtVfaH5GcCixHMUsYH3uO4qGazVxujwG7j1q3LDkbdxxTI1fYysenQ561LLTuYrNLbSfLxjkjHNaNpd+fyMAn+HPSn3UAdCwHOMGsWWxYP5sExjk9OxppktWOhOGG3NKFOP73risFZb5UYO2Tj5SD3q3BqTEESoVIP4H6VSJsamORzz9KcGI9s/rUIkViCGDU8sQQV5NOwK5LkgZ3cY6Ub8tiow3PNAIyQM89aYEmRxnHvxSBsLkjPPBNNP3aYTjjqP0oC5Y8wg8YIx+JNAkO0An5qg35Xk8j3pQ2Wx14zU2HzFjzPWl3hScc4zjFQZ+XPOAaXd346/nS5QUiwH75PTkCn79oPFVt/IPPFKZAFGCTx0pNFXLQZgDkU8SLuAPB9KrCQDgtj1xSlxuGRzjFLZj0J2RH+YqDwQDio/LYS78nBGDSqxx1qRWP4/yoFYpywZkDqeo6ds1RntyO20eua1ZXXYwH3v7vpVOTLKUYYI+YZqbD6GRv2SDJGSateaGfcD196imhLEsG6c8ip4Y2MfCj5fTis5ocGSxPKiYYk54GeamEzDg5GB3+lVlfA2k4yeDSrKVY8k+xNQrmhaxnBBHA4HpT95wUJxjniqyTlhIMFWXsR1pxdkxweuMZ6UXHuKzspwXADcj2qQybmPzcioSxZN3GCcZ9acGEYXJzkelO4DyWAyMZzzT45PMQspOV9qZux8oxg89aah2Lgfd6ccUAx7ZLduOuKchVSdwwvp0xUSuQcnoeCaDKGk2EggHkEdPShgTMwxyRnrUZlx1fvVaWScMX2/dOCM1AkjFd5bGOnvQ2hXNCQsWXb6YNLvAfdjoADVSObyySwznuRTTLuRipBcMR9aSYXLnKM2SBnmkZip6g+p6VVaRlKvv+960xM5zu46Hp+NFwuTE9GLqCe9TohO1vl5HOOaoSbgwQRE5GRirFsXjXcxIx8oHYUR3Fc0I5RGxzyM9jUNzeAvtHGOlQCTYDnkjk9wRTQA8uVXoecf41TlpZAhWCMudzbmAIyKnG3aVQkN1YfpSsDhcLndyalERAwR269apRC4xlLKGDHg8j2qVeDzg5Pc8Uqg4GRj1IpxUMpXA2+hFCWoDyOeefTFJkEkcbh1HpRyCMYFIFXfvAGfX0rUkeRkZBw3Y+lP4CgdTntTQcZ70Zz0oELk4OfzqPOBjrjinN93GeaYeBgYoQxh+X5sE8YwKjYjOQae2enY0wjnB7elADGJ/KmH5uQfyFS49OPU1G6M3CdD2xSGRsVC4A5z0pFillIz8qe3XrVqO3AGWA3fSp9o6e9CBlaG1SMnCgk85xzmrGz9KXjOKcMc8UJCuM255zS4HH19KdyT2pMY54qhXExxijH096djApCcf1zTQrjT2PpxR+vFJnJyTRnJ5oGhTjrxQeOQB0o7YpCPwzRcdhD1+vtQRg9vxo6+tGeKQxrdab0Jz9aefzz0poQscdVPc0CQgJYj0qZF9hQiAKDjGKkwM849hQNi5x/Sj+E57CgcjHr3pO3HXtTIEJJ7Ac8U3dtOCR06UpPy5zyOnFNxhg3BIGD60ASLgdu1H8RP5CkOCTk9fakPJwTnH0GaBocCxznoOme1IAQ3Xp+tKvBIIJ9Kd3yMcccCjoMTBz16+tP2jGc0nBPcUvKgAf8A66QCEfMDntjFJz+VOzzzTTkHNAxufXk0HIB9adgYpuT6UwExwD3+lQTSqi5Y4x6mnzSFEznoKymgk1C4V3Z1gQ8KD97600iW7DnnNy/ylti8f71Tw26qQ/l9ParKQIqjC4A6AdqeqkcYIFOxLkCoAOR06U4sFzzmkPyDgnNRluv5Ci1ib3HsckHr9aY8gQdT6Yow4AIzml8ksMHoTRfQpIrmVmXcq8dRn0qvJI/CgkuTgAetaRtweCOPQ/WnC2QHj73elexVigYT5HLFj3wcA05NPUybnUkHmtAwgnJ5IqQRgDH86LjRBDAsOQo2jsBUuOMnPFOx696X8OPWpGMA7U0xhuwIqUEUzgdKAKrQDbtwRjoRVKRGXplWHFapQM3IPHSopINw684wKAMltxUMoO7PBB5BpEwzYIzwehxmpLmFoGGMkE9fSqm4lsZBOM49aqwgaDL4XHP3SeOKgKGPp27mrcUke4KyE5BGc/lSGNWOHLfhQBJaz5TaTye2a0orhs5LcEGsNCY5SFyM9RiruQZQBldw6elJoaN374B9arSAlCOuOnNR2txgbGJ646VZOd2ccetINjL09dt3IjYyMjmtbnpnPpWYi7dUfjqc81pqRj6igSM+93JcROo+tTwzb2I3dTgU3UFBg3DIAPpVS1kAkwGHUEDHWs2jToXLu58i32c+YeOKo20Aml/ezHdnGAM07VJg1ztU9OuDUemHddYz+JNXrYnRG5tWCEKgwMAe57CmXBKQsQccUhbzbpVH3UGW9M1V1afZEIx1fp9KQLcjsYvMuN+ScAVrgjPHpVTTINlsrMPmbnP8qs9GwOgqkrESd2Ln15/Ckc/ISD0BNGctxzVHWLpbfT5AQfu5OPT/APXitILmlYxqSUY3Zg+Ib9ZrpIUYMqphj6nk46f5zVLTIWu7oIinaO3aqm4sXXA557V1Wi2pt7BWkXbJIcgDsvrXrTtRpWW58/TcsTXu9jRigWCFEjGQBTwoGT3qQMpVfXHTFRPIT+frXlylfc96EEthVIycnp0oI5yOtMjOWPbBp7Fc8ZNRc1sOH3RnHXpTSc4z24pCfr+NMLdfSpvqOwrHH8zUDujAgE5I54qwCT09aqXP7pvMUHB6nFO7Fa5TuEeQlyp4GCKYCww2fzqVpc/KTy3UdM1AAVO0fLjoDVWBStoyxESz4H3en41pLgH5QOF9PWs+DaG3YGB6irU0pVGYdSuBzUociFphE7FselQlmmfexG08qCKVMS53DcfWpliDP6ADjmjzBshVXeUbDk+npWrBG3G4/hiqUE0MbuHOGzV6O4RySrCiw7k7ZGPT6Uw49cfjUme57+1UpWLsVz35A7UAtSZpAd2SDgc471VMeW+Rj8xB254HHb0ok+VfLXknrirKrsUAgbiOTjpQnYGriIgjCgbTzyeual4yc0xRjkszZ7EcCn8EcHn27GhgkPGTjHH4U1uvX8RTgSFyefrTHYYGCOvSlYbYhb8fqaKYcjoaKLAQud4Iwc5qD5lGe279KshCeh5qvIrq3HIHbFVY50xCCwyBgHvUDR4xkkf1ojY7+S2wHH4+lWMHGOuaXQtMrqhbAaoprFDyhx265q5gAYwaQjr05qfMd7mLJbuhI2n1yKhMW4dDmtthng/rURjGCQP0psaMVMxMSMg4xV+3mGMNk8jnrSz2ocblGG7e9UYjNHLtOTzgDFCYM18Ycc/KTzS4O4dfriqitPnBRgwHOad9pkT70Z/OncLFsHAzkke1MOPvZ6elRR3A7gjPWnl94JXn6d6dxNCA5GQeKTPRuaF5yM4J6UjhgvToeRRcViUSetHmZ+tV+SoYdCeKCTzhs9s4ouPlJ93PHHI604uAR/dx1qvvIBB655qIzqjCMsfapbuVYvqx9M4/Wn+YM9TwaoK5UEAn8anVhkDn1zQxWLayHuevb+VS+aOMggGqO88jJHNOWUggHoaVhpl0uoO5h+X6VE8KtyQ3OTz2pizbuKeknODStYdyM2aueTwB61ZWNUTb6cDiow+GyO9SBgTgc+tDjoCaKr2quzBcqO3FNW2KlWIGV6HHWrpY4GB2pDhj7d6zcLFJmcYpmZpS/wCGKA7AkH6nFaIjAHJzk8U1oFzkH86j2b3KTKETksQVxkbgCKN2ZFxnaBz6Vf8AIGzsR6mmiDAHQhenqaHBjuQhjnOAAR/k5pr7gvGMjtVnyM8jjHb1pvkKzMxGD60KL6hcqljtyzcfSqrkuTsB7VoSW25XCsBuPcZxUYswDkArzkAdqVmIrZaWIg4LDnHf2qPb1VmxtwQMdRV0WWBuBIOKlFqoY/Lu9WbvRy33EzPCt/rioI6Yzx6/ypkmTKxVCFJ+U+1awhUAjHftSG1BGTyemcUKDC5nxuApDgsCOvpTQrNhyxCDhevNaH2QB/VfftUot0U/KPxNDgwM6N2R8j5gOmasL8pzngc4NTrHHu3AAE8Hij7PuTHIY49hQosCuE64+6TxUsYkYqrMCCPyqxFER2PPNLtHODjPfFNRY0QO7BgFHGfXFSqFf7wx3xj0p+3IznPuaVVy3TPrVq4EpwCOeKbkH6mnKQT1+pNGPm5xz3q0IYO5p4x+VBHB5pBwMe3NNkj8rnHqKazfMF6e1AwDnJoJ6/5zQA1sg5prd+aUHkj0pnOTnAweMUwGlu4NNIGcg5/DpRx19KavC45NJjA8kfzqZEwORyRUYI65x/jUu8e9IY4gHjj8aTPQfhQCfLGOvvRng+g700JoXB60u47sEcY64pm4ZzuNIX6Zp6EWbJfypCyjA4+nrUfm8cc89qTcCefwouVyknPrmmk9z0puS3Y0oyR160rjUQ7/AFo5/DtRwDSnIxTuOwcDAB/CjnHSnADHQjApcZbIpDGYbjGPcUuMjOadj05zTtvOf8mgRE6EoQuAccE05AcdOntTyOlKAByeT6mqFYOmcZpD6dDTsd+eaB1pAwHtQ6B1Kt0PGM0hyRgfnR1XIz6incVhoXnkkjsKUcnntwPWl5OB+tAI44oBIRmIxx1OKDwc460H5VwefWkbDg847UDAEAE88+tP9veo16HHYkVIB9Qc0hijHfqaPejHr+FNJ5GAaABue5oHzDgU7bz05NPA46UBcj5700/L+PWpJCACT0qqSWJOOAfWmhMY+XyMZHc+lOjQRrgdqU5Az2pUVudwA9qtIxbFySRjpml4zxQAecYpRgYwOaewtw2Z5NNWAZzjn1zU3XA5pRnGBwals0SQzbyc9PSpAo6evqaPbvThgfhSsO4Beg60YHT07UpPpTepoC4uBgnv/Ojt6+lNyegB+tL0PHGaAuKepwaaenT6Uv4ij0NFguA//XTTzzj8qcv6elG0Dnv0pWBMYBS4xgUuOcDv0FKOTyehpM0WxBJArhuxxWPfWbIdwyffNb3tTZIxIOV/Ki9gZyqO0b4GRjgEVNJK20Nx0xx/WtC700HLKOfbjFZUkbIuOenOOlO9yWrCRFnmLHJOeOepq9uwcgYdT+dZschVVHAYH06VcZ1nyQR8ozkjnFAXLALo/BJ4xnt9K07dy64PLD1rEWfcwwQuR2H51qWsg2AjqAM96lqxQXamO/hl5+YYP4f/AK60BjCkDrwOaoak48iFxgENgfln+lXQ6sgJHBGafQjqQX2fIIxmsU43qFwAGxmt65QzRFV69q56TfHKwIwVPINSjS+hZj3TXI39MYJJq60EUIDouC54wef881X00r5u88nOCB2FPv7ofaVROdvUZ4HtR1sMu27JBbs7N15YnuaylD39+u4kZP5CopZZJsKWLAdB1Fa2n2xhQSkZZhihgaK4CALxTWfAJNQtKA2Py54pkzeZHsHQ8E47VV7oyasx0MzyNyBgeneuf1+580hf7x/DA6D+f51tSP5MLdM/dAFcjdTGWYhiDluOeortwVO8ubseXmdfkp8vcl0yyae5DMCqE5ziuvwduCNvGMZ6AdKo6TbiGNc4yVzwP0q+x9R/nrRiKvPMMFQ9lT16jN/86hd+eeQafJ1HB/Gq7NmYKfTmuWTPQitSdGCsB6+/FTDLDr9Krr0BGeOasLyM9z0FT0KW4i43EHt1o2Hd16UrDjIzzTfmI549DQUxMEH2PSo7psggj3qQkl1DDnnIpk2XTGN5+uDTei1IWuxizF1m2/w5zTnfKKxzuHXnrTJWVZAoJbIzkn0qSJA2c/zpqWgSWo5Ln5sdhjPtVln3whj06fh/kVWjwDgDGeDnuakdxtx2A9qSG3fYfCNykjPJ9KS4mMO3aDn1WoFcoxIGG9CakWWOQBm6Z5GKVwsVphKzKw+9npnFT2szRqMkk5/Ko5uScfhTrfDdQTzgjrTeiKRqf2gSFRF3N2z2p0SkJvlIz1Yn1pkaqApAyx6Yq0kXG6Vt2OdvagFa+g2CPDeYwO48+wqRjuYZI257iiVxuCg8mnbdgPzZoAQccYP1pymkUBhjJoPPGeg7UCTHDlcj9RUfCsR609OFwP15psgpoGhN2ec0VEH7cj/gOaKnULMnVYzyrL1qCbYWOw89jUGdhGcfWneavfNUYXE8kYB2ksMHA780oVgSGA6nkHpSrIAfpyMGnKqsnJG4kH260tR3IdwJI4+tDL3p88cYIJGGxleajQ5Q4IPPWm9gTIXGO34UnJGcYHpUxVT3pp71LLRC6/L+HBqhcxpgOpG8dRWqArKCfSsa6AS465z2oUdQexfjk82Ldzz2pflwenvmoLYqq8MPQ1Dc3CRZ+deB2NDGiaQrjOPmHcUzzVDDBGfrVCK689CzZDAnj0qTLbuRyemKAbNBULLkEA+1AkKna/Q8fWq8UrRnay856561K3z7W/EetML3FdAOVowMZycnt9KMkAn0HODTgwMY6dKQ0Q4yQfzpxC7QNm7njNL/ALQpw2smdpHbmgCLymD4PA9aCWU4AJGMEg08luvJzxxTEXDnJI3HqT2oW4Ni5YEZBOevtR56l9p4Y1ME4+Vjn+dI1vG/JUg465o6hfQBKQ/P3vrUqy56c88Gq7wISQcgj3oRXibJfcDzin1JZfDDA7H609ZFLDtVQXKsMHhunPFKpAJ546cmqsTct5BGQevQjvTg3IqtGTyAR0qQsAAewHrSaHexOHIXninHGOv51Bv3L9OgzTg2F+9kHHGen+f6VLikUpsl3AfhRnDZx3pmSoJ60m7DjDcY6VLTLUkS8FjyaMcYJ5znntUe7HJz+VKDn/ClYd0O+XDYH4UcN+HpTcn17dKM9BTsK49ckfNjPsOKdgYxn8KZjOOfyo3HOPwpWC47Yuc96UEHDfzpuc8etHX1HrTsAp2qCx6ClzkdO3pTS2CB3IozgZ9aVhjwvQ570AfpSbqTOOnrmgB3Xn9KTjNISeuT9Kj5OfmPB55NFguS9Rxx70LgN3xn1qPcemMZ9advXkAiiwEgBz1wD2o3Y5NRFyBx19u9NJ568jpTFcmL/L7HvSbuOT+IqBpO2eMfjTRJ7jrRYZY38ZzmkLc8Ht3qAScHnvj60nmDOPx4pAybcN3Hamlsmod/zYNKz56fjzTvYLClvm6/WmtIB/OmB1OCXGB3NRvNHj74JHv0oGkTLJkDntU27jPasxrvYN38IHrU0N9EzbGbHqewpdB2LbSKvy96abj2qi14MHYOnfOaYboMOcZB5yaAsaDyqUBzz71GZiQQBxVUzDy1zj3wf1qRWDkAHB96TYWJ1fnnP0qwnTA/U1XijZmIOTzyR61bWML6n3NJFaIUntigZPH604kAVlapfxxGMh9wU5ZQaqMW9iJTjHdmx5YwODSFQMZOM1k2/iS1dFUwzkgcttH+NTDWIJRtCSDt8wH+NaqlLaxi68OjNEEc/XHHekV85J59v5/1rJn1I/N5W05qm91dtuwxUCqdIn6wjpgR7UoOeB+dcol5dpwJyc+oFPXWLyMKNquOnpUOky1iIs6jAHQ5waTgnmsSLW0EmZBIN2AQeQK0ob63kXIlDfSlyNFKcS10/Og9aYLmNm4PHTOKkBQjIYc+9AcyYnAPA96OvJFL1zjBxRlR798ZpFCYxxSEYIp+fp+dNJGP5e1CGNK5/GgZVsf0pxHzDOeaDjuaOgCbeOD19TShcf8A66Y86Ko556VA94q8gH8eBT5WQ5xRaZgOnPpTd3BP4VlSakw+UcduOtU5NRn5U8j2NX7Nmbrx7m+twhumhz8wUEnsM9vrUpkGMk1yyX9yuWAHzHJz+lSJqNyu4lQcjjmn7J9RfWI3sjfdwRk/d9Saqi5Rt3PAOBz1rGmvrqZWVT17etWdHt/lZ7mTdITjHfv19KfLZaC57vU1FYSYxkjvVgL29+aeuxdqAAEjOPWlwOvWocjRQ6jCuB0yaADnp2qTtg9uaTPOQMVNyrDCp4xnilHBwV985pxPAOaaV4xuOfUCi4WHZwfx9aMc5x9RSL2B5p6qFyAOCc9aLhYTHHPaj0yKf+A+lHbHrRcBuOf8e1G3mnUY98fWkA3HGOKQ9sDJp+QRjnj1o49PpTuFhoxn8aUevrTgPcH1FA600IYQeopAOMHANS8bjkfhTSVXJJA+tDQ4yGbWGPT607Z2PJ7VnXesQQEpH87D06A1TfXpgvFuvzdOTU2ZpdG4Yx9V9DVeS2gl+WRQ2eQCelYL65cyAgA574HNUZWuJgWAcnHJPNNRE32NW601EBMUvI6hutZzQNuxk56DnrSQwXGQWJTPrV5LaQrgMWYE8f4U9EKzeoy3KbvJuIhwCQaHPkMTFL8p4IzjFVZGeGXeR8ynv7dqBOJG5XHoQOpo0A0ppi9kik8kgirMFwfJjz1AxzWc7B0jGQMDJ4xirEJJiZMZJ5GT39am2g/tGtBKHGc9vWsXVY/KvDjIDdc/h/8AXp9tdeVMuWHGQ2fSnalcJcLEoA3Yyee1CWoPYhglEcZZCQe6jHNMiie4dm6D36e9RqhLKAx5ODnFbtrDHGikgKcFR/jUydtikVVgjhAbblux9fetAThYUAAJIxxVGfcgDqRt6DmoVZmtgyZyThhmpWpTLe/eSpIyTxk0gB3BU+Zj1IqnGxDbycEn6en9K0YwIIC7kBm65/StYqxzzaKGrS7SkQwRjnn/AD61gwweffIApJJHTtzV7UpQ+Xzjg9RUugQh52mOPlHXFerT/d0eZHgYr99X5TZL+TdW8QxtdGBP0walOS3GetQS/PfQ9Pk3Nn04x/Wp/wCdebLc9insRSnOapxOfMZz8wz+QFXJgRGxHpn6VSg3eTINwB6delRa7N72RYjO4t647mrSEbOg5/OqAJXjPSr8OSgwc09hW6k20HFMbA9OlOyAetKwzS6lN6FaUsF3YPB69hULssibtuWXqQcEfSrBfYRuyQeuRVe4ESA4+VuMqOh/CqbJitClMSVK9QVz8ww1JA2FyeCR+VOnVnw6ZO3krnt7VDDJ1XOcngjvUlPUmdAEbGDnkYHSoHYqoOM5NSbiV2kAEds9qrSbmjK8ZxkU1qFrEincc5PpipPLAbeGBC89aqghYskYPf0qe13NkZBX1JpbDEC75GyeAfWrYjCLuYj2HtVdkYOWUY9+1ETf3ixA4qrX1Ju1oaaT+TbbwATnBOentTEu9xwSQoGSc1QF2RuVM8+9LtyQckAmk2Uka1t++kLnIHUVNcPsAAzzxUEUiiABG2/Tt+lRmQSSB2OBnC5+tNeYmWozuyCfepME801ETGc9vWnZOeP1oYkOXjGccnvQ5yMn09KUZGSB29aaQe4P40ajuiuwOc7gAfWipmAzzRU3GUn7dPemD6dD61IyHcMdKQgfQVocqIkPz46qakZ8x4DEE85B70Y6c96aASvI5pXGRnLlVyDIDx7VOqqFLKev6VEU2DdjvT1ZsDA6+lJgmxRnoO1Drk5GKR0bsxyDnHrSq2MHoCePegu4zbyB/TiszU4TkSjvxWuwBGRjjgDFI6LIpSQZB6igLnLkygFUyCeMH3rNktbkuwDkg9ec10FzZPDLuUFkJ/GmrbS5J8s8cZxUaj3KNrbmJQGOeOvpWvD82OFBHTjtUMds+8DaRnpxWgkaxrxnJPJzQ0NOxnXULtghunTNMt7jaNsjE++avzR/IcVSghEylXO0joaq+moW7ErZwCnUdeeooV0kU7eDnnmo0MkEqxy4Kn7rj+VOdAvzp75HanoLVCspIITG6lRsbckDIwRnpSKxUjcRzwDQQAwAxtOcVNir3JQxLDp7YpJWwQWXrxTFkyeeoFOdiRtPbvTWwmLGSvXHPTmnhiOTzUXIAIPI4p8b8/MBxT2ENkc7sntRvDcnmnyBSvGBikCfLkHPHIxUX1K6EbKCnAwR7URyEY3d/WlZSAMnv1FBhfHysMds8VSYuUlXK5zkUnnDON2OOarhnHAI57k0jb85dRtPt0pNsaii2Jew575FSJJtk9u9UGiYcqG29MChHcAqFY8cUr2Hymssyngg805WCnnHvWQtzJHw4B55z1FWVuUU/fH09aaYnEuvKMjIwe9N85QcgHgdD3qqJ0Ynntn2NKHB53DBphYtNJxknOaTzhhTx7c1XBJGCBwKaQrdAc+1IpF0SAjIz+FO8zg1n72UgrnihZn6Z59DUhYv7yR36UocdSOvvVHziOB34pyzjJGMYoY0Xd3bPPpRuO4Zqkbgbj+oo88bcnnHHpRcLF7cBzmkZtoz2qm1wfXHYGmO77Rz16mi4WLwkB5BqPzR09aoLMy5+b1xTTMMg5BAHc5oQGkZQvJ6etQm5VVwo5A71nvcDPQ5xUf2lkJCqcepouOxomdt2Rk/0pPO3YIB96z0kmZyAu445wO1I4lLdzxyAKLhYtmf5sZ79zzTPtAHzBh+fNV1tZNpZoyv1/z7042hwAOcc9e1K6KsyQ3cYGBkkdhUf9o8kKvPuOtOSyc7QRyf0qxHphdvnfAPpSbSHyspG+lY4XGB6dagku52PJIHcZrcXSYBjdknHPNSrp1qhysYOOmaLhys5t55WYdc9QPWmO1ypbMcm7jI29vpXWpZ26HiNc+tTeTFwTGpPrRzMXJ5nHKs7cASEnoCOac0dyg/eRuv4V132aEkMY8Y71J5S4wccc03JgoLuchumwBs4PapUYbzvU9c10r2kUhyVAJpjaXat96ME+uTQmDXmYEmwDKHoMkE96bFIN2AxH4da3Rolsq5+c/U0kml2rDHljP94GhNPQexDZX0SDY5G4jqe9Nu9Xjgk2pDNKfVANv51Xn0+GGQYLsFBLbj/wDWqxp9vG1uryKDnkKe1b06aerOWvVktImco1LVDuKmKEnscD8+pqymmx2ylmAc9hWk8mSD6VFEhmn8xh8q9Oe9bOXRaHKodW7mbd6WUZJIoWCsOSOxpgtc4AOSa2bhwoyTjjNZiMS7NjljxTizOSV9CFbOVmwoycdM0x4bhW2+W4IratICq7nGW96W5RVHmKUAGck8frRdFpXMI20+NzLjHrUJRlUk8VsyyxSoDHhsdxVcIWGdny5x0pSaKjC5l4JbpgGkKDsOelaJijyQEfPsarvF5b9MH0I5rM0UWQx70+6zDnPBqf7ZOMfOcDsRTPTkfSo2DBuE4PrTuHKy7HqUx7jnsRipW1OZBuGPc5qjGrEgYIz14p8i9uPeqglJmdVyiiZtbuVGEjLH64FC6/chT5kAB74NQhcnjkmpPKDKAR26Vs4RXQ51Wn3E/t6XjEQ78UHWJ3GMbT6k1HJEmfujnnik8qMdOvTmi1O2xKqVW9B326d26gD2Hf60F5GbLMSM9zSBVGCPz9acMHP6VlKSWxuoyluL/hSMhPOKeCBjoacJRg8Aikqmuo3RfQYq9tvI4PFSiIEc81GOuRtGfyqwqLIu0S4z/dHWqdRExoSvqV5IWQ748YJpUvJOYphhj1cD+dTSBlXjcwxyDzVWQK3bGPWs07u5bi4m1p2oE/u5SDgcHuK1FwwyCD6EVx8cjxHPIP8AeHetG31UxY3AsDySP8KiUU3dG1Oq0rM6EjAwePrUZPAx+FVItVtpMZkCk8AH1q4CGXcGBX1B4rJpo6YyT2Dik4o6ZxSZz1NIsdznFG7FIGGKXJ96Yh3t3pcnrTcnPPOKQnAOMZ7UCFLe/Snf0pisGXcQR7Uueceo4p2EL3680oIB5/WowcHHSkZ8dPShILku8YBz9Kie4APUAVAzuQADgGmpbiQ5ck/U8U+gW7kUmq87IkZz61m3E80r4mm6n/VoTn8a05EUPtUD8B1NNWzVpCxUk/TpRew0lexW0+zRF+0S5GeinsPxp7Qpcz5ywiTgM3etBbNcsXctkYwfpUogQkEEgDoKzepqlYzxaiaUBQiQLz8q4LVd+zwqCAq4J5GKmwFXC8D2pOMYFOwjPm0oSMDHJsPriqsljfwbjFKrHHY8mtoHgk/WlJz8uaAOQuFnEhFwPmPqOfSoBlTg8e9dXetB5eyfG08cDkVy821ZSYmLKOAcYq1qZtWLcLgj52wB0JzVyAxicYY4IwaxvNIAHYVLHcSIuY/16UNMOZFrUUMN0205GMjFVXlOcEjd9aWe5kn5cbSeCV6GmRbXnVGfCnjce31prYTlroXrH5nIYZY8A9MGtRd4cvnKggEZrOBCKCvIAG0ZFSiX5VDIwXkKy9c1k9TUmnA3HHKgdMd81n/aJLVmXYMHsRVxptwBZgwYHPr7Vl3ozKQrZxjnFVFCm7LQuW26a4iUnIBwTir17cIW2AkBRluOntVbTIAqZYkhVxk9z6VH8zzySHoTjp1rVWucs72K08fnfJnvWtpsIt0dVAA4qoiAsCR09quxOQnBrqcnJKKOD2UYvne5OFUOWHU8U7ggYA460xBlckn2qQE+Xx+Ga5qiszsou6I3IIxnjvxWeMw7gOhYHryauuSwbp7cVTdCUYYycdB3qEbvQRpB5TyAHdnPWp7W6OSrcH6UQ4lUqQGJXGPU1Um+8DjBU9aTGtTbBDDjgU4e/NUreZvJBxz1q0rjHTtxikmDQ25T5MjBwKpSyGRV53FRzx1rRZ98e3gepIrNeMBiM7fm+8O2aHqUtCnEx83aOG6qRzRNGVm3KAqntilmVVfcxAc8nsPqKc8omhQ8ZzgnHX3pisRl8oHKgNj5s9KRoi7/ACAncOAx6etOUFiCG5zj60uwqACPoP8A61IZV2YP8ualgJV8gANSurE+3OMUwSGMH09PWq33FsXZAfK+YjOOaqyuFi4H+eaR5vNQ7TtwKpNMV5J5xxz2oSaK0sKkxEvGMAdKtNeokJVSNx44NZq4MnQc9CTUTzyI2QvHbNNrUlG5DM8oIzgY5INOLsu35QSp5yayYLlmYEZUk84NW33NjJBA6Umhm3BfBgqng/SrYY49u3Oa5+KRdysvbAFalvMSApOePXrST1BqxpxkDAHIp5b5cgk1VRgO+R7VKX7c9MVRmBABzjOfwop6HI4A/OilYfMRMmc4Hsarnj8ParZbnkdKikUHnniraOZMg9Mnj3ozjgHP1pWXB6/h71EeMYJwRzzSsVzDgwdsEHjocd6X2xxios4PX8+9SZ/Ck0NSA8cnoevNNEfKsewpx3dFGe/NPUgDAPOKkq4gwmTjg9gKXHcCj8aXd83HSmA0qe/b1qDBAAyQKsEeuPypu3jJxnvikO5VckHrUTeY7jA+UEc5+lWmj6ZHHWqpj8v5eeeuaGwHyZI449j0quPkn9FbnAHepd2eagm+8rAdCD9R3pjTHzqJE68Y7VBBJj5Cc47irAcMMg5z1rPkDRT5B49alFMttz8pyG9e1RRlvmU8MKl3/Lk8g8VCxGQ+BQAvzKA3IY9/WnA7wDkcdqkVgByOe1QkhHIXkE56UCJByOOmaDkdOMUzfgZzxUgxInbPrVCEBbAOBt96dv8AlBGPXkc1GGKDBGVpAOMjpmpsO5Pz1I6ioxvDkKeD69qFb7wwd1SLx0I5o2BAMKuAPejKnjHPSnAZ/HsKSXaq5PTOMUIoQiRVyowrHoaTy/lXdgnGcDjFTbfkC7z798UGILzkn6mkxpkLIknVQuOtNaNV52Z55BHSraowz93afbpSNu5wOR0GetJIq6Kflxk5C+xx0pvBBVVJxxketXTFvGCuc1BIskQxtGM8fWmKxESVPB5xxmpMuoy469xU3UE43UiwBCSQCvfii4rETEYJwQPpmmhj95ce9Tlh5gXGO4I4pZ1+Xcq8npg9TSYyFDnHHU9u9ObCfNkEHuKeId3ONvr70T26KikNjJxxyTQOxX8084OfwpELuxGOtWPswC4LAkHjIqMx+WpxnjnqcUrjsRtvV9pAPfg5o3O3zYwPU96njAOByuTwGPpUoDBgu1fTI5zTCxV8suoDvgewpRajyyxJ9verbRAuCfxNCRf3uccgelK4+UhFqhHK7sdCTThbIScIBg8cd6tBcIccjg05RgYFIqxXjgKghQBuGCR3qTyiBnOcdPap9uSAccU7bjoMk1I0QBAR0z9adswSQOp7CpQnGSetPUcZNCC5EF9Pxpyjnpt9KkAHUDikwM1VhXD+VA6N24oYEjgjPvTwpVQSefagVxAcLz1FLn8qaQfb3pQOM9KAHlhnHtS7hxkZ9qZnGOnFKOKGA/I5wQKPnIzxjuKj3bRkkfjWdeX7sfKgPJ7jn8qaQpNIu3OoxWyFpZFXHvWWdUe8YrAoSLoznk8+gquuk3N24aZWjjzyzDn9a0EtFt4NiRnGcnnr71fK3sZOSvqyCVQttIq5JK9zyaILtYLVfM+8ABj1NOaXGVTBOOoqpJsSdQxC57mumGi5TjqNylzGjH++G7AAPQ5qdm8tewUVQa8jTjdub/ZFQS3bSjCgr9T2p2IcrDriYzuEGBggMTV23VMbgBgjjjHFU4XiTl93+NWxqcA4w+ewxTaXQUe7LKtk5GKGcJ3wao/2kmOEOeh4xVdtTbOQo74NPluDmkaxliJyyqc+qikEqdkQccfKKyDqTk4UrjPp0pw1Bi+WUehNL2YvbWNbzV7Kg+iilbyZR+8hifjqyAn86oxzoQCXTB75zUqzx5yTnijkRSqO1yRrO0cf6pV90YioJNHtnzslljPuAwqwJlZflIx/On+aoHP5VHIWp+Zky6fNahTuV42OCwP9DVGfcPrnkVs3d5CqqWOcdFz1rEeQyOcgbmOT7VvSjymNafMkTFuFCjg9yKsKASOcCoVXdgj6dKmTh8j6YqpbGKd2NeAs/wAjDA9TTDZuO4PsKtqDxnJqfGRwaxcbs3jJLYymjlA+78tJskb5cfN9K1tvI+npT/KBG0gdPSpcTRT6mMEdlxnqO1MMEqg9Tg1veQhzlRg/hSfZFUfKfwqHA0jNHP8AOfQj2qZQSBjkn8OtaslsN2CvuSBSC2I+6KzZ0pEEOQgBPbFSfZUbJbjJ61OkWM9qcwwue1EXqKaTRkXFu0GSeY+gYf1qHd6VujG3nuOR1FUbvS+fNt+neP8AwqzncFa6Kny9x9KniupYiNj/AJ1SbcnBBB9DSCQqeDk076Gai4vQ37fVVcqJGIyed1aKyAjhgfxrkw4fqKuW139nOG3MmMHHWpcE9Ubqq46M6Ddx646U/IrPhdZU3wy7uOQeMU7zn7EZ7kipcDRVLsun2/lQBhepNVFuix+bH4VKtyo6j9aVi7pk/PUZyPajJFRibdjBxnmnKwPcf0poQhzg9f6Uw5Py98VKuMY647UYXPIFOwuaxDgcjBx7UnQf55qcouO9R7MnvjtzRyMXtEQqmW3VNvHT1HpQIj27UeX780nEpTHAgngcU/djnv7UwKM8daPfB4GKXKWp3H55700kknHT2NP6n+VHHQ8UrBcbjPrUVyJmiIizuxxx0qxwB1pR+tS7otWMyLTpX2/aH3YPQcc1nappptZN6DMbdAB09q6YdOBWZf3O8CJMF88n2ojdO4nZqxzflbtqjqT2oaIqSCD1/KugtbLyzvkwSTxjsP6Uy+0xnQyRgFgckdzT503Yh09LnPYPA+b/AOvTC21iQOc1dMZHVcEU0xA9R34zVpozcWxtvd4j2SZK/wAXtVoTgQrtfKseQvb/ABrPktyDkZ68UxJTGfm5B9aVtbopTa0ZcadlYnrntilUeZIATjJxmoNyyLwcc9qmT2Bx1FUJyuzagwtu2OAQeQO9U1dRwRyTgYq3bHdZYXOMGqUBIOSOnOSapGUtmLM5U4GQwp1tK2WDMT3FMl3F8DoB1pFIyPyJFax3uc837rRqRSZQk1MvKE8is2GQxSDGcZwa0l5HHA7ClXjZlYaV1qRPgH61G8ffIHHOehqWQYHXkUi/MuP4u/tWHmdi1Mpy0UoaMkYb16etLKPNBYDqecVcnhwGbkHJPHeqMW6RwEPA+8PShu40iS1k/cqTx/8Arq0s5T8Opz1qE7Q+08DuKNvIIO4Dk1NhlxLoMuCecelIzAtlVBPtVXlfu5681IH4V17elD2BEjLHMMYBHcEVnXELQTmNRiMrkDHQ1oB8A8jnoaeVSeNo5cjPRh1U0hozYXJOxgF+U5Y9DVt18xcrkMvtmo30xmX/AFwKdM4GaQ26wjMSshXkMO/1pgNC/LwcEDI9KjdN69DnH3iMVMrBly2CoPUGoZGIfaPX0pgV2BAyccHBqFlwcjt1zVldhly4znrUUiqQdpxTuJIiZFA3KMVTCFz2yeCOwrVjj3oqhQy9G4/SrBs4toKrz6E07ha5DDYRRqrJtZh2pyHauCM88ZqQKyrgY2gjB60jJ+9ByevWoKsQmL5AFBDA5BqRJWhUAjp/Kn/Kh+ZgeKljgRgG4PpzQ3oNK5ZtpfMHPFXR1HfFZccRTGwECrwyAC2MeuOacX3IlHsTsB/dzRUS4x93b9BRSZHKWcEck8jqRQXVPvEAHuTUh291/So9qFQNowMYB7VszlIpI8YINQlPzxVpsH0+lV2XkALxSGQMME45pMgqRnGeM5pzjBwaifBz2FICVTkY9ODTiO47VVU98GplfI6/SixVyXBPtzTqjBwACevTmn9amw7i9T6fjTR6elLg56n86C2BxzxQyhODx+dMaIH1NPB3DOCD1IPUUv4GhDKTR4OOcdBkZqCSNimQDkZA55rRZM1BJGwxt4BPNAFHPybuR601k81MtgMO/rViSEhsgfX3qu2FQjBHGaAGI2/gnEg9KG+VgduVJ9MVUDFWBzz6mrZIZOflcDp60ilsO6qCp44prZZcelAOwnGSvbJoCb0yCM56GgBo+cDrnPFL9w8ZyDTsHoPlGc4peq5/OjQY4nKn+VIcAkAdPamZI/wpNzHd15oYkSfNnd+QqVSCR6YqNU3xqd3foKcrDvzQgHgnJxypNK+Gxx7g02JscYPc5NSlQQOv1FIaYq/ezjHHSpeCMZ61EuAuM80oHy8Mc0WC5Jxnt+dGceh+lNIzk80ue/X0oGmOLAHOcY60w7ZUwSCp4p+Qcg00gZ/2evSkMqHch2Z+Ue9WlwycHH15pxVW6qCPpTFj2v8AKTt6/jTsO4u0YBx2xzTDGDIDnkdKl5Prx6UqqBnkHJzUtDRGuT1HI/Wl2DerFiQpqXv1Ax1pAucDtQMbgsMY4+lNxt7Dn1qYjPfpSKD/APXpFJjAqGPZs/E96cFAAAGKecbcZxx2oHXpntSAQAgjAp4GAc9/egD+dSdKAuNHP50Y/nQMHp+NOPTAOKLAAH/1qdjB9eaTOMe1KvFFhi8fjQP5Ug69fanLkfl3oEL+FMZgBT+RQVHt70AJxkEH/Clz+lJ2pCCe/AoAX6CjPUY6UDj/AOvS9QfQ0AGOOOQe9KcDkdqBjGeeKhlYbcs21V5Yk4ppXFKXKrkcpec7R8o7tToUWEfu/l45buaz5dXjVvLtk8wjvj5aqtLNNn7TcEjuijA/SujksjilWTZpzanBGcbzI4/hQZP+FUnuLi5bczCOIdEA6/U1ACgwqDAHbFKJl6LmnzJbGTbluPkEjDEbKvuRTIoJDzI6t+FKZj05HNHn471N2Ik8sjjrx6U0xccE4Pam+cKPMYt6UXZNrsaCN2MHA9afgY4IpmSTjOAOtOA+Xr+dF2NIUlT/AFphGTxikRdp6nmnhd3QgfWri2ROxCUAYf5zTeDk+9TFRkmo9oB9jyOK1iznY3bg+lPxxgHH0pflK475pOpOCeTVXExAWA4cg+uajZnZtrMxA4GT0p+OSacI9w5pp2GmyFUJzyeO9OSIgk/xVZVFAxtHPXincAcdh0p85Vr6EaqUXB5PU0o4Y5Han8nAHrQB9ahybLSHbx1HY96njnUde38qqlSTwDkUoGDTTHbU0MoRgde9MaUxc4yKqqSD35qYHcvzdCKl6lrYljulYDHNTBwRx9KzJkETZU9egpi3bBgueB6DtWTk0bqCa0NndlcdqTGenWqEdwTjPH1qbzvXnj170tGNScB7cE7hx/KgyRou4nimNKrJg5ye461n3RdQFzlelS42NY1FLQtteRK2FyaX7V5jKN20e9ZAIz9R1p6/McHp3qUy2rqxoTQCfqffI71mzQNCfmBx9asQTeS2OdtXJFiuIxnvxkCr0aM3F3MfIB+XtUqMMccU24he2k2sPlPAPrTV5GQcHvSTJcLllJHiO4bl54wavR6huAEiZ/2qz1w+MkU7bsPtnrWiehnazNgbJMbGB46UnlHJ2nHNZQlYNwMdM81bgvCvyuflPSk1fYuMrblpWYfeBqVQGIbJ496buVxxj86EABwRUM2i1YmH3euKlGccke9Q/wAX6VID2zSK0JlbHek56H86apye1O96LsVkG4qOf5Uu4YAxTsZ+n1qLaV6AYxxQmJxHbM9KOQ2O/WgMByO/FLjj6e9MWwmSAP8AGnE8GjB+tNwexoBscgIzzxnNL0OR25pFOfaj/aHYVDRpFjJHYghPxNRLbL5oY8sMcn/PvVnjHFKF29O/JNQ1qaJgEBIHYHpT+pxnFIP88U3jBwAaVrBcrXNqJOQB7D1NYdzbtA+0jHpXS7hkfWql7brKhyv0JPemgepzp5HI/So3thJwAM+pFTMpViueh5pVRjzn6DFUQ0UBC0b5C8+g4qWMMh2sePSrRQYJxjnNQyLk7lUdO1OJEo21L2mzfKyH1yP60xiyScc4PJqC1OxdxPzNjg9asAEupIPI6joK6IR0uzkqS1sGCeSevc0mABntTn+6fY1FnLAYANaQVzGpJocp+YjqOvFaNnKThTnjnFZwHPHFOjkMZ+Q++D0q6keaJFGbi79DZkAYYI5qFJOThsAHHXpTYrlZYwR17jvUMKFGnA6NyAO1cUonpwki6xBBxzxWK03k3TgcZPOPStfOFyV+uaw9SjcTeYqnHRjnpUpO5omkjQeJGO5kJ6EGmi3wdwDAjpj/AOvU8SqYI+SAyg/TigxsDwT9Mnimtyb9SAh1HDENjjnrSLPhcMnPqo/pVpUR/k2ncR6VXkh2tx8p79s0hp3Hbh34H1604HqR36GmRsuPLkwCRxnoaQp5L4H3W7UMadiwj7R1+tLJuLfISMc9f0qBW28biBjg1E87IOGwCamzLuRq5guDkDy24x2FDnA2hSy/wv2xUMk65256n0qzbXBMSLg4HQn0zTd0LRkLQzDB2YJHUHOarncgZWbOOBV15SVLKQvpjpVaScE4bnJ9KpakvQmt9hfMhwBjFTvJEy434VehAyKpInnkKrdexqwkCIpXBYL2PrQ1qCeg0yAFWHC9iR1pROGbjPQc4p5VG+YgevTpSIinoRkc9M1NikxMKW3dST26CpgVRDkDOKVnOFRQMD2wBUfJI24BJ6AUWYJk8SzMNxbAJ4FXoo8ADqfekiG5QWxn2qQcHOKVrhcUKMe/1FFM3N3/AFANFPlYc6LrDioT9RTt+e9N5AIBzWyPPb6jM/Ke1QSAE8nODzzUpJPHSmbQR2oaEmyNlOCRg8ZquwI4PXFW346YqGQck0WKvcrYOc45+tSJgHOBkdBTXznoMULJt9OP0pDLAyB60Fup45piSDr/ADp4IHIqWUmDMwXKjcfTNLv3dCCAccUnTrSgKDkgA+opFC56elGABgY4pOTj0x1oHIH5VIxcc9+aQqGwRj5TkCj0Bo7UxkbJlsjoarGMHOzOR146VeHB6dqayA5B/Q0DMa4gBU/Kd394CokIZSjjoePUVrNEcYJBOcZ9azp7QpIXjGfUdxQMiU7eeuOCKd5hXoDn3/lSgjI/vdwRTM+uO/ehILj1Y7yxOOe9O3YPHQjkUxefkHI7Z61JlSCMZJ/Q/wCc0NDTQmRnvikAwcg8dxTtuFGf50Y7jn1xQIULtAbgD608Kxbpz7VGrFl2le+RUwzgc/Si+gIeE596cAOnemjpz/KpOx/SkMQfjTui/KMYpMc52jjvS8jBHfsaFuA4YI68/WlC4PHINNHrSjOOuTQwQbccHOaGYjGATk4yO1O789B05pSoPfmjYY054x0zye9OA7Z4HSk55HSlzgc8mrJFx78/ypc+vNGM/hRyRx+NQxpiYwNpycCl79AfpSEtnJHQZGKcMA5/Wla5aY07uNuMd80/HPWgfe6U4Dn0qWUhOaTbjk49KdjjrijHc5oKFGOgBpcfrSY9ad26cU7CuNA5wO3NOPTH6UfhR2HXPvSC4BcncB0pwyTzTTnA9KXOO/eiwDh+NG4496b/AJNLnn/GgY7dnk9ulLnIpgpQR0z+NIBe2OuO9LjOc/hQANoP5elRtKinaCSaaVxNpEvPrimkhRliAo6k1nzai0S4YAE9O5rKuLma8JDOxXP3QeKuMO5hOulsaV5rUEOYoA00vZU6fiax5vtN9Ir3Up2g/wCrXO0U9UI4A21JjIOK1UkvhRx1G5v3mRgBRgDHvTlAHTJz+NP2DPIzUipgcA4os3uSrbIjCknI7d6eI+MselKxZQTg0zLkde2enSiyRolcftXsOg4pdqnqKhbf15/KnhZWbggEcUJD0FeEYyuR6ChLWU/Mykg9MdKkjgkLZdht9u9XPM2jd/FjAqWWoLcznjmQ8oU/A0nOOck960RO3JwTTHaCUYb5W7mlcfsl0KIyBn8KcD+NWGtRjKSBh9cGoXhZAMjFOMjOVNoYeTz+tDDLDr1ow2CccdzS89ua1TMHBMAOvpnpSbcnPSlxxRj86pSI5Bu3g08devU0Ywen0pwochclhCT16UopSOOaQkD1NNA9BQOPx7UoGBnFMzj2o3cY9Kqwc2hIPXFOC88DvUIycinH5euOaLWBSuO4x05pjXAVNqDLY69qjO5h6D609Yx7fnUSlfRG0VbVkOHbcxOSfelEf5Z6VY2AijaMZz3/ACrLlfU359NBirjsKk4xjpim7eOgprI5/KnaxF7km4Adc1GwMi4HbpuqMHadrfhTlkHQj9KTaehSTTuiuUIbbjBpoz2q1IN+SSKg289qm1jojNMQx7vmXqPXvT45GBI4496ZknCjjnmkKHO4Y47UrFdTWhS2u4tgQZwCQT3/ADrIurd7ObawGw9CDwanglCOpOeK0hsuYtrEMGHTPJqkS9DHDA8g8CpOnQ8GpGs9u9nxEo6Bec1ArZPBB96NURpIftGM9cjFOGR+HpTQ2SMcYpsknlEED5cY59a0iruyMpvlWpdhuCgx/CBgVfjdZF4x061ixTLMuRkH0qzA7Rtnd+NEoMdOaNRCATnHHNS5yKqxuJUBXn14qQZz+HSosbX0Jw3PAz9KkV/WqxLAcBuvamPM6HcwyO+KfKRzWZo7u3elOc/1rOF4UwXXIH8Qq1HcK44YY+tTylqZIVypHSlBGMUpPPY56U0UBe44Zz83p3oOO1ITzjj8aO/X8qGNK4nJ6EUuBj/Ggdvc56UZwSPWoL2HcZ7DFL1z04pMkkHvSdQOc5pFXFJxxRgk9aOvJbHpQeR3/EUrCuN7j0pHQspIbkjANP8A4f8AClYGk0UpHNzRushTqd2MHv8ATNRqHRwCQcela2pMq4Gxdzdjzn/P9arC0T7J5rZZj37Cne242uxRYnnIweQQajxwpGOfWrEsEiRhzGT6kD1qDIYHvg1SIYnc5Y88HmpoZSI9knPP1qvn0P1py88EHg96tSsYygnoXCnHy1XYnfUiEjg5wORSYPOR0NdNOSZyVoPYRQWHqcUpX0oj+9gcZ45qUgkHpz0pybTM4wTQze8RyPx961LS7gmi2OgLdMgYrNx/Ce/SlUYB4w2Oves2bpaWNUxpyqADrhT0+lULqHcG+XIbr3p8cvy5Zxx3Pao0YyMCSDxwKiy3NOdrQtxgfZIhnooxUZB5GT+FS7QFC8YximFTjPb1qbWKUiHpnjr0INCvv4cL7cUbuNxx70PHwDwe4INSaLYikiCsDgY6jHWlK5XA7jABp29Su1lGRxmoyBkg4wByDQMiLFfl5x70yUoV28/d6A9auDYcDYvGM89qb5SbtxH4YqbloppZGQbiCDjjmjEkXyuvTua0MllCEDI79qY8SMoDLnPc9qXNcrlRDNtdQyEr+NVhEGfczAL1BPrTntpYBkESxjnrgj61BJgoVDEAjhSeafoJ+YoZn/eQ/uz2zzml84lXLD991GOh+lWrWJRbjcvb9Kint9+4BtrdQQO9NSTeocttSa3XEJV3Gc54qzGVjUDmoLBRMgKghwP3hIHb0p/mrt2oCoU4ye9AidnViAMcj8TT4EHUj6HrVSLLyAICPU55rSCFEA54561OpVrAGGVAOSaJH5I4I9qjjf5mJBqT7+T1x1NWkZOWosWWTPH40UijiilcehYDAcHGPrSkrjr3rNhu2kGChT2YVY3nqfpk1RyFnjtiomyD+tMDEDrTkkWReAefXimmFhTnB4/HFMKgrj170rkqp28sBwPU9qRDlATwSBkHtTuSVpVxmoCOTj8qvSJkdqqSLzmgpDA/A4qRZCAPUVCeFJHOM5pqvu5II/DpQUW1k4x0/Gn78jrj2quPXoacAHIz2PTNS0MnBJHTvS5OQCKQYpd2Tj0qSkKASM5pOeMYyDS5PtR82eemeKQdRT04GaQANxj24oo9+tIoMYHT3qOReM45p44GMjk5pSOvofWjqO5QMGR8wDMp59jUYgVAfl+U/pWh5Y3KwPT9aayAjkD8ad7BozKMASTIbA9R2prM0b/OucD161oOnUYB+lVZIBt+nene4mrEYm4weOeRml4OzHT2qEqy8gjnj6VIiNw24AHrTsF+g8kBsNxnpUsTDbggZ+vWoi3OxgMeoNSR4HBAII61Ni7olX6f/Xpxz6c+lAHA9e/1pc88dKkYuRnrQxIXIUk+gppPTAPPU+lPwD0HSmgHKOO3ApcZGBxk0n1/OgdsUmA7qffrSjkUY6etIqqnCjC9fxoGLn1FLgHjGOcc0D/Wbs9sYpRjr0/Ci4Dgv1pcelJxkY6GnDnv0oAjcZHTp3pUU7eSfxp3Rs4p6DAb5s+3pTYriBRt5659adjOOOgpq85wQWxnGRTiM8+lKxdxD9f1pp9emKPUjGaM85NKw7gO2DnjuaD2oA46HP1pe+D1poQuecdO/SjBo4HbOOlOxUjGNGHj2sMgjBBqQYGAMAdgKO4pCRn39qBi7eOKNo9KaZMdASKie8jjBLugx1ycUWE5JFjPqRg9KjkmVR8xCjHc1kXWsHDLAM/7RH9KzTPJIdzMWPqarlJczYm1KMEhCx9McCs6a9eUkj5AfTr+dVmY5wSfpSKBtweTQZt3HIpkk3Mx2+55zVlU28AY+lJCgx2wfWpmXnpWtON9zkry5dhnORxS4HHFN+vHPagnj+VdajFbHC5vqTqR+NP3bRyO1RKMDj8KcASeR+FZTfQ6KKb1H8Ffr603y8nhaco57ZqZUBYcVKNiNLYs2TwKtx2yp06+5p6INuPWpOmBj602wSK5t8uTnr6Uj2xJ4bAxyasjrzQy844/CoauaJsrC1UjBLHPp2pPscYI2JnnnPNWwrDnHFScDHPfoTxRyofNIoGzXspBPTbxil8m6iHyjzR3BODV7gkcdPbrUuUCAH72KlxTKjJmL+7bcskZiIPIJxio3jUAlGB9ieavXmn/AGsBk+Vwfzqp9jECM8j4C8EdanWLG1GSK2MdhRioTdFm549OKcHzjk564rVM53Bon7fzFMBIz0496Tnbkngd6aBkdOvvVIyknclJ46570H1xkHuabz6DNId2OeD9KE2DV0O4xTgBkADFVy5Xjnrnim+Y/PPUVaM3YtrycDmg4J59KpmcqeVbNRtekNyPlPanZti0RpJGCfp1odwoKg8561mtfjaQS3rjpTo7yN1HUH0I6VLg76FqrGxc3NnLH9aRgS5IPfJxUfngnk/nQJVU5zTULrUXt7PQk2Pk4Yfj/wDWpGnkjO1kyv0p6yKw6k/hTGm2lgVJ5qZQsjaNXmYhkjKjJ5+lMZl7Z4p37tuhwc9MU4xL15+grHU6E0ivuySc5+tWIVEi5BH0phtyM8gnuKIcxSrg4BPY0tUW7NaDXhZZOmDRtOcnOO9bEsKPb7lzkelZ+OCD83arcSVMgUHHHI7cVLBMu/YCVOcHnimyKB0yPeo9vI5zmp2NPi0L15Cfs7FyrBRkYPWi1tbfULcEfu506sg6+mRSW8hKlHORVUNJAzNFlGU8H/H2pt31JScdB01rLA53r7g9jVG7mREIZhyOM1v2+pQXseyQBZu6HofcVR1DRorlQVc47beoqqbSlqRVg3H3TJ064jVTDI2TnKknH+e9XonBZ88Mp2nnrWFf6XcW8gIDuo6sB/hS2+otDIA5yrcEgV2SgpLmicEKzg+WasdVbzBHx0z196vLyAfWsGG4SRQwbhjgYrSguCVC5yB3rlkjthJPZl3eV9zj0oMoZSGGc1GH3AYXk+1PQNjpx34qblWuVDBsJKsNhHSmZUcFyPcCr4Tk5B59qa9uHXaRnjtTbCMbbEVvqKxP5VwcKej9q1Fw65U5B5B7VhTWxwUyQeoOKZZak9hIY5smLoQTnb9KzNbHRBckf4UuOopUdXUEYIIyMGlyMn261OpasQkY9aXP408rz3AHSm9uM/jQDE5z/hRnAx1+tHfr1PelAA59TQTcNx4Gf0p350z5ieQcU4N+VMSFGAaRnwKXZSeWT7c1m2apFCSM3EgLoQo6VM0YYKCvyirQjAORxUcnB2r1PpRuVcVgvklQMZH5VjS2RnlYRbVwc5HStYoSu3uOtKoC56A5ycChX3E9TEGmy/dwBzg+hpGsZkJJX8jWycZJ/DpUbpuXkk57U02TZGQBjrnml7de3cVM8EuW3JjHAPXNQg5/r3rSJjNXF2puPbHXApcgGmRgqu0kkZ64p+0lcZww71q5HPyATk49aUfzqLkueM54HHSpNwXOeO2Ktq60IWjuwL/Lj168dqs26rnJwOO9UgMTZZiF7VpQY3lT6VnojR3eqJgwx2z9OlIyr1ABHpikcHuaBKGXGOaLC5tSOWFWXAGOOoqDy8HAYbfrnFWs4yRxjjnmoJSSOOD+VQ1qbp3IWAVhhwQenFRSuWBU/eByP8/nU+5QNrMwz6CqsrExkbgaRaCOXsfvdM5q0sgccnnPA96ooctlgBjHNWhgDqARzU2KUtSQ9cgjNPwpZTjAByMdvpTFOcevIqZADCVLKcEnOelSo6luaRGGK7tyhhjjOKjIhPPlID144qeONXcATR7uy7qjeIxEs6nb6A/rQh3TI24HAAx0AqKTCleSCTjBqZDxux1565FQ3iqsasF5zjIzQldg5WVyCHbFNJIcjI29cVbjdVuSvRcZ+uaom3WRVZ2JyckDjNWUiVFyqkkcHIqpabERu1dmiJFEvyKDnripgwc4GOec46VnxzsFCMuTz0FXI/kiLNnimlcUpcu4rdQoJ/LrTxjA9ugqFHyS2D6VOvb1x1ptkJX1JEwMj+dFNGT900UrFCyRBv3inGetNXj5JDlW55qWNgp2kZU9jQ4jaP5eCKTRha5FJGVHZhUanBxU2/ClBnpSbMAcY7/SgGrCMvH1pnzbsDpzyOtSrgjleQMj0ppxjPPSmmS4kQclyjEE9Rj096R1z+fenLHjc24kt19Paq6XYTzxOdgjk2hm4DZAP9SPwqricbETjB47VUZ/KfJBGR1rUePLfdxiq0sG8Ff4u3tRcaI0lV13DHuB2p4qiVkt2PDEE9anEpJBYYwM80F2LofnAzz7UoOCCD0qFXyO+fWnGQ9cY9anqBZVuc4owck1EsueSamE2Rj8c0mNNdQJJPFKD/KkJz16cUpPPXvUlDe2RwfWl464pcg/SlIGOOc0gE4x1603jqOaXHf1oACgLjj0p31GRsu7uevrUZiz2FTlVznHQ5oFDKRSeIHcCAfWqwieIAAB16Ad61DGOCP0qJo89McHj2pJ2Hyoz2RpMBVI5yMginiHaMluR6VZKHdgdAenpRjjBFUmS4kMUhb93IfnHOfUVKSdnAqN4d4Vt2CvQ+lJGzOMA/MOvHWnuQrrRk6jI7YpxHGcD35qFZZcfKo69c0LcAHMvyKc4J6UWL5ktyYfL9PrT8DGQOTTN67Tgg0quGYgdjU2Kuh3cHPHcU7+RpuPegnGP1oEOHTnpS9FGeM03JAOD1qvNeJHhc/MetOwalpuG6455zSM4DA7wM8bc1kNdzuzA/dHvVZppFJIIH1NAG+J4Sy5dcj/ACKl8xSOT1/UVyTO7na3zqRyKcstwoCq8gA9CarQnU6xG/hwOnGKB0IBUY64rl1vLiPkyMfrU66q527u3UrxUtIaZ0Pf1o7c9qz7bVbZjhm2Meu7pVuO4ik6Mp91OamzbNFJEw2k0bBwemOKZvUHJK7exzUMl9ChH71ODzyDT5Q5i10PX9etO46k1lyatAGxuzjuoqtPrLvHtii5PdqVgcjWnuEjXe77VHPPc1jXGszNJthQBMfebk1SkkkmOZX3HtSKoBo9BNtj5ZppDmV2Y9xmoWfOcAA4pXzjPFLHA8i5GTQiW7bkfzdSAfWrMMJCF2GFAqdLPiIt153VPKu5dgOOK0UOrMnVT0Rl7lZjITn0pUYGRQKDaSfaCmMgHvVhLFgw+YHn0qbMpySJ7cEnp+tTMuOadHFtGP1pJD8pJGa3joclT3m2Vz603Zk4HSnBhnn8KkCgHrW17I5GrsVBzg/WpGZYwM4LelKMYzjmomiy5YsfTArGV2zrp6IlRiWGMYqzEvIHpyahiQKMKMGrkSbFzg0i9x6rxTs5JFRPuY4TgEc8Zpy8DABJPU0XLSJdnpSgAYJIqBnOMZxSb8njNTcpRLTNzwBj69qiLFlK4GPeovMbsc9ulKrnblulFyrWH7scBsUu4MRyePeoyy9RjP50ozjGcCgTZYDrjnp3zUFx5ciH7pU9eaVVBGDgD0pfLGR0Azmm9hRWpVGn2nVowcdulS/Z7YfdgRe3SpWYIOe3Jqq9w7fc6Drx1rE61AlMcZXBjXHoRVZ4olbkY7cGmFrqVMou1fX1o+zz45kGevIpqTREqSkJ/opyPPx6jIqJ2twpAmVvwpzaQ0jbzINx7YoOiMXwJMdjkZqvaamTw3YhGwDIxjt6GjaPw7+9Svo9yqgLMpUe+KaNOvlXG5cDp8wrRYhdjneDl0BVXjB7dqa0UbcFMntxS/Y7pT86En1U1H5N0nVHUY7rxVKtEj6tIVrWFlbKrx6VXbTlRiYpCD71PmRT3NJmUev4ir9qjOVEgETITnHH60NFlgOmfarW487lxj0oLr0P1qlNMwlSa1KwjdMFWOR69KsAnuM89qXzASeaTcD0zj60SYkrMawU88j3zTUaRORnmpRHkj3pxjx1I5PSsWtTsjP3RPNU9RgeoFMOHPUfhTiP8KaQMnGFP1p8jZcKq2Zo20h8vaRkdDxVC6cxOwAOO3aiC6MJw65U98Ut46ugdcgYxmk1oVFrnK4myuMng8+9PR0bGfxqquDn1qTAZe/51lc6UkWo5QCSoyO1En+sbIwWHGajjO1g3QelWHVJtgP388EGhBIZYCM3O8qA2Mc1rqi9VBzWHJG9vOdoxg5rWs7kSx7iMEnkZptCi2izsGMY/CqV7pFreKd0exs5DoMGtDqOPyJpjNjg9T60RbjsKUVPRnD3djc6TdDIYIx4Ycg/lVqLUCuC0ZBz1Xp+VdTNClzEUdAyenp71z+oaWbd98SkoevHFdcaqnZSPOqYeVJuVN6GxY3kDgB2Csfu56Gr7Mc4Ax3rio3aM56gdVrbs9UUIASXQ9s8rWc6TTujelXTVma+cEgjFOSQE57elNGHU4IKkdQajCHscVidSV1oOnwx+lZWoQqD5u30BHWtJklHT5vxqtckGJ1l4BHFK+pS1Vhul3/lgQtkAfdz/Kt9GV1GO4zXFAhZMoT1FbGmX5DrHITye9KQ4m7im+nHtSj2Hb86XtzipQMb07U3noAPzp59cdKTB7UILDO2MUuBkcdOlLjPIFH44zVEjgeOSaeCMdxTD05GaATjmpaLUmPLDBx1pApJzjnHpTOpzUmc8Y496Vikxnl4H9aYR2P86lPTH9aYwz060WFzEZH/ANem4yOnWnkY9/pSEY4pMdyMorjB5H0qBrNdzHdj6irBz60feA6gjoaaJZRexfG5GDegFQeXIG2sGGOavHzEkzuZM9+xpvm5JEgG5R1xxitEzJrUotkfKQQO4qMuPQjnvWlJHEwGCGz2z1qi8BPOMEDkHrWtOavqc9aErXQ1G+YZBIPHSp45BGRuPbGc1Tw0b98emKtcMOuCfetJxVzmozk7ovKynvx64pxiDenvWesnklcAkDsKtQ3aycNhT61HK+hrGSTsx+1l4yePxpu1S3zN+OKeXBbJOKhmmjReXwO9Q0bR8iGVVU8P37cVGYedxz78Z4qRGhLZZ8rjkkEVaUQYxHIOnY1DubJ9CgYVC8KfqaiK443cduK0HxjgE/WqrjD8nntigd1uNXPI3CnYjx6+9NMeDgHJz6dKAp4GOntVIhtCtGpHGN3brThcyxfLMwYY4LmlxkckADrTSeCflbnGwgnNDfRoFF7pjCRgnAxnI46GlkZmTaAN3XA6VGYpiCSmwDvj+lLudWUfIx+lSqd5e6W6qjH3xtuUIVsHcTj6VLK7ggNggcc1WnYQzmbaQrEHI9aknIkRNoxk5wOtOUHF6jp1Iy2LKgL84XPbr0qdW3wkg4B447UyWQNEccEDpioUlKIQehByPSojoXNcxJGxEuwfdHOatHHRT+RqmmPM+UAAjPHapkbAp7sTskPMmP8A9VFJvwT1P4UVXKZ86LRVt+4OMDgjHWm71MuzcCcZwDzVkIpGQCc+tSeRGedoxQ0YRuVsD0GO9BJAzxj3NWCI0XJ2qBzmoJCp+6M/Ski2Mz+vbNNYrxk0bSf4Tx6UNGwGaLCGhsZGe3P0qtdxLexCFifLOCxX+IemanChD0/EUg+9gj6U0DV9GJg7Aozxx1owD359M0/luOcVXLMJggj7ZBzxS6gEiKAM/TAqvIisoHII9atHucflVaXvxz3pMa0Ejk4AAOe9TJyPmwapH5T8uMdP8/rU8b7gO1IqxOFGScYHapgFxwe/rVcE+op2485PHWgCyuPwo4JqJW3dePYipgeOtKw0Nzjk8c4GRTvpRkD+XSlwc/0pMYZ7YpMjIFLx3oyMj3pWGNxnoaVRtP8ASj69Pyo6jGKYxpx2FBwSf50oU59MCl59qVikRbcnHc9DTChA56/Wph0HekA496Lj3Iin5d6qSqILiNx91wwBPY8cf59Kv9R70FVcbWVSvoRxRGVncUo3ViikMlwm4P5anoR1NDWi4Kt5h46MauqgC/KoAHSlGQoGcYHStPaPoR7FPcyTB5ZGGdMf3Wp0d08LbZVLA/xKK0/JUp5bD5cVWkspVUmNHlH+yuTS576MXsuXWJIsiSKu1sj1FLkrndjbnjvWYkhSQsvA78VMbxnTaI5FHXLLgVLRSd0PurophUOGzzWe2SuTye4xUgO5snt3qFjJK4iiDOfYUbFbleWVlHy5OTjIqe00+4ukEkgwp9jzWlaaPHGyy3B3P/cB4FaTNtXhe3Y0nPohqnrdlGLT0QYI/Sl+xJn+I/yqdmkz8o59KiZ7lB/qdwHo3NRYsryWMRBDZ5/vCqMlpED8r1fe7QkpNujJA6rgUy8tALaSaJgcLu5/z7VSE0rGS21WCg+vNSJO8YwjEZ647VQtXlkJP3ifarwVu4qr2MrXHSO8gwzlh700KOmPypFbcRxj8Km2kDOOKlyGojPLwOcfUUEY98U8KxH19akWPvjnNO1w0uVhnNOOQff8qkk+U8d6jLUi0CLuk981cs0ZNwIArOBO/OSD71sW8vmwKe44JxWkNzCsmPwAOaiPMowOoxUx4FRsAcEevpWlzC1kIF3Nu6cYqROOPTg4pGbHTn8KRT8vvQBLng/yqvOwC4bHtU2RVaZWk4BA7CnHVmdR+7oVVfL449eauKMjg8elUoo28wtnOTwKur06CuiexzUXfVkm7g/nT0AJ9Tz2qIZ7k1PFjdjB5rF7HTFk8W1OAM/hUofA78daZyaeF9/0qLmqQm4n/AU7oCcZpe5pQDSZoiP3PSk6HAp+Afm46U3OXI6HtSLE2Dv1607Iye/0GcU0kCYhl4UY5qKaYeYEUMGbnIHpQgZIrZbt+dLFvMgwTt9B3qh5yxRyPLubb2I5HvirljIku90LbRwuaBMtbcDOelQSXDY2qOfUdqkYmQnHAFKFA5NTNmlOFtWV0gaVg8rnHUDNTsqiPoD2FPJODnuajc1Fje/QVDtTHGR7Uoz79emKaAcd6mVPWkNAMAAU7IB4owenp2oz7inYlyGluTxxSdeT2pwH16UjbScZ5qlEzcwGevT60bTjqaQtg8elIso6Zx9atRM+cUgOPnGe/NRSWsDZGw59VqYn+VJ1PGSetFhXvuU5LE4PlyD23DFV2s3UENHlQOo5zWsV9cn2pShPU8+tPmsZyoqRzcluS7eU5BxgpVVjcIeOAK6l4g/LLnA4NUJtNDtuVyMjkHvW0asepyzw01qjJjvWjH7xeOucVahu4bhCV59BTJbPnDdcduKpGwMTF4WIz15rVwjJXRhecHZmoeRlTUR4wG4NVRLKqLxkjqalS43H5gfpUpNBe7JCoOak2K0TJ34xmo8hge1GefXFDQ1Np3IAmB6DtTwNpGMGn4Bye1OEW44BCnvzWEoM7YYiL3GDbj1x0pbeVvOX5Qe1Itu+OxH1pRI0OdigD15qOVm/tIPZlu5HmSswGQPlPPeoomaB8ryD29aLe7V2aN8YPSrexGTjG7qCO9UmtmTJSWqLkcyvFuGcNzz2pWXLLwTWcjmJiBwP4gT/AJ/OriXGCAw4PIJ701FITk2TAe3T1pGTzEIYcHIwT1pwYMc5FOB9frVKxndpnP3+liPc8S8+g6/Ssdd0cvDbX6EV2zoGUggc1galYokuSo5+6wranV5dJHNiMO5Lmp6MNP1IoAOTzypPatuGRJ1DDjPUY6VykfD4AIOOOKtW9xLDKDuOfT3oqUk9UFDESgrSOpKErgkVnajCSjsMZVDU0GoxOiknDdCMd6kkmifKurFcYOBXLKLR6EJp6pnMLyeD0qUA447VK9gylmXc0eeMDtUQdeR6e9K2gKSvZHSabc+fbAOf3ina1XuntntXMafeLbXXzNhH4b/Z9DXSxurrlWFSzVCH5c8A5pvfp0qToQM01h82f6VIwxz9aMEc8UvOaVemTincVhv4UY6n+VBH86OcY4FFxWBeSaVSRx60098/hmlA5PPtTAdnPTFNxk0vUYpD93FITdhD3PA96TGT60vfpQR7cYoaFcawy2cZxTSBngCnk4HTg00+9LYdxhGenfimBVJzgA1KSNvTrSMoII4zRcdiMRLk9uxphiG/aRyQcZ7085U9AARxSkeYvbkU9BO6KUtqw+6DjPbtVZSy4DfpWoj4+RsZ6D3qCe2DHKD34rSNS2jMJ0VJ3WjKgGW77qDGyYZMn1NNAKnuD704Akccitb21RzKDek90OMhQEjLVTZZp3ILHBPPNXgD9CKMYPOQT2otc0U+UbtKpgEHI5ANV3Ei5ZFXPoatiPcSQ2R3qKXfG+CeDzx3pqFyXWsQm8cL3z0xinLIQN/Iz7U3fBgneoOOlIbmJcrlWOKtUmZSxEb76FrzCycn3z0oVu3+RVdZgy9MZHpSFioYZ3Z7H09qfsu4niFuiW4IC55yTT4FjX52GMD5eOtQhtxBwAAMCl3/ADY5Ix6VHsL7s3eJ091E7TnJBwQe+arn52J3ACnFSyj+Eepo2gEZ5IHJqvdpq6MrVKr94jmTdDjJweKpIRYzkuCYuOAfu1qNxHnPygcgHmqdyqOg478VakprlewnGVJ86L6oJoVlR1ZX6EUx4vL5z8ucGsyxu5NOnLFSbdjlk9Pcf55rSmljkCyQ5MbjfuxxXLVpezl5Hdh8TGtDXcWIZkGCCD3zUpUryflOarwkB8jgj3q3I28bh6etZp2NnG5EWK91P4gUUzgE+nainzkeyNeK5hzgtk+gHWpTcLuGwHJqqkUTRLkAZ5qzFDF6Zx0JNaWS3OW76DSpk6nvz7U5V4IPBqUhT6/lUZUE/jU3KsKCoGCOfajcmDhevFAQnvn8KXaR0xSGMIRl4UDn0pvy9MYPpS55IK4AGSccU0c8gj60WGNdfXioWUkZ4OBUxUkGmEOBwvT3qWCditz3wPYVXlBGOg9KukEgZxUEiHB569TikyzMkG04Pr1pFlPY5Wp5rdpGwjbT6nniqht7lXwVOCeoNJMdnYupIpXIB9ql3DH19ao7ZoANygjvViNwyAj60A9C2DweKer5PT9arK2QPrUgIyBwD7UXBFn8c0vaoN/YkU/JJx3PQg0ASc07qaaDwfbrR/OgYuO/H40hB454pvQH+tO7Z7/WkUB5GcEClIA755xSKuD8oHJ5PrTXUEjI+6cjmgYcYxg/Wg+uaD6fyo681LGhOntSYJI/rTu3IppXK7f5Ggq4vT169qMDsKTORnJxweaUDHJFPoA7FAJUZB79c00kDtjFVLm8jiQls+oA70WE5JBfPHIpYqBKx4kXgk+/rWev7vcpBbPIyeaqtfPPJhULHtzSAy5/eHHoM1V9CepP5c07+XFj3JPFbFnZpax/KMsfvNjrUdpCI055NWQ2c45x29Kh6mi0RIcf/rqNjQWIx9elIRhc5osLmBD75FS5BGM57Yqtu/unr700swOVbPvRYpSJ5FB6qCp+8DzTFt4TbyIhIDKQB6Gq/wBrWM/Nk9hjmomvGaT5IyM9c0WHcxLBkDFewPFaQdT261kLGYLl1PGDWkvOACc5xTa1MovQVcBtpUY6ipmK44GM85pfs3mRbgTvHI//AF1GsqjCNwe3NTbUoRzjmhDk0N83TvSL90DHPqK2srGF3cS4XZtXpn1qtjJ+h6VM+5yM9qZtJPHIqDZOwncD1q5ablBywI7YNVQuTzn/AApFuXglAQDDHkGnHRmdRc0bGv1xSdDTFdim7PTr6VLncPb2rRmHQYRmlAKj9KQr68c0Mf1pCewH0psp4wvBxxkUue/H0qFiWfgdM9q1gupzzfQai46+vUCrAUHhmAwagL45zn05oTJzn6miVRXsXTou2pZwWICj5R3qxGmcNg0kKbf4sj09OKlH+yPypOWhpGGo5Rg1N+HWmjIGMdDThyfpUXNEhPrSNnOO2O1ObIXI+bHOKPmbBIKnvzSuWkNTHQD9KrzN5e5wrFge3FT71I2qQTnkGqdxC0ihnk2oR0A5pMY0XbPIysuBxiiTfJHv3bdpyP8AOKkXakYwC7/XpUDl5gq9FHVc9xQhFZ49/wB5iS/BA7mtOzVViAVdvHIHT60yOJSQm0gjnOOtWliSMZGS3fJp9Bpa3Hr8uPXPrSFhnH8qUkfhUecfKPwNRubBuLc9h0pFVmc1IqfNnFSrhRwAKLA5CJHwCcH6U4cD39ab6855/KjtzyetCRLkLySDn6CkYqq8knP86RiO/HNR7irBS2c9quxDkyQhs8flTcHgj8/WnjdyCvGDyKQlRIFP3uxzigREwI5468imrg469fyq0sWMYPC9qYQpckjPzdu1O4uUTACjOacGIOAOlJ6bsZI+lByuecYJobGOByeO/TinqcjviowF5Ixk0ucdcD3pDJNoyPX2pPL45FM3nAAxkVIr8Y65pWHdkEkCTAhj06HFY9xbSwM+8blycEelb2QeB+FRuodcMgKt7VUJuDMqtKNRHPbFK84pnlgdOtW7mHZIRxwMggcVBj8a61JNXOGVPlfKyM+mR9KevBxnml/h5PXpSjjB44oViXFihcjnnHSjnP8AjUm4ZHbPvSEAjg80rA4CxtgYz17U51R04wD7VDkKc4/WlEmHXrjFDVxJ8uqK7xAZx+dCu6856e9WWwfTB9KhMWPm/KuapDlPQoVlLR7j/OLgFutPMjhSFPB61CFXGKfnCEZ4PrUJs2aRbt78NlCfmHXJq35hIyvINYrDJ3DqO9W4Lrau1+eOuKtOxDjfUtNfQwpl2PpgDrVN9QgusxbXGexP0xT7gJKp3BSPXpWe8PlEMmeD3pOQ4xQpVWT5hggdah5CnPPocVd3KqrKg4z8ymnOkcqlkb8K3o1FszixVBrVFKKTy2Uk/LnmtNLnjnB46Gs8psJ6nmnKemCR6n0racVI5YVZRRsqu5QwIxWPeQeROEHKtyPYVaillQAbgwHvVl3huovLcYY9M9vpXPOnpodlKst2Ym1Dzjn1qWGWe2YNDKyEHpng/hRJA8MhU8kHr60eWfSuezO26audDpuqJeDZIQsw7ev0rSx39q41RscMCysDww4rpNOvjcJ5c2BMOv8AtfT/AApNFqS2LXr/AJxS5A+8QM9KeSGxn+VRkeueaQx2TnnrmkNIc560blHU0yRdueTjP9aaeBk9aN/THT+VKWBGTjnpTExmSO4+hoyDk5HoaMe/TvTCDu+X6HikIkB46CnZ496Zz68/SgDJzVCF9T+HSkwRjGMelHUds0oB6Y6UmA0rTeh5+tPxzz06Um0+35VBohv8/TNJgDkc0p60Hj+eaAaI5UUj5lz2pqgrnnIHvUhJPH8qQjHQ1QrEUsQZM7c+/XFUTEVlB6L0z6Vpk7vr71BPERliOO4rSE+VmNWnzLQRIYwAWGfcHih7VWO5WPHr0NNimClY2xtYcHPQ1NzFJs/hIrRtrUwjGL07EP2VwRjbkjP3qabWR05CD6mrZO09cYppYelCnYbpJ7mdJopkJbdgDuvOaI9GjjlZmmZhngBQP881pF29R+dQOGyxGRT9vPa4o4Sle7Q0afbkA7nz0Gcf4VBLaSxk4BKeoHt3qYSuMKTg+tPSfGVYYb2NS60+5qsNT7FFfLGMswJ7AZqb7NlQRlPdsfyq+ZI9uQqbiOuBmq7OT94fMfyqfau9ynQjYjWNlXDHd9KYwwMjGKkyWPAHPXikzuBGcdvQ1DqO92aKkrWRXz78Z9KdMiyJjucHkUjr5ZCkAKeAfQ1Og4AJBOOo71opWd0ZShdOLMMsd+0gn3xUsVxLAvlJLtQnOMA/pVu5tECeZGp65b2qrLAVt1cZ5/T2rscoVI2PNjGdGd0SxGVpFftnDc8A1p/M9vuwTjrzWNbS+XKBtznqDWql15coZfnif/x01w1Kbi7M9elVU43REzkHPBz6mirslutxteMdRyQaKyNkiWwZZbFc9RxVqJcO2TWVo7ht8ROMc5zWxgbtwPWuupozyqT5opkvGDzTO/X9KBg5HpSHI4FZWNril/xpucmk55GM4pu5iDwR9aVguOKknOcgjBUikzwBwAOw7VHuJ9ee9N6dqdhcxMTg5ppdfTpTN+V68e1Ifrx2qbDbB+/AH0qFge2Penluaid1UnJCnHehxBSI3Xuf0FVLyYxqp4HIBz2qeSdFjLk4QDOcVBbA3bLMQBGGyF7/AFqeVmnP0JcY52luO9UXIT5lAT2J4q9dMkKfMcnHAqnbhZ94ZASRgjFNRdhOSFW4RUBLc45Pp9anWZTgZHzdPeqj2JDfISo7VBmSFtj8ZHQnGKdgTNfK44OCPapFbjFZcV32JJHuKuLLu5Bzmhou5cDetOyO3XNVQ/GT1/nUgbA5OakdiXPGaXJNMDZwQe1G73FFgQ7cceuKQnjNNJYkBePXntThkdMjFSWgGf8AGl4prkd+M03POS34elSykSNgck7QOTS9gelRb+ec/wCe1IZRng801G4rknfoDn170jSY46VCZGPQZ9aqXd0IIzyC3YZppCcht9frCpUkZP8AnmsrZNeSEj7vdmpkMT6hcljyM5z2raSEBQBjaBgYpiW5VjiWCJtgAHqaS1QPMN3c881cktywznp1FRQYFzt9D6U+gdS9GMIATzmphnbzTUUnvSkAVNhtge3FROcrtHLN2Aqb2A+tHlDGPxOaLCKBMjAqoJPpjrRFBdyEhkKDuxbr9K0wgwO1Oyo4xTSGmVobBQC0nP49am8pF4UAVIPTr2NMwc/LUtFKdjndetfJmS4A4c4bB71BbS8A9cc9K6DVIPtGnzJsBIUsPqOa5awbdEy9dp6U7aXJb1NQXLAkDgdDg1E8YkOW602NBjpzUvBB9qB7jfKZVHX3pokwMHn0p8Uu0gOM4pt5bmNlkUZR/wBDTuxWGbjjoMUuTkd6IkDEDt9KsNEXwsacYxSbLSKhY7sA1bgsAqCW6VwCPlXoTV20s0tB5rHdIMY9veiR98hcnNUkZSZWurjbCwUBVHCqBgVLE+UWmNGJVycH+hqSNNiYHTpWunKcrk3IU8k5HT1FNPXH9aeeOOvNNHqfWkkKTEkwFA9agdiQ2KWaQA4HX2qFQWOB1FU30FThrzMeAXI7ntV+GHHXJBHWkgg2jLDn1xVpV757+tQdCAfMOBgVIigelKq4XpjFSAYXBPahgAAH40EHGKccDp1ppPyc+nNGwXI1YHdj6GoGmUkgjBwRk9/wp24iTcvCnOSTQ9urocjnP51I7jIEZWZTgLj5QKstGNm0kBhzzUcSEIo67RgZFStsB+YKN3J+tMaKc0czXAePA45H86cFCkhjjOCfrUzgt90jn/8AXTfs4bA5Jx1J4/KgNiRAAvfjnrQ5HH6UFdgxnOOmcVHne3Y5pFxHoDj/AOvT1TJzzSonHPbtUm3HT8eKSQ2xFGRkYA7e9IcE479jS8dMHIoYccYziqIuIW4wAMnmjP0BPSgncuCcEHvUMiYVtpBxn5T05pibHtt6bsc4H1qKRSx4wB1GDxSqgYqQ3Trg4pWBG5goGKBDoshVJPy4xg9qGK52qSc98cU0q+Rl8LjsM1IU46/XI60DsCZUcE4zkGl8zL49Pel24GOPrTsYA5pFpDty8DH403qcDHpzSEFhjHTpTcjpnGO3ekOwq5Ax60pOSSD0pSTjjr7imYXBGPqKAsJu5xz78U4b+Oxz3pgXktx+IpxZcg5/GgVhS4DYHP0p5HuQKj2/PnPy9achJyCMc/Xv1oY0ijeqMFe4796zgpyf89Kv377HwSfmA5x71Tdtq5z1HStqL0scmJjrcWMAsobucdKnazLKCpAPsOKqlsDrzmtO2fMK49M8CtGzOMe5nvA6tgk49hTeQcHnitfaHqheWzxSg4+Q+lTzWLauisenB/Sjtx19cU0534pfz+tarU5Km9hwO5SPToQKABjqc0icMW704gdfU0nFS0ZMJyhqgwOD6+1BXK9elR5IJA575qWNwPvDqaydBrVHbTxSkrS3EU7eefwpyxBj3zUgUN3/AFqVYSeACf6VFu5tzroO8keXgDpx0qneKY4OWzk9atNcCJW3n5B1Oe9Zd5fidNsYZRnvUuxcX1KnnFSRuJB9adG7BQcn8+tJHAZW4BHpirK2xVcEHJ9KVxuS2YJukHJOfXpSmCYjKDPHGGqRUAwAO3PvVyNRjntVRrVEzmq4em1dGerSIQGBzn0qYS7mHzDrjFWW9yeeMZqAwZbIzz69q6U29zzpLl0TGvIGHB5+uahw+dpZjzzVjyiCNq8Y9aVVwe9PQLz7lQq3Oc1ZikKOrBiGBypHanhNx6daTycdCR9amUEzWFWUWdBaXH2iLIxuHDCpSCM8fnXLw6g1jdqXVjGDhgOcj/Gup3I6KyEOCMgjoR2rlnDlPRw9dVVbqiNievNMNTEDrjp7U0qB0qDoIx1xTg/vxigrgnnP4UvPWmITd3OPY0bgfakxnp36imk475x60yWSHgk+vY0A4PXOaaDuH0pC2D+tAiUEdB9KTAyMZx9KYCc08EYz2oAXjHvS4696b2pceg7VDRaGMvfP40wggcDIqU5H/wBamt03Z60ixjDntTTnp3p4GDwaOcAdP6UCYzacDufWg9MNjpT+elJ1/rTJKN1b4BdOg5x6e9NWcyqu4EMDwcVoHHc9u9U7izGWkjx05XH8q3pyTXKznqQcZc8SVJdwAPf1pxGe2OPXrVFJTgq3B/hJFX+GAPHT86lpxdmXGSktCEhievT1pvzA4VuQOlTnnvznnIpjrngnv37UrlJFV2OQcZ5/Gm4ztOORxUki7TjHSolye+D/ADpMZIrYOCRipdhIDAA+1QKOT61KMjAU9OnvSepaDJHfH160wKec5z707dv5zwKMbh079zUNFJjTClwpRjtJGVOOhqB1vFbDwnpyw5H1qfBAPfHoetPE5C4Ynp0yaNgauV5DIU5Q8cnFRB1aNkYZQ8gds1eDKc5xyeRVWZMEsgwp6rW9Oetmc9Sk90ZQ+YEDOAKkifPyMcknqexp2wLI/YDpxTJ4d4PGWxkYFdrSmrM8+MnTldGpGzIPk6H1orJhvPIBWRgG75GaK5nhpX0OlY2FtS/p8nl3q9cMNvXpXRooC4/rXKRnbcKwxwetdRGQUB5555NaVlomceFe6Y/BB/Hindqac9SaTPy4B6+/SsDrEOc9M/Wm4PYc0dwf1py4+uT2NDFuQyGRE+TB9qDk85qYjuelNK0rj5SL5iQT0pjZOcA1MRxTcA7cZ5HegGiI5OPemvuxwtWiOPrTCQPvck0txpWKf2YOjhsbT/DjrUh8u3j+UbVUfXAollVckAEnqKz3gmuZNysyseCfaqS6sUpa2RV+0tdXGSpwxwBjtW3CBHCNq4x1BHIqtFp6RMDlhIOQathW2bd53U1JPQlRa3Gs6ZwRnHXPFVrlYZYyrR5Ge9TOmee/rVSRdpGScHoaVrlK/Qx7iExsfL3+27/GmQ3EiEBjgg81rMu/r8wx17/nUL2iP0Tn6VLXY2i+41LzPHc9wKmF0GK4NU5NOYH927fSqksV5Dkq3T1Wo3La7G6JuRyR361IJuMnOe9c+l1MuOc+1TpdsDz1Pai6BJm15vGO+KBIDzuHtWO93wCGP41A+pMj4xn6Gi6uUbxk54/nTTIMcnH86xf7SCgkkj15qFtZjLBQrcHrigNDdMmOp78UvmLnOQMjnNc2+sSk/ImPfrUf264c5kYBeoxxSu2K6N6e+5KQ/Mx445rPeGSWf94xKnrgd6s6YFNuW6t29qsSqHK8d+BnFBdkSQRiOPYigewq0I9ijJ57U2EYX+eaezHGMgZpIlicHjioI4At0zcc1YGKTpKp7dKpICyowvQfQUYJI64py9KMcdOnXNU0QmIBz60/kCk7E9KU8flSsNsG9vWmZGcj1oPQflTeTxnmhCuO3Z70vfjmmZJPr70h+VcnpQ1cq4+TDoyE/eFcZp48uR1PB9K6eWbn8a54xGG9dWJB3dCMU0tAuXdoPzA9/SkKnbx9aepwo780mQCOfbGaVh3IY4JZJl2rkZ59q0tRjP2XbjoRU1vGqLnrn1qVsN97n2pFIoWUIEW9h1GOlX0RVGcc+1Kn4AYpc4G5ugNNIic7bFeVi3XHFQnMhwDgDk+9EsglfYuAg7+tOz6d6vY5pSuLjpgY/GnY6YNIOBnmkLc4zUMS0GM2DnOD9KiMpCE+9Pc7uc8jvUIjaRgg5JPNarRGaTlIjw0h4GSfxq/b24UAn7x/SpYLbZx/F6dqtpEAMgA1Njo2GKmBn0qUJ8vWnhRjtTsADkYpMpAEx1/KjOeKh875mGefUUqFmGcj6YoC6ZKeFwR7U0KpyjEEEdKdxjBpAOePxo6AMlVIkLKAfamLG0qkODjH1qVoVc5dQT7ilj4QISM+lIpK4m0KoCj8euajJyeO3apHIXgnjtUfCDJXOTnOOlA2hZDhOPyxTYTgMzADvwadkE47e1RhkfgMGP0pkrsDEu3fn3qSNAoHPNKiqox396fg/SpsaX0HZyMUofjINN+76Udvb60ybjSW3DFOzxk/jSY7UvbqAfUUCYmMgHPNGC2AD9SaX3J+maa+cHAP5UAIoHTGM8kmht5VdjHP8XvQAGGQOvTHUU0D5CGc4PGM8+tMBUAHU5xk8np+FPYYxyB6Gq6EqgcnIPAyeadkcHduI/lSKRYKNgYOBnrigjjvmmIWZ88gZ60/cMY96TGgGTy36il2/wD6qTOPf05ppkG4c8nIwTSQx3rzTDnnoOc8mnhhnj9aQkdCaYIjOD7EHtSgYwecj3pxAJznp70bQDx360IYmeMHPB5oU8dOaTbjJqNmKDcckE9qRVipqnLRnnnIqttJjGc5q5d5Z41BO3Dd/pTJFWKNQMYHvW1LTU4sRrdFPaxcKM56VpgCNCSMYqC3UBzIR8q8fWp4f38olxiNfuj1NVJERldE8KMF+YDJHTPT2qwyLInlum5W7ZximZHToacrcZ4rNs2SMq9sGt2EinfGeDnqD71VCgjA9fxrohgqQQCDwQRwRWXe6e8YMkIJiJ5Hda1jUtoznnh7y5kUAMfjQPvDI/EUmWBCnP407AA9+9axknscsoOO5G8ZYkHjvTsjbjow4NSkevSo2Hr1/nT5ibdiS15l29CT3q8zqoK54A5NZ0X7t1IPQ9asg5Xr0GDUT1ZvTmorUoXm+Z2TYduc+9RQ2RY5kO1c5xWg7j2PtUakkj2qHTSV2U8RN2jEQ+XbJ0AA6VEskly4WGPJ/OrEWly3bb5MJGeRn0rZt4Y7aILGiqO/vWEpX0R3U6KjrLcz4dLcYMp/AVaSFYhgLz781c3bh/SmY3LwKhOxs4orsflIwOnoBTDt3Y2D06VKVpjKCMkA59DWimznnTT6EMqR/Ko+X0PtVcrycEnnt3qwy4XGcgHoTUbwswPlH5s9Ca3jU0OWdLUhwVbkfSlOOlN3H7rrg5pPoeMVSldnPyWRBcxLKVIA2jk/StLRLk+T9jcjdGMpg9Vz0/D/AD0qm/MZOKbA5t7uObnqM/Tv/WiceZNBTm6dRSR0mcHFJk4A9etOYVEWwcYrh6nsodz0IzmgAfSjcNvoc80A/wD66oQ05wOCe1NOfSpPb2pp5wc/jTExoJ7gjNL3wO/elOD070gUEj/GgVtBuSDuHOaXce31pzKCOlG31/CqIA+9KGGc0gUgEgmjjJ6571DNYsdk9PfrSlc8imgj07cZpQMnj8qhlIjYY4HNN3DPFTMPl/CqsmUOQD9O1CWo2SHJwQTTgPfPPWo1bd+NCsVP8+KqxI8DHqMetKD36DPNLkEd/pimjI4yeeOlCE0Q3UAdMrxgdh1qC3nKN5cnQcZ9KvdBjt0qpcQs/wA6DHr61vCakuWRzVIOD5olgjrjFIc49qjtZPNiAb76d/Udqm7AcZzWTTTszeElKN0QSISfb2qoQUcn8K0tueDjFRy24dTyKLl2M4kMpLA5x2qRXz35A5oeMqcNkDsTTBkYB6AdMUAmTDplf1pR90kcY9aYCPr7GpE27iM9RU2GhF+fJI5HJHtSHoATn69qmXbn7vTr3pCg6qePrSsMi+7wGPPqaaT65PtTm3AZ6e+aibI9ee1LYpalG7BhJbqCfT1pyHzEJC53YwasSbZEKMM5Hr/KqCmS2kIUZGc5rtpS5426nmV6fs536Mr3tk/mho+Qeu6itON1kXchJHfIHFFarETjpY5p4OnOTlcgH3gwPeugtnBjUDgkVzuB61t2TYgUe3rUzs4ioqzNAYOAO/vQwAGcU0E/n7U/grwM49a5zrREaXHHY85oXGTkdPwxTuM4pMEHbNH+eKTdx0P1oHfmkWJx6U04A5PWn/WjaMcnnvTJIS7NwiE+5NMMbtycYqztHrj0pp29f50Cce5EIWIPzhe3TNPEaRnK9T1OetIR1wKQYJINLUtJDS4B9f6Umfr9KUnAwKjPB/8Ar0JjsBP1+tRGPOeMcdqkznk/jTc8ZxTY0iAwkHI6YpuzB6GpznIHbvTHx15z/OkUMx/kUjqCu3OM0pY//qpu5uemMcGk0UV3tUkBPHJyD3FV/wCzkJIZmAPQr1FX8ALzTOnNLlRSfcyZNDmd8xXpK9QrjFR/2FIsOfMO4dvX8a3P4sg4NOVjmk7lJI5r+ybknKxnn1IqV9InWIbQGbuo7V0e/BwO/HFBIxy3OaNbC0Ocj0a8b/llt7ZJq/b6GoBFw+49wBwK1AxJp+eRk9aWo0kYyBrC5Nuc+Wxyh9avYGV2+nFM1a2aa1LxjMsZ3KBTLW48+2V++OR70LsEi6v1NOYY6nFRKfrn0qUEdOcGnYi4KSDg+nWlI5pB1wBUgTjODx600JsmjB9zTznOc8mmq3HH5U7vyapEiDrnoPWhvlXofpinAH/PrSFOc85pBcZj34ppHOKkC4PpQyqo5zntQURgAVHJwMcHjoKkLZPXHoKNpxmmK5RmJBGOCPSqslmZZ1dmA46Vp+SWPzA/hTjEqr0J+nFTqaJq2pmtayBMAZAqCCBpPvZ4OODWt94Hg47UscSgfdGetGpN0RKmF29gKfsYngYGetTlQRzxSEAYz0oSByQ3aMbQfl/i7ZqldTbv3Y4Ud6fcz4HlrnpzVXbuPIwMc1otDnnK45e2D6dqkA4GAetIq4GCB7VJjHJqWyUJyFOPrURYA5zSu/OM0zBkO0HJoQ2JjzDgfSrtvFtxznPaiK3xgkdeKtxoBnP61RUVYcij0PPtUgGB0NKFDAZ4Apeg4oC4uBnj+VNP3SMdaCQDt7+lIc5BHQdRjrSKIOj5LY5A9cUsbKGwuD9aUv8A3TuHpSggjjBx1PSmSiTI7devNKmRyetRocnOCQf1qQHn0qWaIczHgetMbp60pYEZ6/T2qGZuqgnr2FI0QjEE9TyaY74ABbn+dISf4hzTgqkDcpyOeaSBkDMXO0Z56FasQQrGmAP1pAg3bgMDPFSswUbSRzVMlK2rHjkdfpTv4e/p0pEGBzgDFIzHcRjH1oQmwyc49D0poZskZOc+nSlIAbPXikz3xQA70o5DbcfKQec0Lzz+macCAOnUUALgHtzUDevPXmpS6rwDz70xieAF5zzk8UgIudwBPXjA9Ka4UESEZK8kk1I31Htk8VE25RkYZc9B2p2GNjy6gsCF2nbg9KlK7kKg9faoWAPTp0HPQ04KC20HIHGaLBceqkNyzHAxzS4Y55PHXmo2bkAYGO3OSKczbEzyOOTigZKFLLknB7DNOCDPXHYc0xGO3H4inAMzYP3e2KRQvlk9M/gaDER3PHFPGF6evanKSTnsKQyuyEDk+1NZZMZ4z6Zq4WwMdaYWGecfnSsO9imxlAICVVK3QmVtu7byACcf/rrUATp0zx1o2bcbcVNmXzozJ5tzKVyCByM9/SoXwz5qS7Ci7YYAO7Bx+FRgfNwR746V2U42SPLrzbkyVcuFhHCdW/PpWlCgVAqjgDpVOBcnce3vV4HkfWom9bGlKOlxGyDwODSq2B16nOMUp5UHPSmY4yKzaN1sTjp/WnZI9PSoA2Wp+7nGcDOaT3KtoV7mximyyYjbtgcZrEdJbZ2SbAb+ddJnPQ4xzUUqJIpDopz6itYTtuc1SjzLQwkm3E9OfepgQcdjS3li1sWlgUyR9SAeV4/Wq0LrJGCrAgjggVve6ujg5XCVpFgqFHB4BoI6/wAqZvIHzfnTvMU8k9aSHIaVG7A+taFlbRKiynDv6H+Gs9jnOCOtW9OdiGVm+mRWVd6JHVg7XbZpAkijOfT6imjp/Ol6Djt+lc56Ap4PrS9qax68D8KM4NFguKen4VGev0pzHoKbnjPtTERMuMio+QfbtU2AOMA01gOOAMcmqWhm0Qyqsi/P16ZqmyYLAnJBx161dfGwjr+FQTKBET+daRd0ck9JEONyDnn6U1lzGRtzkURn5cH1pxxsz61rF3OaorSZv2zF7SF+pKA/pTintUNi2dPhAOcDB/AmrLVxzVpM9ajLmgmREccU37vWpCMUhA/yaEaMZ26d+KA3PbinHJ/xphHPI/SmZsXIyM0vfrTAATnrmgZ59aoTZIcdd340ck/So965KntTgRnr+tADsY9qaSNwB/Hinenp3pGUEfdwSahlxRGYhu3I2047HOfwpol2tzwf0pWT+6ePrUbhSfnOc8c0rMq6FlvFjAGSWI+6OagMlxLkRRqB2LZqWK2HXbgk+lWwoA5/KqSJcrmXi+jOSinPQD60z7TcRnMkB57g1sEnb6g1XfgnK556Gi+oLUrQajDK5jBIdeoYYP8A9erkUiyDPP4is64soblsrlHB4PQioniuYR1JHJ5/z7UWTDZamwcZzxg1GMiRkJOGPBqhFeNgLIMHpV3erRkhuR0NFrMd1JFKUvbTmRRkEH5R/KtFWWVFkjO5WGRxVa4UyRMBwT+NR6a5UPC/UfMoH6/41tbnjfqjlTdKpboy6vp3FPBBOMimY9cGnAE8d/Wuc7EMliVgelVDCQcZHHvV/GeBzzTGTJBIHNK7G4me0TJkj8jxigOMEgAZ96vNHkdBVKeEg/Ljr2FWiHpsKH+YHA+masr988cis8OQdvANWIZAcYBBPvzTaBSJjGvQDAqKSMgHAAFWRhhkfzpWXn05rNlozNhDccfSqzbtzI2cg8A961DCM5BOfrUc1qJohjKyL0yeD7VVOXI7kVYqasc9NHIr/KCtFX8FGKsfmHB3UV3qu+x5MsFFu9xgzWnZPhBk45x9ay/17Vo2mNqsM53c5rAtK2xqKfQ81IGOORVfJ4IPGKn4P86k1TAgA570Z468UuBTMkE0DHdsevtTuT36c00Hnp1pd4XrxzUtFXHceuKAFx1FMMi568UEg9D1pWC6FOO5pjeijvRgbeTx70h4xj1oBjSfQd6Y2ee1OJyKaTQxpjCTk8UzBxzTyeoyKTGM9aRURgByc89uaTHAyM45penpxSH1PbtTGJjnt700jt296f17dKaQMigZCRgk8/SkwAe351M2MdP0qPHp/KhlIjOQO9NYBhgjp1qTH6d6Zz0pDQ8KSOOuMHmgg5pVORk9F6078cHpSKGAZPUD1NOZOc4x9O1G3nPXHpUmBtwAOtAmMHr3p3loXWQxguoIDnqAaTo3I79+lPQdc49qAbD2x+FZU0JsrjzEBMMh5A7GtcH2/WmTxrLC6N0P86T7jT0sVUYY46e1ShwD8xxiqETFdyN1X0qWWYNx6d807k2sX4+Rk9/Sp1HcfyrItrkq+1jweoNaitwT2Pf1p6EaknTjt1oAJ6dKF+YjFTLGFGD/ADpq4Do0IHJHHSlkHuaUYA5HIqNz6d6aRLGMwHPtxULMXPHTtQclumeeeabk9MY5pPQaHAcjHOKf179R60zBI5/nTgeOaAAZyAenNDcjFNBXzNhDZxnNK2Pp9aBDdoB6/hS/dXoefQU7gDp+FMOMZx+FFihxOOaqXM+xeOW6YzRPcFSVAycflVXYWYljk1SSRlKV9hoBds9cmpcADjntQPlHGeKXaT19e9Jki49aZLLsX3+tOduDVU5lfFKwDogztkDk9K0obdIl569SajtYggz3xjg1Zxk8imUl1Hr05FSIPXNIq+1O4A5/DNOwx5OBweB79KjLnOB09cdKD8ykZIPsaYgkC5AAyM4JoAkJUKBg/e6g0E5BH5UzazLk8fjTzgIWCkn0FMFqNKKRtIH0FN2ADaOnvUu0554PtTsDZUtlWIhHg7xktjHtTmwM5PXinEY5LYGO1NkIChgBgds9KBoTekSbeme5FVLu8hhdcgtzj5RUfmGePzAMHqE3Z4zWS6Ge6/dgsc9SehpWuUpWLrXskv7uDBbPUelXoYpMR+cSWAyeetSQWyRDhV3nq2KnI3YyOf5Uh3GjBHy/j2pwQ9T1FN/1eMDI6fSlBOenWmkK48n7o27vX2oJBOKZuLZ4NIc/TB5oFcdwScc0nAI64zzS5Ixnp3ozkgKefftQAvAxkj0ximseNvY+9Mf5WHHBPNNZghP165o6gTDG1T1+lBfg8n6d6MnK5x0ppYAkDr69zSuOwzjjJGe5zTXKEYGBnqR3+tNZ0ycflQWyvOPQgH8qYyGSQq5Ukeigf1pC+DkocjJzj/OaBCoYA5KucEAYx9aTyNrgbhg9hQIkEmXHyFWPrSsSWYYwO4OafCuMqVwOuQak2rluBzSuUM3EFWBGPapB8rMcnk5Az0pNpxgAetKq/wB0igEOyCO1P3ccN0HambgEyOtRgDO/cfSkMmEi5wzAmjKnJz+FRnsVPXtigHjGOfWi4Mfz+lSRk8ZU4PU9hTRx1yD39qenA4NJlIyr4FNTcn7rhWXP0x/SkxkHGMkY5NW9UgZ4BcRjLRjDD1H+f61mW8u+YIzc9R7+1dUG3C551WPLUs+ppRDAAPXHSrHUdM4qCMEv+FSlwFzWTN1ohx9e9ID1B+op3Vfc+1REnOevtSZrHYkbOQfSkBzzn3pcZGc9eaO3OahmiBWznHapsbh749aiHHGOe1Pjb5sU0S0IwwOmRWBewCGcGIlBjkY610fUY9azdRj+TPPHtzW9KVmcteF43MpZMgh8A9xUbKc7kYg55GKeUD5bAyM9DTRlfyrr5TzHdsh890O1mzjoSOlKNTMbgSKAM/eWiWPHz7c+vtUHlncQVxjtjim6cZaszVWcNjp7Gdp4Q5OeOvqKtZJ5Nc1pmoiymEEuBC+NrH+A/wCH8q6TkmvPrQcWe5hqqqQQv04xQWGOTg0LnPWk4xgiszdDc9+tMJ5wD3oY4+6M+xpilu/4j0pDH8kZx9ahlyMEjFT7vl96hlz5bMByAee9UjOQdV6D0xUN2WMJxxmm27EuVbqD271JKcj61cdGc9SN0Zysd3AyOhzVhh+74/8A1VE6gSdsZqXI2j39a1icVV+8zW0tibPZx8pOeavcbT/OsvST88ik9R6VqcAccVhWVpXPQwc707Dccdf6U3rzT/f16UnGcVmdJGefaj7x9yKcfvdeKbuJBHp7U0JobjA4GOe1AHOTj3o3KWwThgM9aXkenHYVRNhrKrjDKDz+NNNvkjbIV/WpDgZy2Kf07CkxogKzrxvQ85o2XDdPLGfepyBmjkHjgdzmlqMgEDsf3sq4x/Bk/wA6kEMacBMt/ePWpD+opBzjOPei7C2o3pzTfur06VIRwc4596Q8fWi4JIjKnH3ecc0m3PB7e9SDg4x9KXaDyfzzUlWKslrkbg2CKrss0S8guo45NaXc57DpQUDDtVJg1dWMn9xNwQVbvj1qJQ1u5w5ZB0zWjNbI45HzdiOKpNE8TEH5gR681adzJqxaDBowRk9uKpECC7RwepANWIDhWUdODwOlVr792iZBGR+ta0l71kYVmnHXoagPr0A9KcDx759KppMfIjlP8Sgk59qsJIG781nOOprSmTZ/l0p+eeuahP3c560ufU4z3rJo6UyTGRx3ppjBGMClBI2072pDM64tsZ2j8qpndGeR9a2yobjuPeqs1tkYPX270+a+4uVbkNtcB+GABq4OR3waxpYXQ8DkcD3qa1vf4H65/OgSNIqeuBTCO+KeXBGfakK5HT9aQEDQrIxLD6dqKk28/wCNFVzMnlRz/O0AA9eua0LM4GeMjpVFTls8+9WrY7QwPeuhHmJamkr7096njYFOe3eqMLEOy9qvR8dqRp1JOuPSkIGORk04dM4x+PSmM31FSig596QAmgNS8fX8aGJITbxSbFB5I/Cn8mkKnd796ReiG8DpTWFP2mk/SpY7DOeuPrQBk5z096fz37UzvjPFFwsGO/5VGe5PGe2Kf2wc8U09foOKAW4n5imYz60/v04pCDyAOPamaDDg5z3o/L0p/buKZ+NFhjSADTDj06VNg/8A16hZgSQf1FIZE2Rjk0BBjHB5708rzjB9qXnjH60NlLYcPu59qQHB9OPyo4AOB15NKB+JyfwpCQuMdMf0pPmK8/pSgck89Kce/JoAjK54GBn1qVQAvAPuaj25GD+OacrYXGfyFAMXnI4yD1pD06dKMjdimOx7/hQNGfcKvnAHaCeaUWrtnjGDwfUVPJGX2n0OfcVOo49qkoybqBofnHIAzxV61uBJAuOv14qWVQUI65GDnvWXakx3exSCpP3fWmiWrM6OBBsJPQ9OKmO0A8c1DA/7r3A5prSEZOa0TMmncmL9j3qE/eNMLc4zz7U5jtBJIAouFhCM0h69fpTsADdzTGORnPNIY7Ixz3OOKMZpEPPJFSL2oEIqDfuHU9eaaG3SvGVPygHOODn371N90DpioshQWO0ZPX1qkiW7DCMDpiq00oU4QgtSz3KhcIQW9ugqqMk579c07WMnK4oX2pcjPQ9aOppMevNSDF4B5x+dIWAGAe1IzdqbhmOMZzRYREzseMVYtLYgZYZJOafHajIJ5yKtrFtG1T0702jRPQXGeB9cVMI847c01VyMnoOBxVhFyMcDFMNyIv5YG7GagklyQu8gg9RUlzsQjfKo5yAT1qorHafMBBPy5wOtAx4kcthVBIHUninCeTeB17DjFVfN8qTYGCqTgDAq1g+Xkn5SM/h60thotiT5R83BOM0pfPCkHPXFQgGLqeD1A6YpcqZOAfY0rlEm4k4UE0juQu7oMfnUU5fyWKMcjoQM9aieILGrTysTjknv68UWBsteahGAfmxmohLuUqOewK0KYwxXORnmlZSy/IwA6Z60xIhkjRFJwOnUngd6it5l3bNqr1yR61LLCXf5nbHUADtUOzEhKRhXPXI4z6cfjSKZoKD04PP1pwIUgZ6+9Qo+V5PzU/OcHOCT1xQkFxWyXx8oGOcdRSk4BPt9Kb8zHPGM0vOcEZHpTJuLkKueoxnNIODkc5HFNR8NtGPXp0p7N8xX29aAuLkkHp+Pajkjg9fWmMw65wDzihZdy8fdJOOeakY7BY/MACPf/CoMh2bGSAee+DRJIfM2kkAc4PemBmAzkqP0zQxliNwSRjgenajsSMHnvVMylsBRwRx8uM1bB+Ug857Ukh3K+D5hHGScdMcdqTerSNzkjAIxUpj3MGJ249qXZucYHze9MQm3v0XGCKXywWbcRt9B2p6owUAnn3HSnYwP/rUFEeMBcFeRwPWn5BagqAg56U1htGcE46UhofjdzmkUlep+UCmBieeelPDDBx36UhjSTzhsZPTNMDEtzk4PFOdeMqO/H1pEj75PPbFAh0Y5z97156U9lHJ4z9KABwcdKdjqO9JFIBnHXPHPvThnPGevekA469PbrSimBKhxgnvwQa526gNrcOn3SrZQjuM8Vvk7UzzVHUIfMtVl/wCWiD5j6itKUuV2fUwrw5o37EdrL5q7gMHP61dUZ45rCt5TC/mfwH7w/rW7C6lQCRzzjpVNWZEHzJMUtjg5xnilJypz1/z/AJ/Cq88u5gEPQVXF48DfMN656dxUNo3UXa5eGSpHNHzLgE5HrSwuJFDDnPIptw20gHnPQ1LQ4y1sOHDZz9acW+Yk1ChyobHSpR2wak0HB+eaZMnmRNjk1Jt5zjB6Ug6428VSdmRKF0YloA80kJyPTP8An0p01uVBbBOOtTXSG2vRKBwwz6fWrow6g4+8K7faO1zyvZ6uLMQrkHIwPekQL0YZI61cltzGT/dxwar7VD5AxzQpXJdK25SmhEjYKcEdGFWNO1P7A4t7pmNueEbOdnsfapSikn5B65xyao3cG6JiwH41ek9GT71P3onVbwRkcgjgjvQeTnNcvpWptaYtbl28gD5G67O/5V0azK4ypDL7GuWpR5GehQxEasbrcGxzz9Kg74HOfep2weeagbGMYPTnFYHWOEnJ6Z+tPDLjGfzqs0ixoSTn6VXad5PuAqPUHmmiZWRbYor549M+lMbrnmo7bu8jj0GT1qWSVXbCsOOoHpVrcwqN20Kr/ez/ACpw4Xp0pzqcjqAKQjqfTFb6XPMau7lnS2xe7D/ED/jW1x+dYOm/8fykD1/ka3Mk9e3WssRud2D+ECRjge+KMgjg5H1pGJJ9PSgY6ZrBncmJuz6ikYKOc4p7LkZpjKeOaS1BjT9OTQozgfnTtozjn60Yx3p9RCY7fzpBkd+fSj0ABxSjAIzTACcg4496dnrk+1N3Dp1ppyT3HHf+dDAcSN2M03lucdKM54bhjwMCkPXI44oDcerY5NGeM9DTVORuFSAZHX9KSAPy/wAaTqfpTiMcke/Sm4x0pMpMMHoxGfQUuf096MAgZHT1pe/tQMRiAcck+lMaIN1HHpUhAx2o28cUXFa5mSxvA4Kfdx61HfgT2G9RyrAkY5x/k1reWrDDKG+tVZ7WRdxj+YYOR3renU1Vznq0rp2KGnf8eyo3I9D1H+cU91eCXg8dRVWJ/KdoypG04APpV1mMgxtJI5HetKkHe5jRmrWJY5fMUc8+1TqQe/A9qoRugfa2VJ6H0q2pyFwT0rCUex1RnYk3/wCOakVs/SmlQRj1qMFlJ9OuazNVK5YGOe9OIBOeMmoFcB8E/SplYECgZWmtg4PHbtWVc27RvkDA/lW+COuar3EO8c45pLcb2sZEVyVIDMee+a0YplbjPOc8GsyeAoTkcVGkrISefrWjWhld3NzIJweooqjFdoV5IyOucUVGg9TIhOWIJH4VbUgHJBA96pLkTduvY1a3YC+p681umefZLUmWfyrhOcZOfbFbKElTkfma51/mmjJ5wOnpzW9E2UGD09+1Vo0JN8xYB46CoSAG6cZqTjHTBxUZI381KNAxgfSlz6Y/wp3GMioyxDKMCgCYYIOTik45qrO86+X5CqcuAxY9F7mrBztxgE0mMXr+HFMK5K/MePQ9frSnjODRmoHcCKb/ADpecAY/OkOMGgqwmOOlR4x27U8nrSZ+h/pQFhmen09KD05yQKcQScAY7UnGAADQUMJyO+MZo9qXj86XGB60xjcU3CsMOoYH2zmnEYBznFJghTSGhjf59aQD8PSnYyeTx3oCnv8AQUi0NxzS4Ge2BSjrz160uPegBAOgpDml9aCdp6E5I6UAOGQB1pvckdenSg9O9M3Dr1FFwHltq59D3FQs29zjpmlPICngduKcqgDGSaVwsIelKDxSnvxRj2pMq4yT7pGe1ZKMBdbuig4NaNxII0JPXBqtawb4tzKMls4PamhM01lG0FTnmjlj1zSRxevP4VMEA+tWkZ8yRGoz171ICB35pC2R7etA55pBuGT+dNJJFOOcVGTznvn0ouFhQBjP86eG75x61FkdMc96q3FwztsQkAcGqirkTkoq5NNfImVQZPr2qg0zyy/OxP1p3l8+3f2p4UDAx05BrXmUVocr5pvUYi/Lkn86kAAHrQc+9PCnHNZN3KSSQ3B/WmkjPHHrUjHHFRd8imthsTr+NWLePdye561GigsAc1ejXYg9ccU+g4oeF5/XFPYZ601RhixPGKeuWb8aGykhygbRzUm5QNoI55pmVjBycVWe7XJOOgJB9qVykJOA5K5B6cfjVYKS25cDA4+bp+FO8wzSKisuT6f5/nUhVQc7sYH3cU7oW5EiBFJ++M8gjNWMfLxgqeR7UiyNgcAD/OaQYVWYZbjkDt3qXqWiWHIVgeGDYAB/zzRxg4JBz0xUKMokBxuU9dwo3+YyKPvZ7UiiyGREyzdRnJqNszITGoPOAc9KjkYREysflXgA/wA6Td56gW8mzJ4x+NNaEt6CwwJEi4jKlevOafgqrMFwcfWnGU5ww6fnVW4uzE2FZTjBYMe3tTFsTq+UYtkn19aQIroG+7nn0Jqt9p3zsm11Pqozge9WIY2AJI69Ce9AXJEjRFyike/epuc89OuD2pAvygH0596djjnqaAuMxgdST3pR05NDH0z9cUmQDj0FAwYjbjj3HvQWJPQn04oDKcEbhk9qbgBiQT9PSkCBs43E5NOQhO/HOfal+YKcDLH2qKOJk+8CWPqc+9JANdG3jJ4Geae43Aj+fepAM9sY5p3Hr+FIpJFVRsXb0IOTTiCzZII9/Wp2AIII5NJkbsEcDnpRcdiLGxdoz15LdqYZFRlBU5Y457VYLKwPJx6DvQVVgeMgDrmi4CKQRlcjPqaCRtOCcgimgKPUAc007sgrzxkY6GkMkyPmxzS7QevrUe8r94YB7+lP3frz1pIY1wQWxjHpTC2CKmIBX5h0GKiZM+ntT6DQ4HPOR1qUD5eOeKqsrj7jHk9MU0yTIQPL69CTSuPlLeCMUv4c1Re8ljPzwkL69c+lAvm5PlnAoTQWZdzg8ilDE/dqvDcpOm5RUuQxwMcjFDdhpD94c8HOBg0oJ6HkdKbGMLjGAKUHP3hSuyrKxi3toLW4BUHyH6Z7HuKQOZFC9GQ5RgcfhWzLBHdQtFIvBOQccqexH51iPE8MhicYZfyPv9K6YvmWpwVE6crrY0bebzSF6MOCG61LLbpNkkYbPXFZKkgA4JK8+4qyl+44lXcOmT2/zzUezZsq0WDpNDu8i4KtnoTwT6H1phuLhfllG5sduBUy3MTN8qcj0pkrebhRhcnJ9TU2adjTmi9QEsyIrK5wexHBFSxahID+8gXn/awT+lQyeYqKBjaflPHSl24iAUZJ4zjr/nNUosh1EtjTt7mK4XcjDPcZ5qcr/PrXP5e2nB35B6+oPr9KupqLxYEwyG6EVDWpopaakupx7rZX6lDjr6/5FNsHzEg6e3SrMTJcwMu8OrDk1mW7GO4eEkhhk49xXRT1hbscVf3aikuppyp5qkD8OayHGGI6HPStbcCuDjJ6VTuE2vuB6n9aUHYc43VysB7dRnmop48xsAuOKlYsHGR1HerKFJE2leQK0jLW5jKN9DnZIhzgYyeKuaVfOu6IncmeCDyKLmILJJFjlScA/pVKyYLfc7evJ9a61aUXc87WElY6iRnhj3rhlHUdD+FVzdI4O0hnPbpVxR+7BHfkVXms4mbcBtYnt3NcLhHqevCrN7FMQStkycsec0OpT5ScHPA/z9atKdqhmbJAAJPeqzAy3JxggjismrG8W3uR+WzMOec4qwqLGCGHUVZjiEcY7DucVTmfdIfUcj0oiTPRXZIRuYnHvSdm56elA4GAcGkOMde/etup5/mXNMT9/uxyAcH0rVAwKztMB2seCoA6etaJzgY9e1Y1btnZhvhuN7jJpWwD+HSkyc49qXj61nbQ6ribvloJweelM6OT+VOzk84PPApWKTDacg5PFGPWjcMgDqaQdsDijqA7aOeufXNN+i80pLYAAznqaM4xgnnoaQ0N4HJwaTPJP60H5l/pSYz69OMUxDgQTwOfXFH3m60mMA4z6j/9VPHU5GAaGFhAMHGakHTBOKbjjgdBzilI6c846mmMM9O2Pak2gMcce9Lnp6UhbPAPbrilYBDgHFPHTHQZ7UzkjOBTx29aGAEHsR+VKCG9KPcnGKMDA+XA9KVhoXj680EDd9KBn0Bx74oHzDPHSk0XdFO+sFu8SIQkoBx6H61izb42CvHtkT17V0/GM1FNbxXA2SpwOhA5H41vSrcuktjnrUFLWO5iLKksfJJwehNOgJ5CNkDkpnnHWm3mmPCjOoEiD+Idqz/30ZyjN6g10Kkpq8WcUq0oO00dLCyuvU59+tP2kjJPHesWHUfLIaVsOOD71tQTJOm+Mg5POD+tc9SDiddKrGTsMljyM8j8Ki81ohg/hx3q6wBB7rULxKeo/DFY3srHRbsKkgYZDd+BTx83FVWbycKASO/tUgmUkgEZHHvTsFxk0CyA57jP41jXVu0bFSByPWt8MGXOajlhWRcbV9DTvYmyOeHzDtRVuawYyEouV+maKNBXKacnH8XuaGI+X86R/lIJ4+lD/wCo3dMH8q1WhwyWg5uQGUHIPNbVsf3S/SsJHKjjv+NbNrMJEwM8DpTQWsy73xxUErYbPTPANShuM5/wpkwypIz+FIb2COT5AD1NDfeqrG+SR0qcdePyqmrEXbHEnHpTgfl7fWmZJ7UuTzipKQucml3DHWkGM84pOM9PxNS0WhxPOQRTVcMgPIGOh60o5yexpnWoLQHrSd8cU4jrjk+lN2FmwT0pjFOM80m3mpNijnOT9KaeKEO4zvSYPoMfWnH2FJzQwGNgr83Q0ds4/wDr09lJ759RTTxgEUdB9RAPYc804gY54HYUAZI7Yo6mkUmN2j/H6Uh47fSn4HU4oxgYyOe1Ioiz6d/SkyQfU0/AI9wTzTduOKdx2GZ+po4LcjFP28UFefY+9LcLCYx2/Cl96MdBjNAHH9KEhBjP1HvS8YHb1FJx07UjvtzzgetNjRn3jh5BGM561bt08uJV544qnboZJnmYdT8oPpV9R/8ArqVuJ7Eyt3Heldzt4BIpnT/CnHqeK0TM+UUHA9zTsjHTk+1MGQOKDz0pDWgMdw9aikkVMljgetDyrGhZgT61nuTJNvLdOgHalYHKxZllLLxnB96gPUDP5UBmce1OwR0BrVOyscclzSAITk5OOtSBeKQZ/wAmnAcc1JSAAUpwq8dc0oHXI4NMf+6eMDtRYdxrHjnJpvQ9aOelSxRF+TwKqIpEsMePmOfep/l744FNGBgL93HrTgAVx1J65FBS0Q9cs469OlTqoAxUAkVQcN0PNNe4xgKCxPYGpGQ30xOY0YjjjiqSqySBuoP5VMcyuCgcBhlh6VJGoByQAueTjODRcepJGqoDtUc8n3oYoobkDPGO+aYcSMGUkMetMkWMq5cMrAcn1pMtIRScINwXb7UwBkdz821h68daWNdxO04A4y1OwzuFZgVJAJ7f/WoTHYkRcRncckg8Z4oZUAXdjDHOCeuaN3YA+3NUZ/LlYb4Wyp456UJBc1FbdHsLBwBjOMiqsqwMFjaQqOwUnimoJMEBiAenHIp32UEIHJJHfvimIhCAoUikYlTyc89acbMyr82Cc8nHJq5DbJCvy8nqSe9WQoVVyO2aXMCh3KkcOxcKpzjGakw/8PFSlwGKheQM5NBK7Cz4CgUJsfKiMXBVQNg49TUnnDaCTgnoKjaNdg47cjPSmL8vuOhBqrg49i5tyMgc+9MJx9frSR7RlguCfQ0jE5UMuc8ZJptEJ9AVmB5HQ8cUrHJ6c+lIW6Z4FNY4by9uBn/PFIdyTGVzz7mmknJx3PennO0DJPFMKkYPX8KWwwD7uSSMevrTsMRkjj260znzDwDkc072zgetAEbMQDjcTwCKjeYCYAg7SBn/APVUvzgnkHFMdRljtBHueRRYLiMcZzx2GD1pqzSBcLkknBHtUcjhn25XbgZ5NT8lAw+Udxik0VckTJIDDFSFQCMYAqMHayk5/HtT93bP50kO4MmcH05ximhRjnnJ7UMwA54/GoWn4wCD+tFrDTuyR8p3/CoHvI0bAUnHYCl/fSn5QFHv1pfsaHBckn9Kls0iio19OT8iovvnNWI7kkHKsSecAVKLYKeAoPrTxFgY+XA9qVmx3SK73seNvlk9ue1Qq0ed78ZA4x+VXvJUjJxml8pBnIziizFzIzWjgZw8UgWXOcf0qRL14k+dGYDuo61d2RA5Cjp1xTxCjDb2xzxSdxpoqDVIjyRxnp6UJqcbkB0Ce+cipJdKjkHykKe3FVX0duQHJ4ouh2LI1O33bSxXtk8CrEkUF1FtLBlH3XByR+NY502Qcbx1oW3ljACvgg54OMVpGSWxnOHMrMsSWU8bEj50Hdf8KrMhA5GMetWopLqMjDgnHOatxyLOuCqh16963VVM4pYdxejMhRxkZ6/nT4ic4z/hWu1vE+fkX5u4FQPY4+aIg+oNHNFsFCSGR2/nIrN37CrH2f5cBSBjA9KrIzRNwCrDgr61ow3Akjyv41DTfU2hJLoZj6eWOc445H9ajmsJ/LIGCuK15GPWoyXxjOPxrJpo6FaSOc/e2twGRiGHT39q1ZGEktvc9PM+Vh3qea3SUfOvPrVGRTE8cbfdBLKO9b0G3Kxy4qPu3NK3O6IZwRjvSTx5hJGDg5/CpYVBHy5wRmpXQshH1H4UpaSFH3oGONrk9DVnymCqR1FVUGyeRCc5UMPw4NasIyAGOR9OlXLQyp3e5i6ihUpOeFIwW9TWHLmO/hlHTNddqNrv06UdNo3jjgYrkyBJtYkBgOmc4NdNCd1c8/GQcZ2OwjOYVK9wMA0ko/d7s4wKqaVdefaqrnMi8Y9h0q7IqjPzcnr71hVVm0d+Hd7Mozsd3lDkE9asW8Xlrz9761UK5uSMkgNir0riJDnt+QrBnWlqRvMN5GSfQCs7ksSfXGcVKzEgk/ypI1bPzdSc0Q3MsQ/dJQMdx05zUR/2vXue1S9OSajjQyyqg3ZZgBxWvW5w62NjT02WgJHLkkj+VWu9JsCDavCjpTO+c4AzWUndnoUo8sUh5x0pgyTj880v0x9MUpP0zUGyGg8YPFGPfv6Um4ZI9Kd24HPt2oY7iYBHT86dxnv+NR/db2pQgOCecHPXv0pMpMXgMSP4veg9uOB1zQRk/wCeaaTgE8Uigzhhxz9aUj5c9cUmCOTjNHPfp2FADucUvO7pj6UAjGAOPUUDr3pDFHXPtR19RScnORgjtml688Z6UXCwinH4daaxA/wqQEY6VDIfmyTwD+VCFJEigH6Gpe3NQ7vl+lAbcemRn8qe4r2JsUuOOKauc5/Gn9eBzSGmN7dKPY0d8A9+1GcDn+VNDELDcBRxjPrQRxyBTeQwHY9zSsFwOQeMelUZrBJPmj/dk9QOhrQyMDikxxn16VUJuLuialOM1qc7PYuZNrLhhzkdKit/PsZVeElvbGQa6OWJXQ8HIrOKOjkEb1AxkdRXZGtzLU86eG5JcyLtnfJeRblOGGN6nqDVhh3rBcNBP9ptuJB95P7w/wA/yrXs7mO5gBQkMOGU9RXNVppe9HY7KNZv3ZbjypI55Aqo0L+ZlQCv61fOB689aj44wD6VinY3auVoiyhe3PXNTg5APr2pNuMccnvTAWGBiqbuTaw5sZ7GilDZ5yR7ZoqQOeMYfJG4j1xTXAMW0nPuKlizjGeAPWleNT8wHPvW61Rwy0dilhk49eelXLaba/3s9qjaPORgAnoc0xY9jc8etUSpa3N2Nht4x608NxgnNUrSYvFtcksvB96sbSOR1NA9SvLm3nDYyh6ZFWFIdcjIqKUb/kI6Hg+lRI+3gkZ+lMnYu9aUbjx69ajVzxt/WpQTn8Oahl2Ezz+NKOfWk69uvelx6UmNB06554pOh4/OlJz6j0BpMd8fSpLQg6nH8qcD24oo75pNDuNY9cE8etJz0x/SlIz0NGfQj3oQxh5Jz1PBpQOv+NGRnp/9ekwOmcZNBQmD3PTvijr6UvcDnNAA98ChgG3IwO/WlHrnmlx8uc/jSEYGCRgdaBiHjjjA9qQDnGc07pzSgfSlYdxgC4P5mkxx60/ADUgAxjvRbUaY3YGI6Z60mAWwMZHWpCMUduPzpjuRbTnkDp2pOakOcHJ/WmnHQUAmIR6Gq04JXAP3hVnjHpUWMsDxx7VO4yJE2KABgVKvHpxSYx19OtKvJ5/OnYklHI96fgDGTUYbHHH49qjkuUj6kZxVWE2TZwapT3gUYXnNVp7tnyBwp9Kqjcxyc0kxbkzO0rZP/wCulAOABxnvmhEwecYqZEJOcfSqSMpy6CogGBjHHen9Rx1HTmlACgZPFN77vbvVGLdhy56H8aeOuD+tNQdOmaUttGDxmmJAThRgYPtUJfnI6fWkkfIyDx6etRIC74A+Y9aEiefWyLMSkvjH05q2F2DbgdeaSGIQqehYjmpAD2P4UGgKOnt608DAz36UsabRk5PagtgnpUspFdmJPXtzxnNIOoYZ3ZyOehqRiuCyHIPvTWUO3l/xHPINS3oWkMZsMcluOu00GRnYAjfu98Yp0yjAUDnGSQKQYMIQ4yPXnmlcsjZSDlQMjqAeffimHc7I/fOMZ7VNj5gxUH0b0owG5zjnoKYCqykPtHUZbBx71TIYx7lbHXGD1+tSK7fMxHzEdj/hQsZkIGAg+nNMBEZmmUCNTgfeFTtFuceYVJ/2RUiqqLuUDBPr0ozlvlXfn9PenfsPlQqBUG0Yz6Cpcdj68etRIx2fjxSrIQSCMc8NmkMnGADg5x+tMLjfzzt9COKbn5c9O+BTWTcclSCDwc0CYgB39hjnGc5FTkbQWBG0DgHiowoy24DPtQ2zdnYCSMH1x6UIQTENlQeg5PWq5Vt6/P3GR61Jkqwycg9OaaT/AHaYywGG3OMADnnpU2TjIGaqFuAe3cVZhZWTr8w6896aIaS1HYxwQKa6hjnnintx3/OkzyQAOv50yeomSeG+7SHoBgfWnNyAABxioyvX196mxaYhZQN4AHHXHPShWLLyBn8s1ES3zDb9MVIiDuDn0FADF3EHDYXGRgc05EIx2z0zS7WXdhgAcY4pUzjKnimIYIxluMEfhz/nNRAAEYOOO3TrVkEnnHeo2V+vFIaEV3YnjaBwCx604/MOnNIFJPXH4075VySRmlc0UW9yNlZs/MMdKdFHgcj86a9yqjC/M3bimfbN3y7OPQmod2aaIshjnGOBThIu3gjPTrVUXak7SoUfnTsWzyZUDd7UrAty1j+Ij360cf8A16YXUc56dqTzeM8+1O9hOLZICcYzTWzg4OPTtTd+R04+lPBJJOKOYXL3GAEnn9KeDkfjSZwMD9KUNz0pNj5bD8nac5xj0oLZXk9O4qPJBPftSbwPx61XKS5DiF7imGEHG3immVAMl8fU0Cdd2QQehosUpMikt3GAzAjNV1tpYWDxv04wf/rVO98q8dT6VDvnn3DaY19T3+lIq2mpfjlDqTz6H60/d6jjvWcsTJ/q3JbqeetSr56nAB5Pc0+bQjk1LE6o8fU59ziqUDNDOwBOM9MVJ9mu5DuM6qD2Tk/nULwSxP8AvMnPQnmrg0ZVI21NPcWXPUHtSFvfpVWKcZwxw3bPerAbsOlOSFFpq6H8ccDnrVO+tjLAHjGZozuTHcdxV0Dnn6mjvwDRC8ZXQ6lpR5WY9nfhdpZiMH5tw6Vv/KQMHIxzXP6lYmN2uY/usfnT39fpU2kXwRxbSHhh8p/pW9SCkueJx0p+zlyTK0hI1eSJeOq4A9cGt5AAAD1H6VlJEj6xLKc8Hj9BWsucZ/Spqu9iqPxO5Iy7o2VuQwINcTNbizvJVJ4Jz9K7RW5xnPrWF4gsy4+0Lx2JFXh3Z2fUxxsOZJroULGQwTMobGeV4710JcSwLKpUL1BJ/SuUG5owwJEinIFaltO32dg7nDDOD0BrStC+qMcJW5ZcjLcJzKzliOc/rUU86vJgZ2DvjimTMUhYKe2eKZFAWU5Pyn9a4pbnrRfu3HyNlVHcn0qRcD5e1VUGbkjrt71bIKhR2rSCOWu9BJWwnTjOOlWdLj4ErACVs7c9lziqWwyyBBu3McL7muhWIRxJHt+4Ao9sU5OyM6HvS9BzMd3TpTWxtzSkkAcE5PQGk6jr9eKyOxaCKTj15p46dc46VH2HalX+VLZlrYTgH1PTmlLYIAIz296Q43Z5Ip3GOCPQ0hgx49QaA2e/1pDwO1GcnFIpDmP0J9BTQPlI4GDgAGlPPP5U3bjjP0pMsMnOKUL8tB5OOKdyqjIGT60ANYYxweKUHjp+FKACM0hXAx/+ukMcMEcilx6cfWowxDY5PrkU8EHI7mgdxGPYjp2pjLuGCSM1Jt3cYpjgMpBHbtQmJkUTDJBOce9TqcDjPtmoVwH54OcZqdc+/wBapE2JASBxQewyc/SkHSl4JPtzSGHUcd+tAHTNIM80vT6dqRQjYxweopAfccUrrle4HvTB96qJuOwTxj/69KB+fbJpfwJA5oyR3zUspMaQOvrVS5Rgu9R09u1XsA8n0phQbSOD7U72RLVzMAEi/dwfzzVd1ks50uYs7TncBVyWPypcdN33T2+n1qKffJAUKcqc8d/wrWE2Yzpo0YZkniDq3bn/AD+dKy+vfrWNaTG3kznC55raVhIoZTkEf0rOULamtOd9HuRkcde9MI4xkZ7VKRnp69aYwzk5qL6mj1RVkkCttbHHqKKklTc33VOPVaKvQxfMc/E+MY/LNWFZsLyMVRR9vOM4NW7eQMpDfezkVadjnlG7uJNlCOMfjTlcSR8/eHAOKfcLvQ4GcD8qqKWHTOPaq5iXDQv2ynbvjXcVOGXNX0dWAZSfx9azbaQpJ1+U9qvoVOWGBnkkUCWwkikdeKZjcuCOnSpWXII4zULfIcdeaa0RLVyWLgjHPFT5H4VVyMEr1xmpomV4gQCCOCM96loqPYlHp1pe3eos4+tAb/69QaWHscng4wefcUp6HNRsxwGAyPTvTg3Tigdhwx3zSfWmhgMhT0o3fTmhu4krCsOSTTD3waGY9cDJoxxSLF9OP/rUnfiggdc9qUDjODQK40DJ+tSABRkdaZnvRnuKQ0P9Bmgjgj2poJzS5z1o6DE9M/SjoeKOc496CMkcdfWgYvamke+aXg5PPNIRz1xQNBjnrzjikJ5pc9yTTGzz9aBgT6Zz9KYQRjHr+lP68kk0xmHY0DSGswyetNJOOT701nAJJPvVOW6wCFP6UJA3oWnkAOCf0qNrxUHyH6cVReRiPT0FRnngd6dyNS0105BIJ56mofMJxuJ96bjOAc+9Ljnn7v1piuJsJPXNSooHYe3FIAABj1qZFzz3HanbUzchyqBxjmnrwP6U0nvTS351Rg3YVzg/hRGM49xmmdW4zgVKMAe+KpmXNdkhwB6ZHHFVpXyxHrxSySEggmmxxNI21cc9aSNJJ2shvzMMKMk1oQW5hQseXYdPSnQ24hA3ZLetTfMwBXHUZz6d6TlccYJaiKpIGeuOcU8IM+9NJCnv7gikJLgEH5u1BY5pAWAHQUK27bhg3HJqL5mLZQhunJxUixlWBDAL6en09qTGg+UKzFOme2aptMWbKFQG6f8A66llV2JAPAHUiowvlhiCR0BI4qLmlhUZw2N3LD86ViMbmBGeeOareZtfLHHOeB29anV0fCleCcCm1oVcchYrz/EelGwkc9DgDninKiqVfjsOlSFnIAJJC5HajoNETBMAcY9hRhtnHLdhU20JjOeehprBo/uAbjwCw4pgOGxxhD8ynGCMf0pFwrMc4JxxjilaUADGCc9qNwZ8ZO4dcUAxoOQSOnORjpTl45HXHTGaMof4gM9Bg/rT8Ackn35osK43zHWMnjdxx0+tKCOGYgL+FBB5x6c1DKu7B+6wAPSiw3qTdGwrHcecnpQCWbaPxzUJJ2ctg8jp706Ngy8jnoeetNEkjYboeO9OhjHJb6CmqFbkHPoaI5QszRsfpxUzTNabT0EuE2Nx0PQVLZ7djEryevFNuEDplSeASB61HbSKrCnFimi7t659aaR29PSl3cEimM3OcE4q2YIUMMFT1pGGAdpySeOaYzY68E9aaG5HUUihjKAxGdue3pT1YkA9cDmowgDE8njpmjzdoIxjPGc0IZISAo5PWmq3occ9AKaX4JxkelRlTJyMj2z0pOVilTuT7wDzwQe5qBryIcZJJ7AUn2NCMFioHoaRUhQ7EwWz1AyaTlc0UEhGubmXIgiwD/ERR9kuJeZZQPbOf/rVdAB7D0FPAH4VJRWSxUcMxJzj0pRbRqBjPrU+eMenvSYyeaGCIDaxt1GcfzpfIXbjHB9OKsYAX09aTJx9Kkq5TbT0bqzfXOajFlPCTtlbnnHWtHB/GmkgHqRnt2pDKylo/XjvUglz1XGODQ+R/wAs2YE84HSohjqxIyKaQmSl+M+tNafkhQRTvs8znhePrR9gJ5dsfjikDa6kRLOMnGf50jxPu++eOmKtrZAdW5NSC3UehxT1IvFGeI1CkFct780gty77gCp6c81plEHJGR3NGc4wB19etOzE6iKSWewAKg46nPWpxatjP8PpTtx744JwfSnh8Lkng+tPlF7XoIkIUdP1pdg/D0xSbhvA3DpwKXehHDA9+DnNNRIlUYbOOD74oeMSRsrg7T+Boyceg7YpjzBHVSCSx4AHWly22H7S+5nTWxgfEnAJ+WTHDf4GgytFhVOR2rVO0gqw3KeCDzmqV1YALvtwcg/czx+FaRl0ZnKKavEktrhbhORhxwR6VP0bGevvWGJnhkWRV6YyOxFbMciyIrqcgjIoloOHvLUecNnOMZ7/AE6Vg3lqLaT5MhCcj5ua3DwOv61Wmg8+N0JGeqitKM7OxjiaXNC63K9nJ5t0XPfr71qJ93Hp0rnra5e1maJxt+bmtWW6EEaSAbgTg59K0rQdzLCzVrPcubsyfX0pl4FuISpyQRzimRSB18zqD0zRISCCB+VTHyCbaumcyq7ZcbcDODmplAUOmNwbofSpbuICdiBjJzj19arHcqYPr37117o89tRlqWYPmxG3QdCKusBFDwOQOaq2aAjex/8Ar1NNmXAAx3riqJOR6EJtwuNgTGWPVuozUjZ+9nFNB2nBOM/rUkNs97MsI+WMcu390f40LQyc3N26lrSY/Nf7TklUG1Pdu/5VpknOaQLHEgjjG1FAAGe1NY59T6Vm3zM64R5FYXII56GmEYBycDNKMkYpTggA/jU2aNk7oZt3d85oGUPQkHp7Uq8KoxwP0pygEYxTTACMjqaP070w7ocBiSh4ye1PHXqKTRUXcDyTkc0h68dutDN3HXtUZfg9qTvYaepJ069aVTkdv8KiDevWlBXdnkVJRIMbgMZOMUAn8MUcE8ml74PNBQpwOetGMcn9TzRnnHp0NB5B5x9aBibQeuOaYVKkkkcCpegyfWkxng5x70kMRZMtjj60/gcio2QE5/H600Ep1HakAksZJBznn86ehCnBz7etOPTPam4wfTFUmKxID39PelHP+c1CGYDkEDH1qVCRQDAHsc08jnPpSEcAk0DpxmgOg1iwPqDThRgHpxnvikDDJxg+tUSgB/zmg+uM+tL1b+lHapuNB1btQcY56e1Nz9KdnI9xSHcbLEksexxkdfcelVhlTsbJcc8D7wqyTtPy96ZLH5ifKcMOhI/nSvYGrozLmHY+4Ywals7gKSrHgnp6VMcSph1IPQj3rMnUxup6L9K6Ka5/dZxVZOm+ZG9g7fTtjFM6ccg/SoLC68+EjoU4/l/jVhvx6dTWMoOLszrhNTipIjY88minDFFKzLujlMh4+OPpSxg5685GKqqQPut2qQMSeeB32itJJxdmckJRmrxNRGz1HOPTpVWSLbIcD5ee1JHdbQA2D6n0qfzFYg56c1N2XyplVWJbAGTjgVcgkYEgkY9aqzRqrMUOMcgD61NbSZwG+8vBPrTUmTKmt0aCyc4x07Uso3LlePwpihevSpEbB46YrRSTRi4tMgHU5PPSkjmaOYq2AG54p80ZA3ocYPTNVzKjKVkHfhh1pXsVy8xpbsnIPSkOCAOmPaqEVyQQp3EdCetXc7huHH4VMlfUcG1ox+RnjAxSZ59sVH82eKcCfrUXNRxxjHFJj8xS/hRgg4wfpQiWmJkdzS5zxzkU0r6YpoHuKrcRIRk4/GlJzg0zdyBinZ64/KkkDD/9VL/DgUgxn8aUc9OaQwpvOe9P9v0oAGCARn0zTGNyenFLx/k0u3vj9aNvPahDG5HrTRkqWGCucE5/pT26df8A61RNz3/GkUg5+U5puf8A69NY7Vz0FRmUAduKLDRIXwDkHrVeWYAbj1xUEt0oBCc8dapOxc5JGPrR6hzEs1yzFgM9etQZPGPr1pp5OQOlOC9qLgxy5IHtThhTnjijIH169aTnvmhIlscCT0OCelH8XUfSmnnHrT1HA65NUZNj17cfrVjPHBqNFwOe3bNLjv6dM1Zi3qB6EnpTGPPHSg8nnP503qRntVRVzKrKyJBjt+opCx9fej7uCfX1qSC3aRtzHC+uKtomCe4QxeY4HJz61fSJYgAR8xp0UaooCZHv3p5wuMg9cVmdC2uBUGP5iNpGBg8GoW5wBn5ewPH4U+Qt93PJ4ye1Qyny/m98/L3pAxwYlMN3PPY0pdoyflO1BySaqiclsgsMHkjpQVduGc47r60mzRbE4uC2CvIB79TUnzbCx3HPT2pkQweEAIHWk8wyPsA6A5Xrx/nFS7stRSE3vu74yOpprPkNhcsCflNNL7ZAoOM9M02PEhY/M4yM4ODzQkNtWKsi7jlwwB+YjFWIEZcsAwx3FJLDwFSM7Rn5i3Qcf4UAsfljQjB5A70yVuTyS7GOVPPXJqzH80faqqWrZBdhhuhPPPpUyyCF9jKxyOoNLdFp2epYGFGWcADvmq80xYkoMjtTTKXlC89cEelRy8ZPzdOCDTSKlIhdnSRlxwD0qaLcIfMIAIHQ/wAqYN25cjJFWI1Eg5bvx2oIV2V2OPmIKk4+8P5VMjSbcsQwHHA4zUu0bMbgf+BVDvw20dDgfWkMkVy2MHke1PyG428jg0xODlUyOlSHOOmPxpjtcTG5Tx+lMwVGCOKlGR1/LNOBOTgdRRcXKQkleB6dab5LFck/N3qwsJYg4P4VKYdq55Az69aTbZatEorcSp8joSB0K8Z9qiNwkNwN6lVY5PtWp5YxzgL6etRyWtrOm10/EGpSaG5RloLFIHUEMGHtSE88HiqL6RcJk27mRR0AOD/n6VHi8gPzxuQD/Euf1rTmTMeRo0D05A/CjaPSqS3ZzhgEYZ6083ir2B78Gi6K5GWvL+bO48dqYYgT1PNVjqIB4T8M1E17LIQqR89wBmi6DlZeOyMfM6gCq0l6FbEYDHPBqqLa7uG5jcAnPPAFXodN8l1MwTBHTPU0tGUnYrAzTtgAkZ6DpVqCz8sh2ILfSrG+FFIGML2HSlSRCFY55xg8803Fsn2mo8YAH8qUjn056U3KE8HkDP0oyeoGR/Klyj5xSOQT2oyAe/1pdpzzzx3p+FQ9vpmlYamluM2E/TvmnCPrnH50/dxxjn34xSKdvt2xinyrqDn2InjAYE8k9vyqdVXZ2zTM89efemqyl8ntwQaVkS5sfjY2MAjr1pvmqD9xcnpnrT8knp06UhjVnyQxOMAjtTsuoXdwErN149cUx2bbk9ueRQUbcFVjwe/en49efTFPQTI2Z8cdKVnO3JI/HvQFwoD/AK04HPX8MikwK7ySDt1OFpu/cpJ6AZODUrr855/KmmNQBhenBPfHfmnoA1m3DGd2cDJp5k77ex6dsU1kUFVKAAd6kEY43Hn2pBZkPmnhUGOx45FShFRMrjjp6ipPKB53Dn1oEfGKLpBy3IGmA2luMe1CSxux5GenNPMBcYboR2qlLYSKcxnjOcdxS5yvZJmgPmGVI496R22o2cEEdazUmnt+G+76mrH2syLsP3j60XuP2diG4iBDSY+VutQ6fMyTNA2SDyKvxgPuB+6eorMuYmguY8EDB4q3qjKN4ysbBOe4xUSsCTjsepphdtuFwPXFInX6elQtzWS0IL+COR1cKMjnIqEkNbtGRkZypH+fer0se9Dgis3Ox2D/ACjPQV2Q95WZ5lVKD54lzTrjCCNiD2OauspJIrCOSfl6danOqzMhVlQEjg1MIO7sXXqwSTZXuVH2hi5xjrzURG5uG5HORTZZGkm3E5/H1pY4yz8HOeprqvaOp5duad0aEQAhQDGNtSbQBgUxCFUAdvapI0aWbCjPqccCuJRbdz0PaLlsiNEMkiov3j+lb0ES20GwAZY7mPqagtoRbp1Bc9Tjt7VKXyeRzTq7GuGhaV2Pxk8c4pMe/Smb8Z7UmWJrnudvLqSccHnGKTHFIDk/zpV4465/KmncVrCn6dKVF5OOPw6UDnjjr61GZQs4iIIYruHHX6etAywV3LhgKoyiWCUEcxAY3A9PrVwOAOSfU5pM89P1pp2JkiBZAVzzg4xzSM44PoegHvTmtx9+EiNuylvlP+FMf5Mm4jMYB4J6fn0oaT1QKTXxCkAjhsbagLuhwCTjk/8A66HuI4CpaTCscA4yP0qeNoZPl8wH1xQoMHUSGxzjGT27VIJeck0NCjj5e/QdKqvbzqp8qT32kdqnlL52XgfU04HHc5qjb3oXKyjY/Pfg/Q1bRw3Ktke1KUWi4VEyQjOMYyKOfbNCnj/61A+//CB2NSaC8dx3prLkYP1pSvGO2eKd1GPSiwrlcOQdv504tz06+tPaNXyD/OoWQrweR0p2C4/PUdqkVuAASarZwfbt609W3cj1oC2hawGGDz+NKoHt0/Km5OM47U7POP1p2JTEK4PTOKZnI5xkdKkHPH60wr8+QOT7U0DFGORntSjjg45pP0pe38ualjQxsDA6Z9KUMd2B+dOI5GD1pnAPekVYVs56ZyMgelJk9aXIAI9O1JuA5P0oFYguIin71Bx1cY7VXmhWdNpxg/dNXwM9Dz2qhcXdpZttklUDqFHJU/hWlO9/dMqqjb3tiralraRkckbTnIrY/hHUiufvdRtJnUxB/MXo23APtU9rrsMEYS4EgbsVXIxW9SnKS5rHJQqxhL2fQ1Sn+TRVeLVLG5UmK5jyv3g3ykfUGiudxknsd3PDucwoRm+UYB6AdqD1OM8801CrDOSCad0b51H5V0zV9zxaVVweg05PrxTQ5UcfSrWzI45BpjRjkge9c7g+h2QxK+0IshI+b86csu2VXHAJwTUMmUPCMR7UqsSOhwOvFS4SWpsq0HszbikV045+gqQHjPWsJJ9p4JHPep01B1681Vwcb6mwCMe/eq1xCWG5Tt96ZDdLIAQQcD1qUMTHjqPTPWquJRsZzSmGUHoc881Zg1EZVWO3HUYqGWNZjtBI9QR/Ko5IkHBBDDuRSG0zWW4Vzg4z7U9k9PxrLtpfJ43Egjrj9a0EnVwMdfSk9QUWncXzHTll3/TrUqTK4G1gaaGAyf4f5VDMuRujZd+fTrU2G2ywzBR25OKXGex/Cq0QnyS4Jx7cE9anUkAEoExxgVTViRcADn6fWk5IxilzkcdPXNL2BH50gAA4HQ4p2RjmmA9PrS7/AKnvxSKSuOBBPA/GlyBz0+tNyO/HNBY4yPwpFpDy3FNLDrnvzUDykrjP5VCzAggHGaaDQsNIM8YqMyDHHWoC248nNRPMihuc0JBcmuHQJ1+bqBWXLK7HAPFTu+QCah2jPHbr7U2tRKVyL5qk257fXNPSPPFS7QDz0HSk1cHKxAUwAeMUuBkcYpznsOcUIuVyevbFFtCVLUYY/lLe/FMHHfn0NW/LyOBmq5UKe1NImUgj5+vrUy/KO3tk1GM557+9SDvzVqJzuoOJ5z+XNMZuCB3FDuAMj+dRjk5Jq0uhnzdRwIpVGWGP5U6KEzHC/nWjDaoo6Zz3NUrREoOo7leG2PytIOnaroXCZwOKeIwM9NtRSSErjHfjNZuVzoUbKw1pMELjgn6mmLI0j7WYjPTsR/jUTOzEhBlmGcY7U8PuCsciQ5wO5pFDDIQNrNkjnhjwajwXHzYPbcTzUjRtMxOdq55KnGf89KeIjkNzyOcml0H1IHAkUFQW5GT70/yeMgt19ehp8CloccZJ556/jRI4iwpGM9c8VO5URzMFxzjB5yeKhdlA+YH5uQfbvmh5hIihQcjnDeh9/wAKj2mNGxweACRxjvTG3qJMSzAjBBGAScn/AOvWhBagWihzznJFVLeBi/zrwB8oxWmhjLbRjBGOlOxO7E8kKcAqpYc1WuGUDcgyeue/05qeMs7MvmbT6r1x9aleNC2MblPXFA72ZnzSvhFDERnDHPb8fxqXZ5hG8t8uBVn7Kvl4b5s56nP61J5KKfTOB19KQ07lKSARP8oO4/xZ4oESxspVs44I9/erhYIm84XHPXrVZcSSllyAeQR9KZV76CJCrnqpC8Dt704w8gEHA5OBTdhQ5HLdABxmpJ8FWKNgDPmHuDikFxn2ZvvBgTn0pvkAS56sD909cUQo7IrM3JJzkcipAu+YBiXKDB4Ip2C+pIqBFJPQc49qYbmIZc9icfWpcjYcjgdcGqU1ovy+U2Ocndz+tCBtrYujyHXgg7gDj/GlJRWwuMnke9VoYigYB84BA/yPwqBIzKjK/GMD5j1pcqYc7saPmxbMgZA7YFV7uYSqq7SR1OcVGmFI2s2Dz8wxRcT7AFK4ydp7/hV2I5mydZQxKPwD0GMdaic42qG3Y+XOfwxUKq5VVLZA78k07yvkkAG0g8AE5Hv+VCsgLCyNG3zDB7noKVLvdL5ZibaRhWJ/wqCFfIjaJhveMcHuAakA3kHA980gTZZYQueY1J7E4JNJ5UIRmdFGDnkVBFLIrsTzGRxwAQalaQyADaNp4JJx+H40cqHztDxbR7h+7XHY7R1poaFRtVAOcEYqBN0Q2OTufuO3406Mvht67WLZAzmiyDnZIZlU7FIUmqs0aCNxgnP3jnIFSyLHvVtgB6A9KbKUEWcZCg9D+FPRbEttkUbQwR7CwGDn3pwlEjEEDIODx0NVZCVCSKmCw5GO1NDqIleNBkHjbx/niiwXL+5QCGI5OOvSpkLY54OOc/pVAKhDzKWCdTgf59akjkOQw3bCvQDgnv8AyoHctJIBIM4PGM5pzMrFe7fd4qm0R3OwOwOcnPH1pscpY4Zf3akMAevPv6UWJ3L4+VlBxjNSZAA6c9ajBB65Hp1qQHOQO1JloYpBQna2CSMEelKo+T6/zpSzKPus30prk7jzzj8KSQ7j42O3BAx0680u4hiSegNR5IY+voKfkcAj86Gh3HBgW3A9R3FKOcnjB6VFwGxgnApSxRRzxSGOPA7cUKvO4kfXFJkk5DfgacH4zjPc5pMZG6qh3jCg8ZoIO7OeOnTOaX7w9jyM9qcwyyqT+ZpiK2wCTczZ9yaQu0fzgjGSeameLf8AMg3fpTRG237oDAcjr6Z/X+VAhhuCVwxzjhgO9T+czYwvtyaiQKqgAEEjlScmkWNowXLMFJzzzik0hq5YEgyOaduzkDsPSq4YDaMDAX1/znNL5nAyoIGO1FhczRP5Sy5DxgYPf+dZN3thuMADHUjPStiM9xz6ZrCkkMs7ud2GPQdcUnFLY1g3LcuxZEYI6YqpfI3mI+7APYVbiCoNqjtjGaivhugP+yR2qzJ7kdvKSFU85zk4/WpRxIOtZ6uVIIByD2q+uchm7nnB71HU2toWGHyn+nWse4k3MwXgnvzV+7n2qVHfvWQW2kuc7s9DXZRep5eJslYV5WEYxnn17CoWbHcj8KC+FyevU0scTSMAARk10xSjqebOTm7EYyzjHYVowwLDGFPDYycnNJDbrF8x5OKmVWnbai8+44ArKUuZ+RrTjb1HwwvPLhfuD7x7itSFRFEFXovam20CW8IRM46k+tSkEnHI9D1qLo64UrK/UXnjpSkHv0x+FHfHrTzgr9B2FZz1RrDSVyE49CPangbUGOT2waYuck88etOwGIIxkVzndHUac5yM/h6U/fwO3rSpwfrxSbQfX6iktBuNxwbIOPXGKZIMjK43dvenew7VGxzggdDTEkSbwremeeD0p6kMCAMGouCOnXqaaXKkemetK4+QnIIA4xg80b2A449fejduGePzpCwHOKEDQgit9+fs8e4dxkHP50uyHOVj7cd6b39qcOn4U+Zi5EGzB+Xp2pnlOT9/HPYVITnr/wDroJPUcHP50czB00QNag5+VSuOcjrVE6c0YZ7OZom/u5yp/A9K1wdo5HFJJEp5AwD3UY+lWqjM3TtsZttfSRNsuozuBwWx0rVQh03KeCMisydGWUrKcqeVf+nFSQyvAfm5j9euKJRT2BVHD4mXuSucY9qAcHNOzkZzTT0xWRvdMUFT06/WkZNwJP3aQEAduven7u2BSKKrBgACM/QVHEcYGTgfpV0qCOAPpUTxfKW5z3oGh0bg9x+lSjntz254rNhklWRg42qD8pOelaCt8oz39KuzIbV9B4OelQzwCXbiRlIYMGQ9/wDJqTPbmlBA60m7DtcQdPm59Dmk4A+9ikLjoM/lQQT7UWuJuwu7JycYzjrS/pWfeanb2jNGMPNj7o6fiaxZNQvLk5ErKp7L0/xraNGUjCeJjFG5danbWmQ7ZYcbVOTWPc67cyypFb20aBjzvO4/0quIt33ufc1PHEOpXk8cGt1ThDdXPNq4qrOXLF2IJPt9wCZrl244UHAwfaoPsgVtxyGLdq1FTCndkZ70FM4I7c804ztsOdPm3ZSW1Gc5+bHUU0wY25Hy4/OrbEKOmR6AU13BUL8wGMZp3dzPlV2Zkmlw3DZccj2orQMZAG3PPoaKvnM3SVzWufD0EhaSEPA5HRTlfxXt+BFYd5aXNn/ro9ygffjyR/jXaGUgZ6/WkKhxhlBz6156qyW56lTCwntocGJnjYFVJUjPWrS3Ecg5yPQelbl7oVrc5dI/KfP8BxmufubGWyZlKMVHfHStOeEtjjlQqUt9US7lbkU1kx261WB6nJGBUiuwyDzx3qnoTGHMr9RjQkn5fxBNNK46j8qnJBPOeORS4DE/pUuKexdOc46MgVWB3Ix3DnrirEdzNGcEZA6VH5ZUggcihX2jawPHcVLibLEPrsTSXQcKwUhj1/xppuCcA5OexPSjaknQYxTfLwc84pNM6I1YsbuPzAk88g9KerkKSJCGpCpx9KM7h8w/Ck7lKasPjvZwuGP51bW8JUFs5HUiqG1MdOtPGFXaCeO1K4pPTQvi7DNhm/PpThcvu+blc4PANZ3O8HGR3561PFNGGy6H8DTctBKNy8smzkFiP89KmV9wzyOO/GapJdxgg/MvbAHFPe+jI/vY6ZFQzRJFw9cFe34VC+M8EBsj8arfbwONvGPWonvUwSqHrnpVD2L7ShR9Kie4AOQeCPSs1p3PQsOfWoss3Viee9LQLXLj3Y55/DFQm7dqgAbOM9qXHqKQWQ8zSN1JxSbgD+P1puc9uPXNKo4xzVJ6Cdh+7J4B/EUoPH1poTJGe1SqNoyKaTZm5KIgOOnPvTXY59+1Pb6kUxk/DHtVWsZOd2N3gHOfeplbOMdD61C6BcBSc1NF8i5/OkxpkwAAxVU/6zcTz2qSRyOAc/WkAyTxkYqoozqS6DMDf+lOHv2p4XI56e9RyOOEB6Vd7GCi5SGpmSU5HQ9M1YgtWlPy4AHBY9vp71LZ2TSrvOVj9cct/n1rQRdoCBNo6gqMjFTza6HQqatqMhhSMEL+JPepcfMcHim7gH25GCMgYpyEHJG7rUtmqSSGyEbNpIANQFBuUnO4Y79asNluOnbFRH5PXaBzg+9K2pRHIj53L8mDx70xowEXjfgdvXpUiMeed3HpgmmuXaXgDb1+lArCxbfs4I7deOajdn2r5eBjgEdhTgPnYFhyMjBpdzvwoH3evUUrlJLqNDKh2hvmPXjmoHdWdkdgM8Y71YwGTLLgpksarzFGCKoOc/eB70JDGJy+SpC8cY5qVs7cAbj/ALQyPpUiwlVDZBIHGenvT4olZgXZW5JVR9eKaIl5EtnAzRM3yrIDwSCKuBY8hcDkZBx+lRo5jQqg+vPSn7SWzu6tk5PFIew1uXIAGcY3fjT9i7twPT04qTvxgD6UHJGF/wD10rjaIxkDrx2obbknOfXmhtqDcc89cdaaWzkqSSBkimgsVbmSVIzhS2DkFRk0QIBCshGGC4HuT/8Aqp08gAAYEbsADHU/5FO3OFJQk4GSOhptaDW5FPceRtfY0ilecDIpIpJJUypwpGckD6dKrNdsQwZAxBGPap4gy8AMAwBIHrT2QtSZhhSfXrn/AOt0oidVd8qxViMN1zxTmk+ULjfuU5BHBpo5UgAYIB56Z9Km9gsToVK7cZBHSomUONxIKZwWpuPkMYVgq87gc0B9qiNMmQ4Pt060wuSqIywC+uB6H/PNIIlb5WAYDOFNCXCNuQcSrwy46daVXaRdy8MGwVzk4osFyJNnmbVClOemetI0XmsCFU8kj5c8UvzeYJJsKoPJFPjBAGGPy9gc5HamSR4McuFBbA5JPQEjNLNPHG/zMCp4zjoafKqEA5Ax7VWxvXJIZAMncvAoBshVmE7Pggvyee/HQ1ILkq5LgOOgx+lNMePMLlAwbAKrgEd/6VYjRVUMyoeBgsMYqnsJCKWY5K8bQFGO9TNlRsGQcZ+Y8VGsTu3OQD6dqVVByCQWA5I47YpLyGDuVUfKUyACcnrTDJ5cZZjz1GaeCjAISrYznPOD7050V40DDhcGgS1Io2aWNgyZBORnnoak27IMEnI4OOTUSl4wQyhVB+UjPH+c0eY+VO7d2O3jj/GhDCTDYBBGCPy9Kp3WUyfLLbc8rnj3rRMoZgG+YHvt96rzRDLJtyVGSOxoQMbEylQGJVGA2kHjv+VTQoiRiPJKYzjFJExZw2Sm0EdOvvUrhfOUqxOBxzgfWjqMUIp/d87AvIPaqTq8YAVWYBhyo+961oIgBxgsM9zTWXy1LAgkHt/n0pXBoZE4cDAYdAc9vxqwrfxetV8vvJwpXb83HU+360sauC245UnimJaE33lxk4H8vSjcQcDJ56AdKUggDrz6UgUn5sDIB6ikihc59fandQMD8qiaQRLvI6nHSpCRsPt+NAxoCqSzZBPX8qCWJ5OBnpSAl3JPTkZxT8DO1cDnnHakh30CNAGJJ756UM4VC53nnooJJ/Ck2/OMD5sccUEkAspI547e1KwJj856g+p//XSMy7g2QewpuFfZ83TqDTj82CD+YouA7nGRwevFNCs3qPrTW/2hjaOTnFLG2RjnFJDHBQfvckd+9M8v5+NxB6nPT2xT2J2lQTzzSE7BlcetLUegwW2F6DGemKTytp7hSeSKkRixbIxg4p+OuTyTTQtB3y4yo+brmufuWLSM6jksTmuhXGCD/CMVzVyTHO8bc4c/zoluVSejL1gWwwI79c1Jd/6lgQehBqC2nChRgDnOanuypgZgPbrREc1rczmxjJGBUto7F9pc4Tpmo5B93p05xT1YRW+CSHf/ACKcU5MmdRQjdkV3cDd6gnjjrVQDzXzg/QU6VDIcLk4OfpVqGAJgccV3U7RR4c5yqzd9iIWpY85wBVlEVE6jgfjUvI//AF1XZ9o4z+dCvPQXLGLuKx44yTnFallB5UWSCWOCTnrVG0XLRsSckjH+fzrYXCgYBA/lWVV291HXQhrzDuPpijP6UdulHbODn071lc62hhPz5HYU7PzHrg0h3Dtn0pByByvHX61eljK2oEDdxThjb7UYBX0/rUSvs+82f6VjI6aehN0PXP0pDnB4A9KXnt3pM8/4VD3N0RRqwj+YgMeTj1pWBH8xxUoxjrn2oKhs9MdMelFwsNUjaCR83rQwBGcY+tNxjIzx6U8Y6EZ78Uhiq3GKVhgYFNwdwxgc9xTz2NNAxh9P1zR82M+9Lu5HAzUgIPbA7cUMkrPKy9UJpyzgjnK+1OKjPfPuajaFc/d5ximA/wA+Mtt3AfWrMUq4K7gR9aoeRtO3qcd+aI08oKF4x0oTQWZcli3oQvOe2en0qg8RV8YG7BxngH8qvK+V9G9KR4VlXnjvkdjTTZEoJ6ENlKzjycEso4z6VaPXrWW5kjnyZArg4LMMg1qKyvnHP4VU431RMJWfKxpyMjpSgnHv7U5sBRzgZpo6dc1kbXHdTjr2oxycdKP84FL3OOvrigdxrRq6ngH2qFt9uAUBdD95S3T6f4Vax+P1qPPPrTTZMopjEkDLkZ/Gn4PAx16VJ5SbGdeGHOCeM1n3WppDhLf55Dxj0/HvWip82xjKsoL3i1cTR2sDTTkKqj8/YVh3eq3NwPKhQxxk4398Gmyo9zOst427A+VM9Klu7hfLECE4B5wOOldMKajY4pVpTbfQzRBgDLHnvU6KNvrgYNOCE4B6D2qZVUA7m/IVbaitDCNNylzMjSPr2GMgU/5VTLHnHakdivyDJH0pUG4fNips3qy1FLUYJSTwGApof5wOc5wM0suAFAI4quzGTkMDngYPWneOxKhUau9CWSVVIwM5HJzUZctt46D0p6WjuB5mV7D1qTywin7p+XA5601JbC5JatkG7n7wHHc4opJEXd8xUH3orTlgQ3K+h1UYYLz1zxmpFcr1x6U1cY2nGaGwOteQezYc7EDI+uP51TuIBcNyPmx+FTmVf4WU845pVZiMgcdjTauNWT1MK70dyQUXafXPT/Gsye3mt3CzLj39a7aFxuA/PNSSWiTQ4CIM9QK0UmlZmEoJvQ4IA5+ooJwcHnHTFdPcaUvOEKn8wayZbBuyYPXBrVNdDnkmnZlEOy8qSDQcMckA81K0Ekb/ADKQfQikMOD14/lRqK0eowccjOaTeQCM49cU8RsOrD6VGytt4x6UtQsuguQBnjFP4P8AgKgyVPIHsc0u89+c+lIpN2Jdoz0puOMg/iTUXmkY3bvxFSbgR1z6VNkCqMTJHANG8/hjtS57gc01156/jScUaxqAWHIBPWlLMCfWoclfal83A7VLj2K5+5IZGA/zxQGOOtRb854FLkleOcH0pqLH7QkDc8njPrS7hnviot2R1/DFPDE7QMcdeKHEaqC574PFLk54B/GnLgfU08AZ4H1o5ROoN2k9T0PanjAGF64owAeO1HAH4cirSMXNt6i8f/WoMoC++fWmHJ5AIpVQAjOc/wAqqzJbXUd94c8ZpHYLlcc+1OY4B/LApq5Jz19KRSBE6E+lSE4App4PT9ajJ3NwP0oC7ew7cMHjmnx4PzHPtzUR5HHPpU8dtM7gICWI5X0+tCYvZNu4ks2fuDParVnpo+VpxuPXB/rirNrpixjzJcOV7DBFX+QmDx3IqOa7N1TUVqG7apJOcc8CmpMGRv3f3gB8y4Zeh4pryBePTtUDSBsfMcrzgVSE2hxIU4KnHXj1zRuwMckHtTVDvnj8+tPWAscsT+dGiKWpHuycKDx6UjRluvIz3qx5HHQ/nUgjAXBJ3DvUuRSiUzHt+YqSOmO9RoCvTIUcDcOfxq/5YJwcDjoe9RskbMY+u7g578f/AF6LhbUpBAp3scsTuHPb8KUruDOn+sGSrH8/y6VJ5all4HHAweab5ZYE9BjI68ZH+fyouIYFyThdrHjHPUUKm0MV3DnJ2tTUm2EA7tvUcYzjI/nTixPAKs2MjB4/GnYltiff27MsF6cZxU8Mf71Wx/Dgbj9KbDFvZGjY49CPWrccCpng9OAT0oYlcRcAEHk4xj2p6s2QWB560HaGC4A45NLwRjJ4FIrcUj5sDPpQcAHvSg4HJJ9TUWH3MWbOTwMdBQMJCMY9O9RcjIzhiDz6ipHGT97jOPxqtJuiiwD83bjOBjrQg6DPNSZnUqxAxzux27/rTpCnlZU4KnAOcUyJXkLnaq5+6ByAKbOpVflGSTk89KoFsVGiZ5wylt3UntVtHeOEqQWwuRx/WotpK/LtLEDI3dfpVhEfbtxgKcEN0FK40DNv2sFKjuc1IWSMjfnpk0LvESqf/Hf6UskCmRW52kcrnqaTuNDty7QUc4J+bIyQfWnOu+MhARjpz3HpTDGNx+UbW4x2I/xpu2RW2qoIjJwCeaEJoYLfyzhcqSckE8n61NCMLsAIFCISWY5BPf1FSbCUwx+uO9O4rDDbhgQSSDwccGq8hMKhc7gv8QGPp17Ve+mRnp71C+4fNsBGMZJoQWIoz2bkbuOeCeKleNip27Tu6npQiMq9TnHXFPQH7zIQzdaGKxXdMK68kKDjvgf1pjCRo9u3MZ4xmrRiDDJYhsY696URAdcDmmmDGowZR0U/z9aYcmRh/Dnn3qRYjkHPQihowgVcDrnr1p6Im9yLy38wEEFWPJ9OP/11ZA+XbnB7jNR7hgcEg4IwacWGcjJAP5Ur3KSIpo0aPYwbHqDVSWIQuJEAwFwSf84q3M5IUg7T1yPX/IpiKu0IQGXvn6UXE0N3+ZuJYYwMD0qRlxAfLUbgOmc1HGmJMKVMfUAjnmrOcohUEFxgA8EUAVhGzAhiCcDHPXFBOJlTy8cEgY7f5zTZI2Sd9i7mwCAB3/wqeI88AjIBw3XrTFcQSOQu1do989KV4yI93O7uKnCnzCoKYAyRnJH4enWmuFHXp0IGKGhxItxWNSAUHUc9OtJFgH75bvnPNOkhQxktnaBzgdqiiGwMoLN2HsM0LYGTgZ5PQn8qeQccYpqyAnbwGbpmnEuCOgHRuef0pDuIwOQMcUuQBtA/DtQepAxnPc0o4B3Lyo5HXNDC7uIeDtYZ+tNRVKg4IPWnkuWUkDb1+bg9v/r03ARcZAJ5NSPyFI29T+FIGLHBJz6jtSNw+WII9v8AP0p/QcDGDjigYBc5PpTsjnt2HNRswHVMDHXHFNYtj5T9c9qLBcUrkE56jGDT49qhQgABByKhVCFUu5ZhyTijZJs+RQCOOtFhtkxOMkL29cetIylyhBwM547/AOeKMEBQwBbHB9/WlQfIp/2aABU2tnaAc9qkVg7EAc+uKZuO3OABjJ5xilHynOADQInUfNytc1qkey8l5xyMV0cZGQemelYuuqBc788FcH2xzUsum90V7YebENv3R3z1qxcTeXGsSjcT8pHpVPRZQ9pN5n/LNuMHGc1Mvzy7icr6+pq4LUKk/dVhsQAJd1zt5AA/rSTHzGZ/QcVYlHlx9MA9s1XyNox39K2UeVXPNr1Od8vQSFBvBOfapiQOD0pqqVxjt2Ipjn5vpW8Vc478o4sOccVGIhM4U/dHXJ9KTJIB2irNvGM54PtVv3UC99li0AMzORjbgDHpWiAc9SaqwoUGCeSS3WrXBHP55rkqO7PToxtGwvI98Cj/ADijocjv70nOPrWZsxOrHHr6UHCDHPAz05NDfezjpSHof1qm9CUtRwbjpjPTNRPyucEY68VJnaoyPypuMjPNZtm8ULEdy4OSRxTwfXk9qrj91IWGSD1FT5DfiKT7miFyMc9/1pO/U/UmlPPvj0pPx5/lU3KQhwOvFOXDAjGcUY/+txS5x3oAQHbjdzTsEjnjPSg4/wAaTnoOlCYmNwOACDinjGOeKZnGSBRv5OMZNMB+Qec9u1J34OPakPbHJ9KVfU0mAjAEZx+VREnd0yO9T4zjt7ZpGXgDp+FJFDVQ/wANPVmHJ5o6AfrinZ4+bOaq6RnOLexHNAJlIZOf4SOoqO3k8uXyJAFbGRnv/nirQwepP502aBJYwsmSOxHUH61SmjJ0ne7HHZuCHO7Gabtbd8ucCqpaW2G2Yb0B+SQDkVYinDLzjIPIFDjfVDUraMR2kQYzkYxSQy7h1yewqf5SBx+lRSQxs2SSp/vKTRYbkT53D1qKeaG0iM0zBQP1+lVsXvIUpMpHB5BFZVxY38xae7STaqnHov8AhVQinKzInO0WxZtRkv5/LQNHGeOuCfw/OpQILKFQn3jj5j1NZiF1nJTHqo9Klfe8m+TlscivQ5Yx0R4/tJz1luSyXHmvlfug8E1GmA2SckUh5PAHT06mpFTnP6e1ZuRavfUePmIzzg/pSsDnGTinA4HTGeBTZcBuKUFdl1G0tBiou5iWPp3qYqP1IJqJMsW5wfarABKKFGR/KqnoVS10IZI1kbk8kcYNSJEiLuYDPWg/LkDH1qJs7tvfOMVzOR2qFyVyGAGPrzVaYg9MYJz71ORsTf8Aw+56mq23zbjaikDGcA9K1pa6s5q/ZbiCLzRn0/xoqZyFwoABA5wetFXzohU3Y6ID5ue1LgN1HH1pT0yB7Uc+v0rzHoeincQqg6AD6CkGMjilOKM8HJwAOtNAIv8ArjjsKuidfKAB5XggmqUHILA8vzk+nalKtnkr7Yq5GUWy2sqkHnHtSPFHIDuUflVPy2BJ3N+fFODunqRUehro90Pk01JBkAeoFZ8uiZJ8skd+taX2sDbnd8xAGBnkmpTMNuOuelXGckZSowZzM+kSKMq+fXIxVQ2zRHbKrkdcpXaDy2XBAPtVeS1STgAD0rRVDCeG7HJiCGQ4E+044DCmNYZwUcMAK6CbSurBfXtVVrVouWVl4544qrqRHLJPUwDDKMgr0PbigKQPmBX0zXQmFCOAW47iq5toycbMZ4BpcobGP7cfQUNyMc9PWr82nMFLRHd32jAP64rNeDUWZlFrgdsnBpqm2ROfKDLk/wBKaY1IPH5VILedY1MsbLx3B/nTvLbf1GKlxsVFt6kYjTaOlKUGBgAe9P8ALx/OkIY9u1IrUaiLk/KKkKKF60wBi2MU47iv1NMNUhcAdO/el6c+lN+bPNOOe5/OgSbEyTxjjvTh0wMe9N+8RjvUohOcn0ouCIyeTjnvRg8DHQ+lWQiqASCQOtRPIo+6BjtxVK9iZJbjWHXPr60DkcdM9qVIp7psRxMx9ccD8a2bTShEoE3Xp9ahs2hBvUwwrvxj8BVqDT5peSuB1PatwQQxcKgz1yBQ8jngEgHjgYqbt7G6jGK11KsVlFCPnKxhjj5jyT/jVlRFD8ka/j3NM8vONzbm65x3pwAB5HPrii2ty+bTQXf1bbyeuKY3mNnb0+uKmCAnOMYoCheBxTTI5blYRHg5JB6ipEiG48CpcdelCqBk8Gk2ykkkKEA6D8aMfl3FP4x+FIcdx1pXAAhoJX06fpTcnsaaT2zR0Few4kbg23kDAPcVBMfkJUAvjv6U88CmsBjLY+mKLBcrRkiZnwQQOPzp3zfMpbpwc/408nP3R04PFIw+UHI47U0rsTlZFEK3m7QoPPJPFPCOcBQOOCT2FWLaHcpdlH4j9Kk+XGF4PQ47VWxCd9R0SKseRxjnOOtI8vzcNuOeQPc0uDtwBg9OelQljHkMMqOOeopFol3gALtOT70iS5GCuGBwQT1pB8yl8/KMgk8mmqACSHHzc/XmkwWhKHwQMg/hUu0huDUUajdvyT2HpTzvGRn5u39aRViPJWUguMdfSo5Ig7ZPJUdOlWMLv3Y6jmoyQFwB07mqQmVlHlsyAcEcZPWo5ziQSEHYDgHPTNTSZ83kcAcZqkWmaV03YwMDA60IHoWt8ciKigHJ42kYANOZSYgp+XI5zTIowo+UbQMgAEVOC3JKqFY8/gKTBMZHGVBCliCcD2qyseAMtyvcAYqOEnPQc9efSrAwN+AoB6kd6HcdxqKHGSOKaqFW2k560/eOnT8aOM53D8aRe4m0bdqkYxRjAIYdO9S+V8hx9cikI4wevegmwxRgYHbgZ7UmRgqSAW7E9cU8ovYc5oCqXDELkZwSORTENIB+726YNN2jBB9al8sYP+FISOR39fSjoIjXgdR14zUnbtk/rTMFc4x9aXJzwePTFAxwwycjHrSbMcE5B4K07IwaMZ7/AFouJpEDpiNsEDPUAdKbCqmQkAbTwMmpzjHbJ6c9aaF2jAP4YoEQTQueVYH26YpBEdo2YDHOBjNWH+6Vxyc4OKj8pgAu7gcgA4/OmmFtCFVlBDNgvjqKl37lGQV8vgn2p8YQrnYxYDtTflIyFyV745qrkkTOVk39Sfunb0+tTB/lzwFPTNCIMkEfMB360EZIxjPQZo3FawqSBm4Y46EU1lYnOFZfr1oUYUYHCjgmh3ydoGaCkRTPhDvJVlbgA9famW7M0X+rwTg8Hn8an+Vhhx14x+lJ80e2NWz2A9KAaTIhMfOUsM5HQDP/AOrpVmOTeOwI4IPrTSiugZSCRkZx6dadHjP3SCOgouOw7qeOfTIocMcAcH1xTchWVeC2cdKHO5gQTk9cUIVxmJMNuOfbtSGXO1iAD2AFCF9jZYk57HnFV2wWiRZMAnqO/wDnIpWFexdIXA5x2GD7UDCyckY689TTeImJHJ7Uzec88c/lSHcmcKw54zxxSNCpyAB/ntRjZ8uTj+ECkLNuCjOwdPXNFirgASxVuV7ZqJ/kGRwM4OBU/ru7Dj2pqr8+e2MfWlYVxAAz7jn0GanDKD5YK5xkjPNN2qHD+nSlBU/MNpPQ8VTBNhhSpxjHQj/61IcAYP3aMDGcke4o2+pH+FKxV9CQc46Vk+IVwkT9Oo6Vpqrb8h8AccCqWvkCCHqG3dKTjoOL1sYlsBDaiNOGZstx9K0oVIAIJxjp/j+dUUUtKiKPY4HNapVY2EY6kZJNXCxnUu0QXJztGByO/PTFVjnI6VLMczlc/dHOab0x0rofRHnPVtinH0P8qruc7iO9WHYdu3tVVfm4yefatYdzCeug+FGYjPetSNBGowMnqfeq1vGGOcdBV1VI/H+VKcrs2pU7Kw8DgZ4z6GplyB9Kh6EAdcVLgnGB1FckndnoxVkLzx9KOPTPtRzux/8AWo5znvUlgeRn86TIPPbHrS8Z7UYAUcYpiW4oPP8AKlIHTrTQMnGOlLnvjms2dESvKSrYIIwKfGcFlPAByM0SoGUMOWU1GsgcxsD1ypz/AJ+tLoPqWeevP1peMAdQfemr1J2845p44J9aLDuGOPej8eaAfU8+tAHH8VIYoYdfz4oByemKQKAxxnk560mTnrigB4XtyRTWTdz0x60vTvml3YbGfpxRcBFIHXjHc0ZHAyPanfKTz1A70x1UghdwY/xDjH+f6VS1Ik2mOHp3PvSYI65yaPurgY6UY5GScD3pctmPm0FAzyRRjt2prqUxtGR608A//WJpuJKmNA9COvSpFP600HkjHPfNLyPeoZd9B5XcMHBU9RVWWxJy1uxB/u5/lVjIx+tAbk8+3SmrrYTSejKSXckb7Zl59MYq9DPHMvDDp0akup4BbM1wFYAcZ+8PaudOpOJD5ESqCflLHmt4JyOWo1T6nUEJHGXkZUUdWPSuf1XWS8MlvbDMbdZD3+grLMl1cTE3ExbB6dBUhRVUdD+Gc10Qp8ruzhniY1E4xI1OCCo6CruwkZYc46ioraJnydpB9BVgDczfKRzjGPSne7E6do3GBVJCjAPUZqaMfKST1HNMOPlYEZ7/AP66kXK/NtOR6HmqsTDTcTarJzyuetQ8FwDkjrzU7OATjIBPfiopCCjSKenrTWg5PuOhHJPt3qdUCjggcUy3PmWqtzuIIqVYzsyQRx09awqTd7HVSgrcxCy5z7mkEO0mR8AAcCre1Uz056cVRuZ/MOxeR7d6zUHJ2NpVFCNyCSbc3TCg4HNEMbBmfJGRj+v9KI41d+gz3q0kDbVDY/LvW85KKsjmpxlKXMyBkbd8o+vJoqw0cgOFBOOpziipSTVzRyknsbnuDSZ5pf4KMcdO/WuBq517CEcg57d6ZKMx4/vHb+dScZI59cUhUNgYprcTegJjLKM/Kcew4p/QZPegDAx+NBpyepEVoJQ2MgDpSfnyKXr2qbmgmMcg8nrijOXBYgY68U5VJ69/akbhsEdTRcm2ogkYk9genanq5G0DjPU0zkmgHBGfyp3DqTicrkHNBmjJwUH+NV2Jz603t35p2RPMyU+QX5yo9cUG3iJyDwfUVBt+UDknrSgnr/kUa9GN2e6HSWaqAwdSMZIHFKLNyFKxgjsc80wsdpz6VKty8YABIIHIFUpMm0U9Rpt5l6o35VA9ju4e3U49Vq+L9l6r+lL9uBOdpHHAxwKfNIXJT7mJJo6N0Qqx9DUMmiS9UZgD2Oa6H7Yo6rk98U2W73DKcY7UryC0Frc5n+zpUOHIGeOlQ3EZhIQ4z7c4roHfzAd2DihXVF4QE454p8zWglTi9Ucry3bkUeW7yBBnnjFdUyqwyI06Z4WmMAB/q0+u2k5MpUo2uZVvp7FQWYKPU9fyq0tmgGdxYj24qZGLZUn5h1qxGNqD+tbJGEkolCWxjSEyHLNjIz2pmmaak6G5uOVJO0E9RWoV8yQcYUdeKYkZiPl8nBOB+OaibexpSUbXZLuVU2xKEUdMDBqIv83POOPpmlZhwSetNz2qUki22x3DDp+YoIJHrTFY9MH2p6nIoBBjI6ikOBx/Kl5HA60EevFJFCjtg845xQef/r0i9fp+tKfbP0ouLqNI/SjPvS5xSEfKPUD8qEMCex6fSm5O7qABTu/ejvimIAeMkDpUbMEDOzAL79vWkdjjCkZxxSCLcd8vzMB6cCnYlu2iG+eGbaoLZ4yBUgR5D2HH1pw2p0AGOlN3EtwfxxTdhJPqIV2swbHTO4UzaXZQv3sg5/nUxyOo4PfPSk+VHyFAzwTnk01JBykc3yFSMBejc4poyp+Y4bvxTmVS+Tjb9O9DKfK5wMDr6UmMR5D5nRQoPftUT853YHPOOo6UF9zAY46UFVdwW5PT0qSkDFicYGAOPf8Azims5YccDtkYp5QCYcjjgg9T/n+lAbD7FxwRyaVwEjkKoqknPuKd5i5GcjHGTUMh6BSN65B44pWTLgknaByKYm2idmBQ7m2Z6HvzwOtRXLMOE655I607KBVJzx/eHHFQsBI7BSQ2Cf1pjW46O4UDL5weeRyBUW92cPvXYThQOOMelEChkO8kYPGaV18uSMKm7acKw70BLQVXJjYnG0HI4qaPLL0PUZz25qBQDuyDuJGVI/z61bBLlgx+XqMU9BMdHtyQOegBIyelOXiMoORkk4pqg4OeMnPHegZXj196QEfzcZGPxoGecHk1ITnrk0GPIzn6ik0WmLDKVbO4irPmq4+bHHpVNo3A4zjt9aakpbI5IXj2qbD32LheLI6nijdGR1x9aqlsDB7+gqRcH34pgTbQw+Vh06VGxKg4/lS7efT8KXcCQkh+c9z3o2ER7+cnjilGP8aV0KDp2pm0/jTJTaH5546elAAyWHDHqcf59aYfvH/CgHnrQO5JnC+tJww64xTc8c5poPpSAfu3J/jSLnPBP07UA9sUDnnB64oC4oTYNwXLEjPPFNJ3L+hXNIx3Kfp+tEXACEg44yO9MljkOVD4Pzc9KaR8wbOAexHX/wCvTlbafuMAeKUjcDjr29qaYCMOCV5bHTPfFQFD5ykHCj5sipXDdFzuH5UoDnfn6A+lO4MYwyu05x71DGJQxwuR/OrCxmTax4POeTTXEm7IUYJxQhXGAqpWKPjHOP0qViMls844H4GqPkOsrlTjgk56fzqWOWQ/MVUY4Bz/AJ9KNgTuPnCGIFm5TBbAxn1qr9qKRsUbjqRjkd84xVlXSWYqX4AySDwfakntwCZF3M+zb14xn+fFO6TCzIRceXIzbQAepGMfWlikRgxK/KW+YYwOPaqZjGx928srcAH2/wD11ZtFdwGOFI44HWmyXcuuS7KQSQOQ3TNIkiPkqC3GM47+lOYszshT5VGMjiq7RsJmc7yMbcbuKkdi0zDMeQef0p5Xdnaev6VVjDKgDMQykjJ7jrU6TiNMOO359B/WiwXFxuySCpydw55/Ong5PQ8e3WmTKMgjoOx7UrN8u7A6dBTHsOQg9SPoKaHzhl3e5Ix609dxOR29qeiAAk/SkwRDISMNzx1yKcOcEliCM8U48nkZyaFGMgnvU6lCx9RjGfT1qlr0bNHG+funBB9x1/Sry5A4FVtYXdZq2M4I7UNlRXvGRZHD+YeoHHFXiQH7ncvfpWXFIBkf0rSSQDbxy2ABVQsndiqq8bIpOzNcvlmAVsYP0p4Jz05pJShupCoOM9u9JyGrpl8SPH2uKx4x2FQkbjsHPrUjnkgHknOafZx/vCzfhmtG0kJK5diUIM7RUpzn6H1oUE9/ype/c55rJs64p6Djw3Xr6U9Tj2/CmH74z07inA4/Kufc7I7jz056YpDjPXtxRkY460meT7e1IoXFKPb9aaOOhA7UvbIxQ2NLUevWm8buenajIOPehR7cHt6VLNULjk8DmqkyeU5lT7rH5gfX1/Grg4PXp70jAOCGUEHqDSKuRIdwVxz+lTr83pt71S3Gzl2Sf6p/uP6eoPvU4IUgpjDenamSixgH1xRwDjNIG3DI9KB3z2pNFJge2PXtSc578+9KMZPXP6Ud/oKQxepxn8KTgNx0pefoO9HtQAMCeR3ppBGBnP8AWn5yPxzTigKbegpp2JkrjRjcCcfNTsDrkdeKpXV7FaDZK4eTsF6n/CsybU7uX7hWFT/dHJFbxpylqck6sYux0DyIozJIqr/eZsVTbVLOL/lurY5+QFv5VgFd/wAzszk8kls/lTlUAY+UHv61sqMerOeWIl9lGx/asDyfL17EkipI9StyMsWQ5x8w4/OsUwqyZHJI4I5zUYLozKG4PUetN4enIz+tVYas6A6jZ8kzZ+gNRvqaZIgR3YdCRgVmBwnO3B9himyXpbcqjkjGTziksNG5UsZOxPLJNIxeXco6AelVCqK3y444zTBIZGDZJAAHJ96mRHZizgDDcAd6ppQRjzTrbBFCXB7DpkjirSW8RbKnPHORSQgkMBge2OKuom1gwBwBj8K551ZN6HbQwkIK71ZLbjapPB464xWbjEkgHTfxV55SVYqwAHtWcHJZy2Mk+vWqpXbYsU0oJDtnz4xjJpxbGVJH502F8oDk5B7Ujkbvuk4966Opw3VroaHB4O4HNNztRiDgEU0sAw4xnvUwjDbUzySMmqk0kEbPXqXIU2wKvfHzHtUjELg54zTshE7kjngVRlm3846Hp61yxTcj0ZSUYpMZcXI8osDn1wegrPtXe8mYbQFHfp+lSS/vGXGTjqKu2yAsqgYJGeO1btKnHTc5ZKVWotdESQ26oo2j3561bVR6UKFUUqAZ7cVz2vqzq0i7INmeOeKKcCPUccdcUUtSrMuDI5pOdvf6Uqijj3x3rmNboAuev40nBHPal3f/AFqbj0HXihbg9iUDgU3PPpilAJAzgU1uuc02RC4dSP0qQDIwKhwM8dqljOAaktkq42j5TUMh/eEkfmanJ5AzUEqgfN2NNIm4oOV5HP0prAE+lHXpim8YxQFxxxj69aYAQeKb3HP0oJ4xkUBbQcwAPQUzI3EUHJJPek6EA0DsKuC/PYZ/Gn5JFM3Yz/jS7sHBoAdxz0/wpAvH4Um7Bz+hNIPUdO+adyXFC4ApnB5zSkkdaiwWx1AJxVpkNDZWdQFjG5mbAPp3z+lSxB1RVbqBgkevenIgGTjBIxTiBjpUt3NIqwcg5zjuaU9MYApuQfy5ozxxTFexBIgEu/PBwG4qcMDkjH50MoOcgcjBNVkba/IPIGa1hqrGFbdMnyQdwP4VIc9WHaoTg9B7Gno+TtJ+b0okhU2GOhAFJz9Oaew596aenf3rNm6E/i9KcQCM4pO//wBelU7cZP5mlcbAYJPel4600jqR1/nQTmkHQMDqDSLwcE+3NKPvc8fSkYEEZH1oGOYfy5xTG4yQO/ApxPGTkU0n/wCtRcBe3Q0nJPfp6U4dOOuO9RycE4xzxTRLYL80jHn5eOnU07p1/wD104Iqx4Awev41H84U7gN2ccenamA05wcg4p6gYz/MUmOfXFIxxg9CBk+1FwJRg9zUXD4bGcdCaeDzx+dIclcgc/SgEMYgkgDoKhk5ZQSGZf4cdakkYKvJIX3qpPKqYGevXJoHsS4WNPLDc/Wj+IFSOM5HeiFRjOATkHHYfSnFwZOMbieTj8KBMbGGLszgA46Z6ilOFz0PGcHkUjB48YIx7jg0hLkc4Lnn/wCtQ0NCJ8y7m4bGOPSnMuW+8oyP4j9KRAyqCxYcAnJ6VLjPHXPTmgGirJK+5UJ6r128fn+lRpuDjCvnue1Tum0KdzFcjGDkg005Yld4PPUmjoCVh6KsZYDlTxyc00MX3FQ2SBx9P8inIxjHzfMCenTFS7VAGAeeODnFCFLcGXPzlMkjgntTkzuy35UMQBgrgAevT1pYT5kZbGO3NVYGxWGSMZxSJubcWUqQxXBPX3p5HB7n1ox7cnmkx2DC474pvBJGTmnZwCCPoetG3LAqSOxHrR0KQwFgCSP8TTsAjgYOc04c8DrmkOFBz0B4NIQwgD8KcqFcY7DFOAIp4HXIoAapPcdelLw3Dc07bk8A80hjY9unNIV9R6NlfLYZI6E1AcjjvUoByDzkUkyH7wzx7VN7GlroiYA8c5pEXJwWx7UvODx+tHQjBq+hnYa3cDI29DTAw3jIx7jvSu43fePXpjrTdgwQvBHfNSCJDx0x19aXJz647CmgNznk9RSEZ47nmgYFjk5+6F7GjiRNy5HqB3poBKE4/HPWhSCOARjnBoF11JuduPQY60HIJ9QeB2pAcnPGacQxXIPzAd6d9QHK2RzQVypAzls5Oeaap/d88c9M04cEEDj600JikEoQGKsRjIHShly+COB7U7PX1NNy2W6f7Of61VxXGSRF0dV+Un+dY09rOCuGIPQYPXHtW0xfODjgY4qKRBs25y54GTwafQkykleJMOmDjIJGen8q1FdZEEkfzKehP+etVAu9nUhVw2Rk5yeef8+lMg3W8oQROYy23eW6+9KSuVGVizJZqzbtoKnqBxikhh2MoxjHU4/z1q0kiGPOQDnHUUwEkk4wCe9TzM1cVuNl3lc7cBfxP5VHG+eVY7cZAxz61YnT93nBPA6DrVNgI23O/wAij5QOuevamtTJ6EsjgYBwx7npRJNggADOe5yRUMykygpj2x3/ABqMTu7sGUNx83YmrsT1NFWWRdpOcH0pyghcdjVaOVcldpGOpqbJZsRjkng56U0hOVtAebyxtHzE/wAIPWohNcgjlGGfSpxbxj5j8znncaGRSwAHT0qk47Gcoy3uRtcyKm4ooPv9aT7QzDjbz6g1YCIDnAJ6GlkiRkLgdfai8XoLlqLW5FDepJJ5UitHKTjaeh+hqe+TzLGRQOcZ/KqstsswxjjFTW0jGEwTOC/IVj1Yf40p01bQqnVlze8crK22Xd0q5C42FwTleF9qilh+cof4TikhjIUpyefX0rKGrSOqo7RbJl+Z+uc05hgk4oXHmHHftTiOeprrl8R40dY3IiMEdeeau2S/ugTznj6VTK5bOT+daMIAT5egyacu5pT3sTc5zSjgjmmqSw5yD9KdnaRj+VYtnZGI7r36DmmkkHbmnrzyR+QpjY3ZHpjNZI26jwc980pPc9ajzxx1x19KAx6E8+w4pFokbOQffmlUnHYimg7htPXHNINwU4xx60mUiTGDtHP1oz8uBxTc88d/epCOeKktCdaB7D8+KU4z/OgD/GgoCgkjZJFDKeoqjIstj6tB6+nNaHQZx0rPu9WtYSybXmY/eVMHH5nFXCLk7JGdScKavJ2J4pt3zL3qyrhsZ/WsFdSiSbekEyqfvA44/KtC2vbe4LeTMDgfMhBBFOVKcd0Zxr05/C9TR6dOv1pMHGegqFbhRwJV+hODUnmhsAMM+xqLI2u+g/qOeMd/8/hSZVSM8dqYwBGd3tkVG3lQpuZjgd2NK6uNJvdk4dAOSPzrH1HV3YmGxYbv4pMdPpTbu5NwDHCu1D3I5P8A9aqixb5CgJyACfpXTSpprmZx16tnyRZDFGeWZ2Z85LP1NXRbIFBYckfoamKrDhgvKjjJ4qMtvH71wR04PFbXb2OaKjHdkT4YYA3HvgYpqqdpzGuDwcircW3b8o6/pSyzRDgoucYHFZtyT0NEovRmcpZHbYOP7oNNma7mG2CCR88HCHBq3FA0sqgYwTnPtWjcxeXakKdq4wMCq9o4+ZnLDqouVOyOWuIb2F8zIVz0GQf5VYt4HmOQDweST0q2ywbtzRDce5qRSLa3PGT13VbrO2xzLCRp+9zXIvK8n5Vbryf89qnUE4JPHsfw9ahYh1VsEAjdVu3ICYbJ9wK45NtnrUopRSRLbrtVsBjk8fSrYIVcFDyOeKaiEx5HHt2qlqE72sPBBY+lTF9WOd9ojb26UusCgZJAOO1N+6g3DJA5NZFoJZLpmYljuB6+/NbLx5bd6nJHUGt6Mk3Y5sUmopkaYLEkCgsM++aE4XoM4zQy9CDnPPA6V0JnD0IeQ2DjPfNTK4jIPOQe9MyC3IBOKRsYzzjH5VT1Q4JJ3Lfms65bkZ6A8iqrZDDngH60jS+WDgHOO3eoWkG7cWxz0op0zWpVutCzGu5doBz2zWnbwpGuRgn+9XPi4z0cj0zTxfNHj99gjqKUqLlswhXjB3Z0BzkkEZ96QsEXJOPr2rIj1Y5HmDI7lR71FLqbScoh29CCaxdKWyOmNWDNhnYH5WB+horA/ta5XhYEPPJFFNUJGbx1NO36HYDgcH60etL360hOOa4Dt3E6UqqepwSD07Ui4L59D3NPzg9KaBoB0IOOaQsPSl/Ok29xjihiWgq5xjgjrSrwTjrSAkY9eRTge5OPalYL3HEZAUVEzt0JJHpUxwfxoaMbaGxJFYtgGk3ZOD+dPIA4NJsGcnFFx2G8ZzwBQMZPBFOICjsaTOOQKENje3bPel6DH6UnXn3zxTsjPH0xikUJgEU1uTnPtinAg8Z4NNz8vTp1oYrC5BA9vSkyAD2penOaafTtTRMnYa3P0qQLn04pByKkHA602wiuojABOnuaTqPelPP/ANam7uxwKEO4nG4DIP40uORnFLjOKXODxTTJYwnHHrURIwmenT61I3Occ/So2Csq7sHBzTEOQZJK/d9Ka0f+kxSbsYOCo75pVYRZB2gH1p9tGZJoz2JyB9K2voYKPvaE8qbTnpxUX0PNTn7ucY9qhK4xx0rLc3WjG5z2H0pRk9RSf54pc9s4pWsVuJwo68UZH+NITn/61OBBA6/l0pMBPWgqQOeM9sUoIHGM57UEqVxjHYc9AKLhfQZxk0oANJwT1pwTAzuBpC6CNhcjGaZGN0ueo9aRucgHrUkXEeeKpaCSTHE/j6c0xsH6jt6013O8ADgGlAzg9/Q1QvIaSyFT+Y9aTfnIJHA6kVKUUEvtAPTOOaiIUbAxXcOcikMYP3XO4tjv36U9ZAF9j6GoXGe3WgqeecgnjjFDGgnw2G24wfSoSiOsczRqMDBU84NTtIQGBUcDPFQbgkuznDAHngH6evajoBLCAXGVHzc/SkdWjbjG0nGcdKkTGwj7vboM0+QF3GDgeo9TQIgxuJAcjGD9aRySm48nOAff1oK4IZjlv9kdcCgoCFyMcZLZxRcA+ckgs2AMjcvH51IVAXcpHI5XtTQ21tvAAPy470PkryR69ev+c0DbGEqCUQYBbc3bk85qPzY9y4+7jGD3pskSljuycHlsECmmJS+eTjjqOaBDplKjEagg54z3x6flVi3QSrl25YYOOP1qNYjGSQeB2/z9BVhASuQu4EcD0oQ3oNYx5CM/K+nepg2TjnpTYosBSxG6pAMkgZ9eaBIXPIGevQ44o2hWPWndsDjtTMgrwOopj6iM+OnJIwM1Fk7uwOOakcEjB49+tM2/Lxkdsmiwr6j4yCCc859aeB82e49KiHH484pwbGeme1SVckxzz0zTw4qMMOg6k55p+0H/AApgidAMjGKl8oBc5GPaq2GUA4NSrO3QgEdaVhqxMkSkEkDI9KjkA54zTxMhXIHtmoZHBGOeaVht6FZ0HOD2qNlIHB4qUmmMQQCCDg5p2IuRkEjORnv7Uwc4GSO1PGT1GPahugNDRSA4JOKjDNnIxweTntSnHzcduwoVRxn+VAuo9QeAeMj3qNhh1yc+p9u1Sk/L1Ixz9KZn157UkMfn5wQcED1pynAzwDTfvHOCAB3FKOmNwGTgGjqDDDHnt396VCT169+aAeME/pTlUKc+3Q1SIbYrcZ4FHAB54/nRkOD0468UMAUIK8jsTTJsIw27gCf8KibD/L1x2B709emDk44JNNcbVfYBkZ9s0wsQvkDO0Fuw29aTCyYR1OwdF9R3qQM0bhCv3hxz/Sm7SNu8ZbPUUAVVUxzMwbgnpnvVmNt3AG1u3p+dIdiySIcEj7oA7mlVdhGM5OBwBn6/rSaKTsDz+UFDYKk+n8qQSRu5JJwrYH1/z/OmuTtBxvUAnAPOQM0ycqxGcnB4Pf8AzzTQEMok8vPZc8gdOeBTEf5sl+M8jHT3FPbG1ow2SoztI79u/rVfcWCFCF3sQ2W4x/hT3Jdi+jGN18sJjOQDwfz/AFq3u2qGwpbP6GqSgoV+U4wDn6elWEJA+bdkdPTNFxcutx0bSy5y4GD90+tOlk8tgFUODkHnkHt/WkhPAZeFbrjvSzxtLnyyhbAOBVbIE1Jioh6uflxkjNSggDHp2NRRjK4Pb1pVJVcE9TkVmzRD94GTjPHKiopCsvKHAJypAqUIrEkHDA85qGW0JbdG3lvnJGflatIVLOzMK9JuN4mffR7XSTpkndxnPFVogCoOBWjPHJJG0ckZBXoex47VncgEVs4xaujCFSSvGRJGM5I+lK3GO4xTEOQGzj1zTTJv56cn+dD1dzmukrDgwBHAINaEQJhXAwe4rMbn9O9aUR3RZBzntTk/dNKSvIePlbH5UZHPp3ocYY8d8jFRqQAcnOBXPc9BItRksMA/hSNnbz/OooGJHPPrx/n0qfb7/SknoOS1uRZBHp+NOwcjH0xTSOfr0pQMDAOOalmiHpjt170Nkcj+VAPqDipAB+BHFSzRDCc4I+lOB4Hr3qCcCHn+DPT0pVcKevWgauWAR3P/ANancgY/pUaEEcN/9elklWKLc5CqOpJxU63K6FDVrl4o1hjJ3OfmI7CshVLMAMA9wKlupvtc0rRkfeAGe4FXxBhQ2OwJJHI4rrjLlhpuedUiqlZqa0KMUR2kH1xjFRyQm3nUxuykHPHaraAEk4B6ZzUrJBJCQ2Fx/ECeKca80/e1CWEp2vDRkEV6ZMiaON8DqBzU8dujjf5aquOgaqDL5KiQlXjPoelW7e7/AHeT8yk9jmnOCkuaCIpVZQko1GI7vbOpQtk8DB4NQTzTXBVpTtVeQBV2bZImQ3fIzWS25cAMST0FZQpuT1OitXjCOhJ5x2gg8HI9/wAKnt5ynzBxgnkjuPrTkstqb5WzIBn2HtU0IjRGJXPOBx3/AM4ronOMVZHHSpVJSuxkjzHO44BHAqEM+cAZwckAVciiaaXc3HfpWlFGqcbfrXN7aXQ7fq8LamKi6jIMJEVXpgr29atwaXIw33MgA/ur1Na3TvyPSoprhYYmkY528hfWlzyY1Rgld9BgW3sY84VRjGSeT7Vmz3LXDbh8qg8AVFNcvNJuY9enPApFDBc9SxAFbQio7nLVm5/CrIURDcMjJ6iobl/KQsAWO3jAq7EkYhLuAW65qsLZpPMnIwpFROfY1oU7/EVrSWUSIjHcCNyE8j6VoW5xxuIwTkY6Vmt8o8s9j8v0q3bNISO46E1g2dqiloawYRJ1I9zWJMWup93Bx78YrQlcyqF2nnt1ptvblExt5PXih2toSk+a7G2lp9nh3HGSevpQ0u6Q/rVq5kVIwpOM81QUgjf2J4rWkjkxbsh+Tg8Agik2rnOPmzzTlwFz+vc1GSzHAx+FdCZwy0GP8rdc/jRhjnJ4PX39qeynsQCaURFiDu4HXn2rRyVtRcradivJHnnr+FV3G7r+grQ8ssQAegqEqVl3MD2HI6/54q4SIcZRRQe3aQbSMc4yDinC0aMKRtznnI/z7Vd2Ky4ycjoPUU7yI/NVWOMgc/8A66p1LCVJyWhVED4ILYGPpUTIoPUkHrxjFapslIxGzZ6/NQNNmLA/KO+DWaqrc6FQkY0kQY49PcCitsaSDy0qg+3/AOqil9ZiZvCM3gc+/tSHgUMuQMErg5IAHNNQuxYMMYPHuP8AOa8ux6y3HD5Vz69acp49iKTvjrQR+FCKYo7nNL1HGCDSe1OX/JpiGnOM5+pp/brxSHJ59KOcc557UMS3F6Ac1PGQWH49agJo3FSMEH+dJjI5CBIcfd7U1jxweaGzuOc03qCadxMMdTzSDsD2pe+aD6+lMELwAc9KTg8j8aU/dpAfXvUjEI7ikzxTmGO9Nz9aB3AHnBNAUbh0poXDn1PWpMADp27mmS1qIGX174pSeKMf40nfFIq9gYkgkH86Tjsf0pCenX1oPH41QhwPPH5ZpW4yM0g4GM54ozk8UIlidCKYAgXnr60pI5APJ6YpgQFlZz0HQ1pFamc5aaCKu5w5+6BkA96t2wMrO6glQu0HGRk9f0qONGuZNq52/wATVp7ooYgo4C8AHvRN6WQU1Z3ZUlBHyk5wOpFQbhldzAbjgCpJHDMST3qMct14oS0Dm1AqBnGcU3HUjrUpA24xUeMHmoNVoIRg5oC5Oc9O1Lnk9TQT6UAMOO+KGOOMj8qSTkfSk9M8CpGtg3KucE801pCVPHXvQQRySMe1NPA54oQpbDlOOefapl+4vp6etQJ/rAO2c1YxtXpVCRE6Zyy9etGSRg54p4znIFROW3Yx154oAeX+TkZ/rTJgjbRwAePeoy/DNg8Y5oGN25BnPH0FAWuLn5sfKRng0x2ZYn3H7o45/CmuxBYE7eM5BprBmB+YADvjgUMSGySBPnJG4DAA70hj+SPrwcNkHPSlWNiSMgqORgd+9P8AkPUDg8c9v8ii5S1HiRUjCEKWOQDz9P60525XD4xyMfyqNsg4XPA4NEgA2ksOeTuP1p3BjJJF2rkADPO7pTjuJxIQCAMAdOuKY0bMVBwcdwKkxsRQMEFepHUZoJYE7doGMnGCTmoy2MKNoI5BFTABt5Cgn+LPFRupjIz8vH5igRG7gELkbj1Yc81KAob5cMDkY9OaarkK2EXjodvJNMYspyMooGSRzSKJG+aXcTtU8H/Gp4JCFUYJOeSMev8A+qqokDO7FeDg4Awc464q0pIIOeo5GMAUK43sS4yvv708YPfk0zPQ988D2pC5XnBBzgnFU0Z3HAnccjgdKODzgUg5BOQR2pD97BzyKRVwY4PJBHfijJBIz07U3HJI7d6eB8p4yO2B60XAABjFNKEntg804jjnPFPwM5H05oGRxpyeoH0qYAL1OPWhQBznHegkDn0oAmUnHXI9KY5APGKbuJHU9PSgMaEguG9gDxUR3EZ596nIU88imuAe1FwuVx8x5PXpSnAbk8U4oMkD8aTjjNJAiMYA6nAPrR2P9KHI2kjtTScgZGeKbGK33eOvQcUsedoyOn+RQB2Y8k05cY49cg1IIcRkc59yKaiKiAKOnX2peT3wRSbQrbgBuIxQAmVLEA5I5xSk5wB26HpTjnGP0qIj5tp6e1MGKDzg5x3NP3rv25y2M0KeMEHIpmRk+g65GRTRFyVSOox1zimsRhyD068+lNXIAA6Dg+lKyAqcE8jGaEDIy+dy5O8HoRT3JRM5x24HWmyygcDcG/zmlcnyhwGx1yef881QnsKZMEcc4Gfamu+QpIyScf4mgBAOeSRxj9aT+EnGdp+h9qAIySkZbYN655PHWkiKhCcAsTT/ADM7ULZY8kA/jUBmUSbOQM8tj1pgibgsHVsc5/yarscsU3Zk/Q/WpDKS7JuCHGevGT2p7xuEAU4ycbgP8/5NSUVAzFl3ABSOOcc/WmRRop3bmK9du3jrUjYaJByCP6etPjAygIPIAHrVJ6EtXLaAP82QWxye2abKAmxUyMHJOeOlRgs3CIVXru9Pb+VOEcgwzAbt3HTFJjWpMzxrHtRuQOe5pNrIjFcFu+Op70Kfm3sPu4+b1qb5CFxjnt/n60N9ASSIY0Iz0BJzn/PSngLLGQxIUjBxx04pNhDMQ2M8DtTiuFCgk0iiRV2R8EnjJ9zTfmbgsC3epEw2BjB9KrORk8jrnkY4oWxK3JfKJGBgkdKxLuLyn8xSNh457f55reiYeYp/8eP+fas7WkMUm5cbHxyfX1rWjJ3sY4mHuXRlREFmHYe1OQfT1pkZJ56Z6VN/d6dMVueZHzGkDGf61ftSDGQT+NUSPlH5ZqW3k2llGMUNXRrRnaRdOSM5JxxzTep49MU0nKY45p6DB7c881zyR6MZjbVhlgRjnt0q3n5Rx1rPt9wuW9PetADI/H0qEjWTGseMj8KF6HGSelOODwOtMA+uM96BrYeD3GaeuOlMByMYpwJ71L3LiDIGTGaqS2skXzRkkd0J4/CruRnPekIBB/rUmqsY73MyBlLkDpnHK/WqM8c91kvchlHIwelbl7YxzpvX5ZAPvA1z5ik5wfmU4PFNMVtBkCNH8pzhTjODWxDKGjWNz8+OT6+9U3tQtuHXPTOR9adEzLsHHTH1raDv7rOWtBJqaLh25OFyP4QehoZcKCRub0BqeKI8MRjPtUixgt0JA71nKXY3pxtuZptZpW2lcgnkE/pUUuny265RMx88r25//VW6qdcAcnJplzIII9+fmPCj1ohVmnoKtRpzXvIxfN3RAjjC5JzmmWQDzGQclTheO9PmWV2CoQXdsdP1q8lulvDtVQAOp9frXU58sdepwRoqU1y7IZIwCKS3GePWnwxBQF54H51ULb32hfYfWtOBQFHrnsa5ZNtnoRSWxPGnCjOPwqcDBJ6VGDjjnI70kk8cYyWx04z+NCWhLd2SFwASTwO9Y15M8krD+AcCrEt4ZmxGTt+nWq5IZ+QNo5Pt/nitIK2pz15v4YkENuXYDII7VceNYINxOXPTnpUtrHhS5bGefpVaRnuLvYoGAewpSepUIpIVS32ePII8xsYzU8i+bb7IlIAbp/8AqpWjC7pMhRGuBx3qe2QrCmRz1NZam0VYzhbZAJAyOufrViGIhN2OT3q00HcU5IynBB/rQ0WpXIYo8ksec9Pap8hFJzx1pyqM88AVSupSWwG+XFVTp3ZlUqqK1K91KHkyOF6Yx701V+6eg288dqCobJLd8AdKaz87Rn3rqS6I8yU25OU2ErDnPK49KQcJ2wRzTHOQMjp6UL85wR345rVQsjJ1LyLCRGRc9cccVN5BRVGBx6VLDGUweM9KumBW2kjBAxxXPUbsd9FR2KKJlSoHXpin/Y955H4+lXBGEOVH51JkAYH55qFJrY1nGLKDWaqnTkdMHNKLeLdgpnFWHdNoLAhu9CAbfUVpfTUz5VfQgBVcBakwQgKgEngACpV25BC98fNSEnOAB9KiUi4xIzAzHJkYE9lIopHJY/dJoqLs1LWflyQT9BzSggnPXNKOOcU3jfuPX1IrEFuO7k9z2pcZNNGT6jB707qKB3Dr/wDqpeM/jSfhSjHB60MQ/t0qMgKSRnJ60/t3+lRsc+tCBi9V4JqPcRzk0e1HXjPb0oGJmgjqaXHNNPH51IxAPyp46fhTQOcH8aUemOlNhYUgEUlBDZ4xtHUHrULSk/LGNze54ppEykTE4HA6VC0yDuTz/CM00W5b/Wncf0FTpGEA3Y49KqyuRdtEfmNgERufypA74z5Dk9Oo6VOuwA4yAPwo3L0Vj7U/dE3Ir+fjl43TjuuR+lSbgy7gcg9xSlwQQw4PGPWovJVMtCArY6djQlFrQOaUdx/Xp19KXH8qhEpK/MpU/Xj8KA3OOfzqvZsn28bkrMqjPfsKYzNjptx3J/pTWnCEYAz0IpY4pZySOmOCelNQtuS6rlpHcdEOTyTnvUsdoZz8xKIOSx7ipo1it+o3v6npTjOWHzHj0qXLWyNYRsry3JojHFEoQKwHpx+dRTSK6+mDURYZ4PHakxk49etCQSegioWPTg9amEBXnJ/LmnRLtPTFTZAGRUuTuVCKtdlN2AGMEVCx54p8z7nPpUeMDPNFgvcdnI6Y4puD0xnnvSgc5pCRk4/GkAq9OT1pj9aUng9etRnpyTigfQCecD0pANzDJ5HApygFcseg/GnAA4VR160CHRJljknjvQXwAOp96lChUx6daiKDcWznJpgN3c9cEioHl3AbhgZ64qZgehBOOgxUQQZU5AAPORxQApBERGOvAqM+n97uO9SHgY56dBxUYy3X7q9ycUAtGR5B+Urz3pQxGdq54wRjv0pduVypX5RwcUAABSMk5xzR0Ehm87eFJxySe1K0imULswM5wSPTtRJu2bHY5zgn/GmsxaRRtBYk4x19PyoHsO3AMASWIPOe9Lt3JyQdvX1B7VHtclVJOWB7/p/n1qVPlJVic5ypOMUwbE2PIwT+6cZFI8hJABGM4BwB/n9KmQEHGeTzkmopYvLaRoyeM/KCOvf/ACKCWKshQbtucHG3+97/AEoZQ7sFLKhOOnTj+XWiINnqyhux6ih2ONo5XH5Ggew1Y9gAzkg569aFGZd0WVUqOfSplC7QWbK+9GQoAAcqfU0mNDditknGR61JErHJY4I6DGKI8PIx5A9CMUj7xMQSAD3HWgciUMgOGIDHkc+lKT5a8jOew60xY8EA4bAyPU0vDbVIBwep5pkbD1x/jUEqOGUqx59BmpeVA96GBxgcduaYkIPlAJyeeeKXeOmOg54pOQQeoJ6ZpxGF4Bx3oAbjINLvxkseO+aB0Of50vf/ADigYZ+XOPwpdw/HuaMZGaTBbp69aQdRyEbzlT0waflQelPCgKckZzmo2xxg0IZJkdhimscjpmokbdypyP8AIp/bpmixLYw464pucqeO+ORjNOP5nFNz+dFhpjGGcEmkAO4HP6VIBkYPWmxrhfpSLEI59jSgcevpQ2e4x/WlGM4yffFIEIxKIWALYGcDqaRSSfunrT/6elG0lTz1pgITgdR0pozgEj/9VP4PXvTNxDYCkj27UJCYM2OhAxxUZUkMmTx296f5gcNs6KOhqLzWTB568jPX6VWxD2JPMPfPHXcKeST1zz360rKOoP4HtScZ4JB6Zx9KfQCMIGwxJP8AOnEL5iqOinFTYXBNRMuST696SYPYiVXEhOQQ3IJ/z9ac0alSCRxwpHBpI1OHTBGe9LwAWb8sdaoW4yUIFVMBuMfTmq09sxQOjtyecdhVl8ZILZOM4HeogVEpU9c87UJH8qTBaDoxiZfMGSckf7NSlAZAu5woXuev/wCrNQWyqzBgQAOOSeT61OwbJ2sCzH7uaRZTuowE4cKxOTnp/wDXp8LusYEjKV75HQcU5rXzYpEyQGOcsM4P/wCuojEUgMatIrYxuA701sJk8LP8xK/KpIHv/nimPITOAcgE4z+HekiaREC5zx83196R5dyx4Tndxg5yef8A69T1L0sXDPFGdhUEE8Y9absV3UBcYGc+h64qONZfJB2jcxPSpUzG4OQzEkkdMf0qidx5ZjkjHB709dvoMkdKYyqoZznAxjApI3UfMAfpSGTu5jxjuPWos4HHJ65P9Ka7FzkKQF4xSKxwdwIzjOB0FFwQ4Fs7s9OORUt1D9q09l/jAyO1QjOcE9cdD0q3CwDYPQ8DBpbaoe6szlF/iOD1xU4Klc8c1LqEH2a5Yf3jn8arqe4Ix612KSkrnkVKfI2iRgc9OlEb7Zs9umKaSM4600HHfNWtjKLsy+MEZHelEh3ZGfbjrUUEuY1UkHBxinTApyMEDnGKxnpuejT94ZkpchgMGtAMNi4x06ZrJnlyFkz0P6Vdhm/djHIIrNam0m1ZMtDr1HXrTTgZBUcdqOGx6D0oKksfWs5G0NUOGMt3IpRkHmoQSvXAapN3T8qk1RIpyKd3/lUe7sPukdjSg/X160mCJNpOc9DVC9sUUNKpxkcgVeVs9ar30oFuRzkjPFStzQo5xp5DZxtx9abpyB5cdQBVeWQlQm4kAZPORmtHTo9sJc9X6H2q0ZSSe5b2DHv705cD2xSKc57cnIoZgO/IoY0OeVYotznAxWVPO9yCfl4PyjsKbeXXmSiFTnB6A/5/yKbGdvAODjmt4wUY8z3OSpU9pPkjsLBJ5Z3yHe7ccdFFSzSmUbUUnJ69KjSLzHyelWo41U4wD6cVDd3dlr3VZDYYByzdT1xVtQFAxmgAL269eKa5YA1O44yS3B95HykL7mqMqIJQNzSyN0GelWZIjIMSSFB3Cnn86bL5UMHlW6/M33m71XK2xurGKZVLEtwBwMAGptgOI16EgnAqGNBvbnlcY571YGEUZB3fnW0kkrHBTk53ky2doj7YqK0hIcvgbieKQbnUDJ5PAq4sZWNSoB9Pesmjqg7sjnXeEjB5+8cGpFXOFUYA7U4rtJPBpjS7Dk81KV9C3KyuS4GBgc9/emOwXIJAGfpmqk12cEKBuHqelVHmZzgn5h1wa2jRfU56mIUdC5NMc7R91gcEd/8APNUz1PHTpzSxjPUdeaY/PCkde5q9FojnlJz95jSW/hP1obbt+nWmnjCjtQ+cDOenb171oo8pjJjcFmAGMk9xWra2uAu7BYjJJplrZ7V3yffPT2FacR4BUfdPapqT7HRRp9yMpj7uBSliDg9KnlVSgIOCOwqDAHJUVhe51JNCrk9aURkYO4nk8UwyAYx27mgOeg9eahzsaxpprUk2r1/L2qM/I3U4PbrR5pC9Sc+9Ix3Lj8/eocmbqCtYd3qPOTkENmmh9hwTkHoRTxjPHI/nVJ3Rk48rEwc8EHiijdt6Hr1oouVYsEj5VyM4/Ogj60H0xS46nnmsiExVGOo680o4HSgcc4oOefX1oBi9j60d/pTQDnkU7jHJ/CgQ0n+dRtx0pzMFpOTkH86RQirxk8nvSjoc9fejOAKOvUCgYgHOTmkIGMZpeq46cdaY2QOfT86aVyWwJ5ppcg9OvTFISS2Bye1OWLzG56dSatJdSHJ7IZiWd9obYnXd3qeOFIV2oB9fWlxjAUYA7UZGM8Um7jjGy1AtgDnFN68j0petNpDF4B44pMAjOMUEj/69Hc5P0FA7CbeflfBH60COQ9HH5U/gD60ZyMGldj5b6sjNsSuWl69wB/Wj7GgX5pScdulSA449eKaS2OOTjj3NHPJdRezp3u0PWC1QDKl27EmpGmyMAYUdh0qqH3qMEEHuDSHtzxQ3fcdkvh0JtyuRkDIGDQUXePSoozsBHWnbiDkcY6U0TJakgAH9KeqgjOKakik4OBzU67ARnH+FDkCjckiVRgHmnXLIsfAwSKiluFT5VIP41VaVpPvck1KV3dluSiuVEZI/Cg8kjt2oxnORSMQoyAD7irbISFwR37d6Ye/fFBGScfrRtx78UguIF5J7/WjG58HPBzS49O3FOHBzn9KYDenb6Gnxhcbsg56GjHPpTuFGAMD2pFBI2FBxz3GaiBbIyBzTmPy5/Q03njJoJEyzAnbjnjmjjAGDyKCBjIwGqMk4JA/AnGaBgSpU5GD3/wA/hR1+ULkdMjvTsBkyD1GKai5Hy8d+vegYxQSR8uGblhj/ADmgjJK9FxycVNGDk5UYz16mkYbugGc9afQlKxV24fdkk5PHt/nFNYZkclhuOOM0+RAikAlgR+Z7VXeF3XcGZABkEDnFCBk5uFCksFYEnBHPH+f50ryCU7lUD0yOf85qpHAsb/PtIz9f89KunMqq24A54oBj49uWyAc5+maQqBtPQbQAQeaFQO/YHGT7/wCeafsCqpJ+UU2JEZOBhWxznnuaGIYFTk4xxnrU2zy1wAeTz61HwQcBSaAuKFQAfL1GevSkUZK7ST1zT1GM8D5uRimgZPI24796TGKsYCk7Ppk1Kqq3zdT0+lR+d8pwo/pmnRjYgXsB+dNLQT1H7do6ZxzTTkDOO/WnYRVwvuTz60hIJ6dsjikIRRzkcYORTV4j5P3T1NOOcfrmnY646Ec0xbDN3GME+2KeoOACOMUYC5PYUpz+FUJCEZH+FN/i4HX1p5Pzc8ijHoMUh3DAPpijp/Kk7dcUoGecZpD6CZ9BS/w5J/A0EnsOaMHHIA47GiwDVRUX5FAGc4HGTT/8abnBP8qcaGJasCPamAYbpjPpS8g00jcpzihMdmSFCM96YTjt1pUkJUrkZ6U16TKQw9eOlOBHpSA9+OtKMc85zQAAD0xxS8jmjoeKAT0oAdjtgCoyNw+Xg9mp2SegH40rMxIGQO1MlkWwkMdu04xkUIgMYYcj0NO+8NpGcHjHel2nGOmc96piQ0oXz74xntSgY2v1x3pUzjnGexzTuxyQ2eDg0IBAS2aiZDsx8wx2NP3qq7ACCB0FV2ZjEWMhXb/e56H/AOtQIkKAbUZmG48YPI9qjZgjY5zj8/egKWRGIBwe3BFIcbmGSRtBDduT0pjEG5yp+8ueW3Z/CmXEbGP5MBlPOB1qeJlzkYJBxu7HnikKpuaXYN56YOe3T/PvS6gVk8wJtiHPRcmrRVnXPy4HB6ZJqFEkTgLx79f/AK1Txj5evzDtnPFBV9Adwg5XH1Oc1E/MXlpGqoeBn361LNHuHKlmVgygHoRTC5jXLg+nTmh2sLXqQSReYGYsd2MYLZzTEBynykxg4GTyPep8Et8w+QHPB9KapWJysYJz+lIZPGkocsTgAcJn9KBgHcRhsc4OPTH+fenRYGfmJB6Z55qNhywVjuz1P0o3FfQk3FwdvGfvA80pjG3aQSMDIqK3YxuFbsPmGaszfLH8g4IzzzQ9xp3Ics8ROQCTxSAfvBweT15NPH7zAOS2Mf5/L9aeFUIMkj1piTtuHH3scE+nSpQD1B4qIEBsdSeeKUM+ThMEdOaFFsHUiuo3VLc3FuGTlhXPjoeeh9O1dMJZY8bYtxHGM4rDvrcRXDMq7VfLKAeB6itqaa0Zw4qUZe8iuTgcZ6Uiscg+1A64IHt7UqngY5x+tbRZxtapjom8qfLZ2nrV0Os4ILArj8KpEAnB6Glt5SrkHHOcfSlON0dFCTUrCXEUisV/hfpmlsrkbzGQOe2KuSYeJVkAIHIYCsyeFRJ97awPDVzpcp3uXMjc3DGQeO1Lv2855rLgmZItgbHPBqZjJjcW3KecgUpIunNXsWmdTjp+dIJO2M1V56+3FL5qr8rnbnvWZvcubx3/AFpwfaB39KpiQZ25ycU1plXPzHPfBpasasaSOMc5GPU1l3826baMjbTDdSEkBsVBtLSYznJ570KI5SSRLbRea4GeOpNa4IRQF6AYAqlBthGDn19ae1xjj5vcGqSMua7LXmAL8vWqdzcMFZYzljxz2qB52dsY4Hoe9MClm6kfhWtOGt2Y16rUeVDI02c/KWPVsVOoAUqPyNGD0J475HSkKHPynnGAKctXqRCKitCdHxtUEFutWVX58kACqisIfmHzPnrnpSmeRgTtAxU2LcuxeD5PAAqN5owD8wyP5VSMrsPvHg9jTdoI3MSB70/QlK+4+W4zkAdelOKMoBOOeTUYUcNx06Cnbg2cdh0zmnCMr3ZFWrTjHlQ2MsNzMCMn061LEpJbkgDpxUW35uD94dTTwxDY6D61pyvqc/tI7IuqUTA3cD0HT3p4nQrkN068VRBHccexpuccZ6jnFTyKxp9Y8i3LeEj5MfiKpu7u+WY4+tJy2c8DNKVb16ehq4qMTGdSc1cNm7kntjnijYAeh9M0uTuAI6e9I/y4UtwcfgaLsLRSuxOS/wArcA8kDtS5XsTz6Hk0xmRTuJximk8e+atRMee7shXBGMltw7Ves7bA89x9Ay/rTLW2+0MkjghF6ZrQ3jdtHGO1Z1J9Dro0W3zMUAk84x3qTzMDbjHPamg7hx60oyeGx/kVzuTO+NNDvNOOhpD9MilXAGM4NL1OOmD1qbl8liIjB57UgHy59D2qUqCM+/rTOV4xmpZcY2I+SccmpBgf/qoABbPrSkc8CpLsRuoPPHNQYeMgLuZPQdVqy/3ST+VMjfa2G657CmiZEG/PJcDPviip3tYZTkgZHpRVXJsizjkEnp6UvGRQTx9eKP61O5ihV47AUvXn0pu7Jp3pSGOHWmt05pSc01mxyT0NMBpAJxjOKD1p3bn60xjg80WFewgGetIT65xSY6le3vTPNGdpI3dME0WG2Kzj8cU0bmbbj5fXNSCAHmQAcdB1pwCgdOM9Kd7E2bYioBk8Bc9cdacWOAF7UjNu4NJjA9j0qXdlpWA55wcZ46dKD0HI5PNGMDr1JxSbeQD3NFxtCnp9aTb0zijcEQnsOeBTv89KB2Q2l2/SnEbTz0pD6Y/GgQnTH1xR0FJwRyPcUZ46kc+lAxeT1o3c8Um7HDdaaT+dIVgPvgCg4x6g9KbnPfgDp60q5PWgGhByTxxThn8KByAffpSZ659elNEjc804k88/rSfXrQenX9KAH9yQacB1/So/pjFO+QgHnOfWgOUTIGcHj61HjjOfxo+UtvAG7p0pwBA6jgcjFCFewAZUg80hznAzxzwaVj8vHBoUH7x+lPYLXQBACD3x68U4r74HWkA98Cn4xxQCaQDgjnHtTS3IycZ4pS2ee49qRsYB/WmxDGOflH4+lNbftwmA3bI4p564GB2NN+ZpDgcAccc0kPoHf/Cm8cE9MU7kcnGMUrKCuMHnqDzTGMI4wvGPandBn160qbSikZAPIyMUhwV+tFhjwSOc8CowPlZyT8xPfgdqdjkHjFJubuMelITIZ42cMS4HXtQsTKPvbu2COKlYbgBjgdqXOBypOTjgUdAsVUjKqGC7ccnHOancBuh+7wPepMA8+h70zy89qEHQjGfNDcAcDn/P+c1Kx45wcdscYpQoPJHQ5xSB8Eg8YHbvVIkFxJGrqeo4qMA5I2/pU33hkcg0nzE88+1FxELNhguAOcA/5/GpOQ2SSMjpUYYGQMoHI5HFStjIx1xSaKT0DGCQQMgDnFKBIAuQp980YY5IOQenFOKn5hg+uafQnqNAByfal255HWlAxgZ4pw56daQxu3jgdKUeven4x/8AqpMdcdaYmhOCMn8qQgjjP0pSBgn86TPc59MUMEhMDNOCHk8UAd6fgeucUBuMwQM5GacAfwqRSuecH0pxAxwfbNJsOVkQ288856Uh570pGWIIJOakVOcY/HFMErkBVgCf6Um1scA5x6VbCAgcU9VG7pUuRUYFTacdKiIIPOK1pFQJ0Gf51QlUc89OtJNsbsiuRt+Yde9LuyAc5z2oHB2k9Kjb5W+XOBzzirRDQ8/Tk9eaBgcCo2OBuHQdaaXBcDnB65pi1JRtbkHjtQV3jBJxkcjim7huAB+X8zT+FXOc460DuIPlODknkjiml8rtAHJ9OaXfuG5Sc9aaRkg5wD2xzSBCkYI5IzQj70AAJ45JpNy7drN1PQnrTGYgB1BLE4NNK4uaxYRuCO445pWAVT+pFMBIj3DuOAPWopJHyMLkH3xzmmDsKRh9x4I5znoKc5UAjaG5xg1G29vlxhSeGJxTxjy9m4EDGT6UuodCusu471yOcYHelUJgo33uhycg1NJtwOgUDke/eq00TxYKk8fe5wCPeqEhyui/cBIz2WmRpslBJAy2DkVMoZAOmWHXPSoXYSRfM21l4z+VJspE74Y5V/b2NP6OB36moI2DqGA5PQVLHIC+1uWbsRSKJWPyFsHAxxUEoLh1yu3OenH1qYZaMKeoxhgOpppUGMgrlTjPrml1GVoUYSMm0g5yCTx9KcbfD5UKTjqTUg3Ixd14bkkmmAsJAxIHPJPf6VRmySIiQvHjLZy2RwR2ocBTtU7eO7dP85qSQBkDYOSRjH0pDECrNgKeMEmjzBEUjbPLZRnLYJP+elSPIzHkjbx3/PNKYh5ABI3Hqc1VmEjqdrFTw27/AD+H50myiaNG3fLnDY6f/Xq4vlhQpcHPuKrWqtHPud9wAyv9aWWJnulK7GyPTpTUiZJPctZj6ZIY9waQhMDJYtjtS+WBj7mRxzzTHLDkDc3AwPrVX8yXFdhWbc2AgUA/Wop7P7XbvhcSD7rHv7VO5RDjJ9OT0oSUhlOSD6Cnz22JVJSfvHMkZyueelIoIY56561ravYj/j+gGFJ/egdFPrj3/pWWrBx9B3xWyaa5kcFSm4S5ZBnPc0vljJ46jNMwd2Mf/Xp5bjvVJ3FHTcnhCkYJJ9OTxSXVkzRcAHHb8agcyKMg4Udx1qWG8fHzncO4IrOcOx2UZq1ijB5qFlY9D8oI6VZWQjkHA7jtU8qxzZIGGH5iqx3wgbl3fhUrzNJ66ol85wCMAqPU1Gzb+SnrkUocEE9OO9KCApIUmlypkfWHHRog2t1jyAe2aXynJwT9eatK245K898inZXuBik4M0jiYsqqhHXPPU561YUR7hj8aYcE8DpweaRSNwxxyfypqFmE6qepbEwO4bScmoSSXAP3j+ApCNwyTk5pD8vOTkd60UU9zD2riJjaSMdetSDuRgVHuzgEk0pYr94g+1XolYybfNdjy2ADk5+tMaU9OeelI2XXjjI603onzYJHWnFKxMqk72uOJwvOPfmkDEHg9Tzn0p4UYI/CmqvYe3T1qklYz5pCh2KjI68nBp2CRgn8qftG3ng5/Cm9JPvZGKSWpd29yIKwznoRxUioOrde3tTuw7k9KeWySx9MDFN3MlFX1GDgLuPTj9ad5i7iOo4J4pS42j8+vNQxuXkZMEEGk1pcrRSSRMXO0E/rUZPze9OcnBAz9KjVhv8Am7DPSpt2NLa6j1PcYzUg24Oevf1/OmDJOf1oJG0k/lRYbaS0E46DOBxTW6ZJJwKCdowccU1SXOFyT6VcV1ME09A4Izjj3Jq1aWDsxaUFEz3xzzU9rZKAJpAWZlyF7fjV3cxPHb8KidS2kTro4dfFIRnVV2KuB2pgjOOuee9IAzAbiTUo2k9cDP4Vzs7oicjkHqemO9PDHHbNJgYyBkA0oBwcdAO4rFvU3ihflZc0ccikK46U08AkZ9TSuaWJdx9c/Sk3DGPeoUfJKj64Jqu806vtC7WH41T2Ii9bMuBgvLMAPcihpow23zE3emeayp9Pa95uJG3AYAU9Kx/7BvFmK7c4OQ/b/PtQrW1G5HST3kcZCkgZPFPUiRAQcjFZllpu1dtxuJHbJFX0thANsLHg5wxqeo90Lu2DHWims0gb/Vk/7uaKdxcrNID6UnTjtR/WkOc49aRz9QA6896UHGKQnp/OkyM9aVh3H7uM+lNyN2M49KM0ckZ70Idw9M4pchcA49aTI9aRsMP5c1SJY18bvk69MUyGMRNknc56tihNyLvcEMf0Gak5xj9aJaaFRV9RT/I85pv6+tBz2JA9aRsMvcc0rBsCcAqf5Up5/OkywJA6GhenfimOw7B9s55FGetNVjuYFgSDwFHSjPbmpHcAMZzTqM+tNJPftQIdjJ5P14oOfqfam5x0FHGB/jQIM445pD04oJw2ckDFLyT9PWgaGsCQP1pox/F3pzE5/wAabxnnjNDGBxwRRz+VLx0zj60mN2QCfxpCBj2zSA/N3oyvfNLwARnin1E0JuyeOfwo25XBzzSbcDp1604ceuT2oARBgLkk+/elPpR2Azn3NB60AxO/HNO6DnHpSdOg70oUsc8de9PZEWuAy39aOcADn0pwUDgH/GlVeaRV7IUYApAc4pc5PAPHHNNzg88fWqJauGRk8Zppz+fpQw3HrzShTjgn8aTGNHUkZPpTT1OO9LzuBPpSHgZ5wKEMXjBz6djikLDHP60FuuBn6UbuT2xyfQU7CQ7n60nbjNAZTyetO65GD+BoaHEbuG0daXA696CvYjp1zSnt3z04o3GNI/MmnAgDFN2neSzfJgAD0pzZ3cfy6UgDHGOfpTf4QBw1L/hSHKg5zxTEKenH50m3sO/cUwEnvweR60u1u+TxQTYcSQcDr0qN2Hl5GcryOetLk4Dfw96aVMikHnPbNA0MiBJ3MMZPBPpUwOcHB4HOPSh1CqoDc7cc80ixlT84BI4BoQMlzjtk0vUZA60hJzjnNG7I+lMVgxwM/rSjOT0B+lHB/pSEZ5PGKQDs4OCTnP50w+Zn5FGPTFOyBxjIoVhx1phYbjJRmBDI2QFPHcf1qQJnrn65ppYYyDxTSSD1PPWlqVoSlMryxHpzTW3JgBg3amBgTjuO2KkC5UcGp1BqwJIDwVOakGScj0pscWzk5+lTgAcgUXCxHtwc4pcmgtk5ApO9FxD0LbuKsomFGSBUcZwOlPd92OwFItaIjmJHGc1SfO0896syODjqfSqcpyo+uatbGb1dxrSA4IxzzgUwOGJz39DQSeMjAP8AOkGVc4OQe1UIQq2cDkHqCKiaLdhiCQp5HTNWe/ykDJ5HekXO5nBOAAaBELShevBHIGO1SBzLEePmA4H170jlWUMQOD6Ukb+XyQNvTHrSGN3PHHkj7vUY54/z+lTKMkEjBA5561HKwUq2QGJyBn26U6OTanzffIyc9uaokRkz3+XIxxj/AD/9alCqpGTnHWpFKE5yOajymM7icHg+1AlruOBIPynIJzilBQjJ4yfypi/eGCBn26UxyCNgDAE8f/rpFDvM+Yjrjk+2KYJFaMtwAcn6fX86iacllzEQvCk55/SnlkWIMi8jsefagBkju0TbCAcYXK5yaiQzLIVlY4Ix3IGaeEJLsTjJ4H0pCHZdzAo4PpyaAWxM4yvB6DnGaci7pCcKuT0POahVykaqD1Hfn86ebgBCcHcOAQM9qRQHf8oXoOQQOOnb8akCur8qMHp7VXZwdpUkDAOR1HcVKoMwJB+bHXuPwoTK2Vyx5vzkcYAHPPPrTXPzFQQMc1A/mbl2lQc5NPAkWNQQNx5Pc07Im7Y5gxRflBGenrTXZW/ckHaU3BvQ/wCcU/O5VIHyg8ioz5bSl2wQT27GmJiqWRVVyBzxnipEMUi8ngc4JHrUWXYFPMUKvVWXqPrSwZVRuGTjsKRStYeHVz0+6fy9qRvvbcDjtSMjbzlQCByc89abJIFcsDnHUZpMa2HK+wlcgkHqT0qXIAVo8YI+U4qq21S5Y/Lt6Zp/m7kVWHJI7dPwoWwiwjDLSFTu6YJ6mkaXzZejDAyABkVU/eRgmTBXHY4qfDsrc7WxxgdaOgWLTSJEmS3zkdzzUO4c5bpVZtxcDnHUjFLE28nHB9B+dG40rIuQSffVgu08EY4IrM1LTPsxNzbKzQE5ZByY/wD63vV+JHJHTPvVhCqkMz8jrz/nmrhJwdzGrBVVY5fzFYdSO2MdKXByMfic1s3ekQ3JaSzQpKTuMZPyufb0rHxJExR1KMOCDXRFxlrE86pRnDSQ7OU254BpvlqQOD1pFYsOc+lKH+bk47inchXtoTnGznqe5pyszcHGB0phfCnB5AzTvMyAO3cEVNkdSqdxphRuVyM8HApm104X7v5VY3JznHXioDMSwGOM5zU8tzRVFHUCGzkryOMimFgMg+lOV3PGeegJ+lIcZ4HJ9atRZhOqn0GsVzjgcelOVVY8ggg00nHUbuOg71Io+Y9v6U3G2pManMrDuowDx6VHsG3k5/ClKgMDz3701ixGFwfamokSnZagAoY5Y49hUgGQCD1PcVCTuGeme1PWTgZzn1IqnHTQiMl1ZJkplQAPb0oVlxyOe/cVFwxDHPPv1qVGBGCO9DWglO7H5HP9KUMOvBphADkj8vWmZ+b73bp6UJDcrMk34Gcjrx7UOSQM9Pamqcde/pTiCRyffrT2Y020MAb260fMvOM+/pTyDg8YU9Ka2AB1z0zTJaYBj6Y9aA2GB2457cU0sBznp0pd2FAHNNxKi01cUgysr8g+nShCMZByMcU9MD3FIxRc5Yd8AVN+iK8xN3P3u3TpQ7gY9f1qu0jznai5A9jV+204sfMkYhcfdxzVWUdZEx5pO0SvFay3eVXG09T0rUhSCzVMANKRyTkZ+lTgLEu2NFQDkAUw43AlQe3Nc8qt9Dso0FB36i+Z+84IAPXPFOXkZB4I9aPlPJHBNCqN5wSM9qwbO2K1sP3KqEMQCPU0wOrDKuGHqKUjd1wc0nlKAdq449ai7Nfd2YAc9ue1SDOfmAPequ2aPq/GfvYp8c7R434ZOzD+tMS0LQ59KU/MMFeKTMbLlZUA+tQm5VCQJFJ5HFTa5pcZdW7bN8fEingDv7VErPLD5qZ3/wB1h1pz3UhPytkegTpUYWbOU3KSc5AAp2t1JcrvYsRkmINyON1RPqESSmLdk+ucAGq+LmNdq7yD2/yailt53TDKcbeuRRoK7RoNKpGdwIHvSiZMEk8EVjBXi+STcM5602SF2OVdiO+3mmoD9pc3c7vugfjRWAl3NF8jZOMdDiiiwubzOpC5zk/SkGKXnFNH5fSoMhWx+X8qbzz/AIUpPqT9TTf85oFuOwD0zgetKTjp6Unc8c0hPNA7jsgsKRgN4AJx1PFJuA4JxTASSxzgZwOeaBrcC2eT68YpR9TzTeQfwp38VJl7D8g0mM884ppzjA6U7kDAP49qOgLVijGcUhH4mlGcg+lNJ7cjihAwwOWwAT1IFAA684oPWg5HOep45oAMYP8AjTc9jnrThjbTSM//AF6YhfrSE5x8xAB6+tIw4+g9KTIbIGMil0AUkZx6dqcTtBOajA9qdn5vQD2pDYZDHOe9Jx260rfN7dzTcY6GmxBx15/Gkxj5h2peT3zRjA/+vSBgdoJ460gGQDn9etL1NGOOtNiQgOAeKUE8Dgmk79DQjZGCMcflSG0Oxn1peKQDn3pyjoewprYl6sNvc9PSgDPJ78UvXjqBR3/rRuN6IMHHIzSjrnGRmkJx2JzxwKRAQre5zyelMkdnPPWkJOeP0pOcepBprvsXLHp1piFGPrSAMTz/APXpFbcFYE4IyKUggjvnk0hje4we/QUZ2jcaTdjseeBQwPGMZzQhsMtgn27U4KCFPr1o5XGfrzSliONop3CzEYegIzRyvXnPXmgk7v8AClP3c9qZSViM793TIH504sGGAOfr1oJ4yB7daaDjrRsK3UUdNp6elO9PSmkMGPyjHrnvSBunGMD1zS6CHg5yB270hHTrntTQRu6DnrQ2QAOfQ0AAxkY64p4JY9ODUOTjg85oBwQAO3ancCUkBsdvWjABB+7jpSKARlhkds9qexDKcHkcZPSkTYOS4Ofwpchs0jLkg9MAgUhPfvQMFxFH8zZ29WNKRleAPwpScrk9aEzt7k9qBCfrnvRndn6YoJycfnSYxz3oGKBz1/Wm9+nSl4ZeetKWx/8AXoQhrdR6dc0hPPpQc9BxSZPA/CkWiZI9wzirUcexR6+xqiGYdCeKeJpAMbveh3GW3IHOO1NEhyetQh2I9fwpyuDyRjNKxPNqOwWPT86cFyeO9A2nofyqVBzwaTGlcNrKue1RPJgZI6np6VZf7pzkCsyfduI6LnjjrRHzCa7AZt3p9fWm5B5yPeoSzDlRlcUZVeQDj071puZaoczBjnk4PT/Cgc88jPPWm4YndxgjqDS4wMdz3oAXJ4+UjPr9aUnByOmKCSeOcYxSAYxnBC9DTHoxnyucEt0xTJiTKuB8pJ5HP+e9Pd3UthAc9PpTedwzlWUHtxQIcFWdFKnOOgJqIFjIwUcAdD+p/Cpwx3cb8MTk56U19vmZb8MnP+eaBbIkG0MMZGeKasalmAPIbkA96QyCNOEB5x1pryqoJZ+cYzSGOByC2Dx3qN3VEZhkHt6mhpkJUjlSQMDrzTGcSSbcn7vHzfWi4W0I1vFKFnUHnlcfWgSSfNtC/KoYj14HNQFBLdEBcKGx/wDqp6H5ysbLkKeTyTkdP0oerBaEvmAtGXUAHqMcgU5wHAKNhhgOc8D1I96bMkhzu2spPDDuB/k1JGphGGYE/Xp3pW0KCJoW+bbnjcSQTiluFCOGUAADPTGaaJSrDg4HTr9KDM7TRgEgD73GOf8A9VPYdyNl2IgwBnoF7U/d5cg3DqTjB7ZHOaluIfOXa3yqOePWo5Y96hN3AOQpPB+tKw3dBG/lSSL1Ld+xHt+tP+0biN2S23PSmeSBn5gM9OaPNQTcxsu0nJA4/Oqtcm+pOr/vNqqAADn8cUg2hm2jtkj603PlOob5t2eQKikuPLDHaCRxyOQRTQmiRCJJC/8ADnIAHpTz93zB1PPzdqgWQpEQcg5/u/5zVhMGPdt5POM1OtxrsGAwVmwVxjr0prxRtFnJG09xzT8jO0HqM/5/z2phkCYDvwuRgEc+9G427DNpe4bKggj3qMu4AKjIU9+tPG4BPmwMnqKVgqISoG0nnHv/AJFFguQJcbm8tm3rkHg/lU7H5i2DjdgEVBISu07FAB4Yjmpypc8Y25zjrmhi1BUfzFGMg8ipFTy2UuT15pBw4G1VT+Eg5GacXIBU8AYxxSsV6j95Y4Hy1GyAMGLHjmhM4zj3OKcdvIxkdQAffvVJNk3SJEc8YHTgmi7SC/TbMm514EifeH+IqJ4nkADYCg/dz1q1GgQADgDpxzV8qjrczlJ1PdtoYlxpdxajKAyR4yWXqB9OtVR19DwfpXTx3h2Ew4HOMr1pr/Z7o/6TbKzf30+Vv0putrZox+pq14M5qRSQcUDII5x26VtT6PauymG6kjIOSsq5H5ioX0a7HMYSZcnPluKtTT0uYSw9SLvYzcHGeBz1oP3uvNWJrK6gXMlvKuPVDxUOw4/DPNXExkmtGhqknBHT9aCfkyT+lH3Tzx6ZoZdykcewq7MlaoZnaQf/AK1OTqelLtOe3TrTQQPmAyT1qrXEnYkcjqevWm8lcY49aZuOMnvSq2BgkAHpTUbIHJSbAdiT0pvc5HWl65pg3BwcH1NWjB3JwuV+vTNCZ5xncfbNRkZQ84B4pygf3sD1NTuaRWpICCetN2kOOgzz+FJ754zRvbcCcfWlYudrK5NEnQZ47ECnSL5bjBBGarxzFMkgfK3SmqzMOfmHYCjkd7iVWPKSFxgdQCeOaRum4dvemAO4XauelW00+ZypaJwG5yRjj8ablGJaUp/CVlQk4YZ7in5RFU5wvvVprEOWRrracYO1ckH2zU0On2ychDMexkbIB+gwKydaLOhYSaM8NJIMQK7N6KDwKsR6bM8v78iNSORwTmtQbUTCxhB6KmB+lRmNW65PqOmazde2xrHCpvXUWC1t4ATGCzjuetRPcEvjj+XP0qdFAAw/Q0hiRWzgcnPSpU09WzfkcVaKI1YsABjGcHJ6VIkZKnPXntT1kjVflYBfr0qNrqJP72RzlRmpbVykmhywkg8cGg5jHzDjrn0pWucHCxu59hj/AD/9ao3W5lI/5ZrjnBqW0aRUmxG8qM8lz3yuTSpKzg7A5A4+YYpUtwBg5YCnNhRxjA54/KoUi1HuRlnLMjQls8ZBprQEljv2+w6ClnmIDBT8w5NN3GVNylceue9DuylYDbJGN7sz+gzUiGBekY9CTzioy5IUsVz1DDnikjAZjtUHPXBHFJLuNyuTySKibiAB1qA3mGHoe4H86dKsjRgFd3GOuM1DEwk3Ky4B7U7IV2yYS5wN2OOOf51WuJGR+TwBx/PrUkkDKGC/Nxx61VZmLFDuyp60K1xO/UthRMpYfMOMg9QaY8DLkqflHUelRLP5ZABzkdatqftUe6NiG7HtS1Q12Knl8/MNx9aKkZwrbZojuHdQeRRVXYcqNkfmKQ4x9aD/AF4prdBUXMbCnkemKaFIJyc5PHsKeM9M0g4HQ0xbBjA4/GkyOvek6cUmTuzyBSY09B0gQowf0qIDoD6dqe2MZ6celRBueuaOhQ7ndnnIpRk8g9+lGCG4yM0xWyTnII4FAyccZ64o+np3pqgYx/Sl6DPHWpGhSOuOM008HgZ9qVuAeetAwOAOtUhPcPwpG9cnIz0oLYOP50Dkeh9KTAa33Mke4pSTgYozzhv0pOvTk/SgEHc9eKTAJ4/Wlxzg4/OlPyjGME0gQwDil7HPrTHVXXDAEHselKCpPtQMXnHWlxwCc+9J0A6ZzQ2QpHT1piADtnp2pOpx6UbvmpVxn5sHNDAUjgYxyKZ/T1p7bT9RSYzwBQSAA7jNKOBwKMYB/wAaXgfWiw7gCWbHHPWlIO3aOgH5010BUo3IPUil4z1GB1z2pNDTsOJGAD1HYGk5I4+uKY67xjt14o4LrxyAR9KbDRig7ep/I0uR7fWmOe/J55xRk/hRcGh24Lx1JphG/HfuD6UMA3DYI9xS/e4Hr1ouTYccYAHOOPpSH3OOKQE8AdaP8OwpgDAEEcHHI5oGCN2O1Ip2tmgE5DYzgUFIVsEAjmnYwPXPFMPPC9vanY54PNCHcD8o5P8ASk64A6gUMpPDD8aQYXjpimJMXtjpzmjG5fc03aRJu3HIHTtT9xOD2oDUYxwP8KBknJAwOvOKH/DFNyd316UE2JP4Ox/rSHryegpRnv1NKMb8DjAosCGgYHY80rELyGA+tPIHpTG5JA4xQCIt2HznPHNToSBzxj3qMpxgnvzilH1z/WjyFclIBFNBznI69DTVOGAz9acPvHNAAMZIxjBpD169aXGQecUH0NAmBAxSc49xSnp06UY4yaYriZ4xnt0oz29etGMnOfypwA6k0luUNxn6UoXH1pzYx6/Wk70AhNpz0oHt2oPrmlHJ9eKYri556UHOKcFGB3pSvp6UhEa8Nx/OrEb9OarkleozTluQRzGfbFJjiWpHyMA445qpNtKFG5OOp7UeeCOhGPemMxY5BHShIGyNgQNudqgdfxpSjYBx0GeKfxg5wc9aMg9f/wBdMRAFznHDZySKVYjnJycdBmlIAkIQe9OwCeaaBpClV8sYBA96j6jcvr1qUPluvTikYDZjAORTQkNHTk/SkVlK4AIAx1GP896B3AI4pz/d2jgFcHHagaSZF52XG75PTnNSSFfLAJy3YHnNUpQXfbuCFTkZ6flQhaSZt/JXleTxQJkiYaQCRyT1U9jxUVzGJAqk/JnGepodnjKgMdq9M9enrQWc4ZFHHXA/zz1oE2LGiopRDubGfrT9uFWR+GHHB6//AFqiDSGQOV47kegNTbid4By3Q5HTNIaKbB2lZAFDlc8/hn8qfFbNGQzIdp9/yq1IioMlRwOAOcf5NRtlgCcBfrnPFMdiPzgQo5EQxgBeMn/9dWjJEwLAZOCMH9Kg3eXBznltuT06j/P41AknlsI3UOD028jFHQXNqTKXeJSTiRTyTU0UZU5Ofl9P51HHAFO05I3A8mrBYAgLn1yOlIqy3ElLjYAePQ0ixoMYbnGc568U4t5hwrY3Y6DGaHU4ZW27SMLz7elLqO5VmwvCgnjbjHWkSFQ+5wdpHIJ5/Gpm2bUKgYwDgUkglYFS+5M/TjNUKw0sMkliCOSM9OKYAxZickehOQaYV8oeWWwSMe7VKSYtgGWPrnIAoYKxMikrgEYHQ9cVYCJhT/cPFVY9r7jgjGAcDkCpSyoGwSOcc1JaSQlxv2YGCM45NR5MoAZGYA+nSpGk3lXHIPB+tIGZ2KqdoHoOR/jTIauS+WBGUY7lPc8/Sot2FJVScDnPelj/AHinc2c5yMUpKlQhCkHHHekNbWGfI6ZdMHuDz9KZJt3LsbAPVDyDjtUgTAA/hxj8O9O8pdmMdenFMBxlwuGIP4f59qTHmjIHPrTVYLGe5Bxn+VPjRmbefXseTTUW2EpKKuxDubao4x7VEXwvy9AcZqxcJuAAIwME81VU4Gdoxn5s/wA6tu2hnHX3mSRynIHp2qRZfU8E4qPIC7geRxjGMfnQdjeyt275qTRskyVBKjHsRQp3hxyMjJ56UmwSKpbHBz9DSLllB4wTyM9qkaZISWQDPYEc4oDcDBIYdMd6gyP4clecc07DcHnplcf596AuXYr2VEz5jYz0yTUn2tZQFdQxJ6soP9Kz1Yjj9akUkITgg9OmBTsS2WZdOtLhRmIA/wCwcfpVGbR0QHy5XPoMc1bDkAbTnHvUiTk43EYz3q41JrS5nKlTfQwmsbj+CPcB7/5/yKgexugdohZ+OcV1CTAjPUDmlMyE8jp1NUq80yHhKTOT+zXC/KYHyDzxinC1nVM+S1dUXTHKjj9DSfaQMgNjnGMUvbzuL6pSOTW2uMk+S3HU4NSfZpipOxuB34/Cula9Hy7txI6EDrSfbjuJKjp1I5HFX7eXYz+pwXU5sW8mDhG65zt60v2W5zjypef9k10f20jnOMnr70G/dZeSSCMZAp+3aewLBx6M59LS5J/1LlT/ALOamXRr52z5ThR03dK2vtkhLZfdjuMUfapHjb94Tg847e1J4iT2RTwkGtWzMXRdih5nUqTyAM/56VcjsrSPaWh80E92xg1NG/OeCD1Ge1Iy/Lgfhg1LnKW5cKFOCskOW6hi+W3t4oxyDsAyfr3qJ5GKMzjJxzTBGFIL9h0pGuIcYxz7GpNUnczpnIyyDHOcdKhNyd20Hk91PGKsSKCCsmCpPBIqhKRFKdpyoPHfn8amxpzFtr2Zdvzkozdccj1q/FKzAhz06Ed6wvNbZkZ9CemasLOEhCI21/TFJoaZqtOq5Ckbh1x2/wA5qIXeI2GVA7H1rHJMrtljyMAmkUuyyKTg8HB7YoUQ5mb9tMGjy6KzHsDipsRqOFwcdBWHbxZGN3U+vUfhV6NRsCu3JBxg9KHFDUi7vUR56AnioBcqCAHOPrUJ2l5EYE/jg1Eigphs5ByDnk5oshcz6F8TJsygw2OB2qn57spBHIHJB7/SpP4V3H5hwc96gkxz3bOCB6UrD1FDNu43FvTNOGdg3qfU8dKjEcgAAYEEZqQuVI6nnPy/5/zmm2CI0Rc4AxgZBqZAuzgjcOp9KRQFXBOTzwPSpSA2OoyOnr+NDGtAechgTy46YxUMhZyRggrkn2NWJEGwBQpI6GonRVJZDtbnil5FIR1aWPCOQ2evTmqcsphcR3K454YdcVIsshUpGNwGOlF3AbpcoCJFGCD3+lJb6lboaUXyg6tlT0b/AB9KLUvHMNp+UnkVmrJNby/MWBPDqRWrbNEy+Z86E88jg+1VJWM9WaZZSAXGc9OKKhZyQNo+U8iila4c1jQbB9fakCk4P5UvHTr60ZwvTp3qBCexNGcnvik/j4P5UgXMobcw7be1NCaEOT05oC5Iz1oH/wCul78dutCFtoMcYIA4z19qjJwcVI2TuA5PaoiwZ6YxwbOOeeO3UU7tyPypFAL98nrjtTtpwAOMdvWgLij7tLuy2MEfWmjaoUKAAO1PyOP1FKxQ12xgheD1xTunXmkf5Yy2DgDOO9L2zz60dBdRM+3agZxk4zRg5OaMYJPH40mITv1wRSE/lTQ4YZHKnv8ApTj1wMY96GCFGe3pTWOX78il4CdT0oAAIPWl1HoNwc9Pem4+X/GpCB7k00DAwSM5/OgLifgf8aCcig46A4zSdQcHNAMTg89fr1p2cH3pPmBBUZ55Ge3el75HamT1E7/40/dgZxSc8UYOztzQg6C7ByV/HFIM7+Dgfzo6Dr9eaenGTnhsY+vNMEGflHIo4JwSOnPFJgZ6noaZuJGcHigbY/AHGevemgFRjg+tLnIzg/UUZ5J7mhgIevGOaHJwDzz1pDjGcj8KTBJyMYPtSGNUkjAzx608Hrls+nFKACvSggMcc4FMWjG5xwDjFOyc/h6UDBP6U5sdQec0D2GEKfvZ456Uq4ByT3pOOhJ6elOG8fMBwaAewDr1GabwDyKX7uemcdaTIIyO1CEIc/5NL06dznpQvcnAI5oHU807AHBHBoI9+nvQeOcCgYJyTnAo6CuxpwecfpQM/X2p/GMY6Ug9RQAEZHpSpwAMn8aQ9QRSqPlouCHHG3jAOajAOc+lSf5xTMA89KVxsM7uc5INID3/AKUYw2R60Y56HIpiF3gkcEHvijG3ntilGemfbpQG6Z6UyA79P0pSAB3pOODmgEk5P0xSQAB15/OnZPH60Y29OaTkD8aYkgx3P0yaQnB64pc803H5Uih2VB4pc5A570wgjPoaUZJ/pVWFckwD3p238fSoSdp+lSoxYZBqbFDsHHv9KdtNJk+tKHI7ZpDQx4xgc8+lREYGB2qUtu789zQOPz5oEQkY560hwRz6809gQOenqKYfWqRD3DsSBkimliSOnvz0pf4fu9elIowAOOPegoTHfv3xSjoxpBjd14pTnscHHNLqAYAyRkUm8IMnnjPWl5GAcflSP8xPPQ9MVQgIDf41AS43Er3IBH6ipd+3GSCM5NRzcnIP3RkEf1/SgCLcu5d2MjOD6VFG26VwZNpc4GR+R/WpbbLvyvIHOP51D5KxXI2yAKWyck56Dj+dBNuxdiQMPLkwWBGGHf8AX2qOaeOMkjAwB838qDAhVWUjIPYd/wDP8qJYSU6AkqRz6UegaEDzdg2Cc5yeKcZPKkR2ycjgj+dOEagFZFGScjJzS+UqguMEHlc84/Ok9B3TQ4q8vXOB2PGPaoYwhYhlHmHG3nv9alDHBDgfe4IPNJwFaMAsrk/UGmhDGXBkjYKE+v5U6DEcIDIAwJ2kDNSlgU2vuO3gZ9f60wlhHhchg3JJpXKtccWLsSDjHAP96nxkBQOuP0qqHK5AHyjjGOp7VLG67T8wAH8/xpDSHkiNmBOPTj3pGcnjB2kcFR35/wAKYrfviTztHBB6UF/Lzt+8Scn36/hTDYbIJCuFO0A+nY9qiWb7qsenKnPWp8M8RblGbr6nmmCDEahVCsfmO4nH+etFgbIxHtcByOoxjr+NLt7JkKRjb/8AWpyAmTMh2spAzVlUByRwWOBjtQ3YFsRMdhIbHTr780wSkyswVevt1/xp86IDsfcwxuBz0IqNIU7Jj+JeaYORYi3ZOSpXPrTGP7zhh0we2KRneNxuyBjPPf8AGkzu3MRyeSGHU/SjYCZTtJ4wcHtTPO8zG3qTg4FKMgKAcbj0IqEKEDMCeBgE80bjehZK/LuzyDj3NRlmO4s2VBxgL0pEkJABzwePypfOETqwyNx5Pp2oBIlEiKhIA6Agf5+tSo6qmOOB2qpJJgcHp144p6uyH584Jzz2oTaBxTWo+TY8hAk7Z57VA8MeGZTnGccUgAMrbWBX1/pikVMpsYgEjOMce1O4raaB5LOylm+QjOR1/KmupUjeobnkD0qRGaIbc54weehpwQtKXx1PHb/P+fWi4JCbVVsHr6+vWlc/vGA+8OdwFTui7RnjauenApkaKWPsOpPSpKsOQbRt6j2H0pWjHOFGDzjFKzYXn6ZFLuOASDgdOf1otcbI1QllH4kelS7wwyQRxkmkDklM8knGT37UkjlFPoOuMUXI5QD7SdvOTzn/ABp275cLjP06e1NAGWGWyR/EOTS4O8ANgHp7CncVhVfcMAHjqKas42jAC+2OtRsXVA20HBIzjOB2pnCJjrxkGgCX7QPN8oE/L78c0rM2TxkE9apjPmebsA3jIGcn8qWKRyR82QV6Z/WndBYkkG5wTt+Qcc9v6VKdhJkz82Ociq0ZUMUZcdScc+lNkh3tuDkHkY7ccg0rjt1LR8tSSAdwIPP/ANeo2Rt+5SMjGQRwf85pjZ8sl92R2oFwGjYlCvy7SP8A6/SjqBZWVG+UYPbgU4MMNheB2zmqcTJH8ynzAvByOelW4nV2+T05yOlArix/8fBUldpGce/+FWXOBz7flVaMs5Ld/Y9KcWyduQSPm96YkrjfleNiQRn15qLy8A4BwD0zxUu/cedv09KashaTBOD7jmgvqQ7CsWCTk/xHtVIwbk5By38NaEjJJGVY/MpyKgnjOxORkdh1NICnNbgL8gIP17/SokgIXc5wufXitCSNdijdlgBkEcfnUi26kYIIB5x1FJMeljO+zp5mc7NxOQRg/wCf8KsQ26rzhcn8OamYFUzncuMHB6ChC6Ju3ARsO4p7gEUa7VXjA5wDz/8AXq4qsqqQMqehPYd6ggeOdVkhclAOpFTtJ/CW4Oecf1oQ7EDRhJBt4xzk9/Q0FDn5kUkjjjmgysM7RkLxj/PenFwE37GIPPbik9xpkaruOMDA7Z+tREkMMjOMjGO4qcMsY/ukgcjr/nml4WHlRjHHPSgSd9SuBld2CArcL1+tSxDhnbJ4yD7VJGnILc56DGRSMm44RQARzjrTTTGCYaMnZnPf3pzKEBwqgnPTFGdh2gdOoNNcsFYSBScZBNAJXIzgqBxnOQG5pWIAPt2HGf8AOKR85Cso446f5xTCQWyM8dQRxSRTdibAMg+UBcYHuaUQqTkZ256jtR8pbII9Tk4/+vUSalCkpCBiR/EKpRIlPlHTImB5yllU8N3FRysEZQq/h6irx8ueIhT1HtVIqxlbC5Kj0/pQ4lKpoWIirRjjNFSJHgfKR+IFFVZme5bPBpd2OBzTc4HH6Um7j6da50WB56g+tHIP+NOB+bGO3JprDt3HBpoTYnI6U4d8Co89aM8HkD61QgYDn3HJzUJhCcjv37/nUhznrz9KjfIOR0B7GhlIkizuweeKk+8+e3vVeJiThlwOgPerR5JIHTvSQSGDJz6U7GCMYpjMqjLEKo6mnAhuRznpzQxBnPfjpRnPQ0d8nsOaMfNmgVw78mlJ/WjAODmmnjPXHagYOM5GTyOoNJ7D19KM88UA7cmgXUDyepwKM4H17mmbjk7UZvxp4+9047UmhsjZmzwDz707qD69aDyPWk9yePpTYIafmOSfqKcF29MZzkkUvvk54HSkUEZJOR29qAuKAvTJ/pSYHY0ZoP60Iljl6dMk+1GDvBJ47j+VROzDIVSzdh9P/wBdO35PGAKYkxTyf0+tLyGGOg6+tNXdvORwBnOe9LuAfYevuOKXUrZBuyMd/pRng01m6g9R+tKu3GeeevFOwkKPu8cdz70HI79O9M3Y5zketBY+nfml5FIV/m4BIzxn0pw+Xjp7ULwOKcyMen4ZpPQY0AkYPTPY04HPSkU5GVHBoBHHNMGKc44Gfwpob5iD1H6U4E7cng/WkKnOeaEJvUOGIoPp39KQdcHFLwT64osK43qKMYP60Akk/LjHHNHQ47/WmO4vOBjpS9hSHPX1FKPmOc//AF6BCfXvR0PpmkHXkfLSk5oAQ89B1pcDORxx2pMd6djt7UDQgPzZ7Zx9Kf0Az6U0ckYH15oz2/KgAY8de9IpAWmHJHFKOBjnp19aBC5GR6j3pQcDjvTR93P5UoHI55BoEOY/LkdaFz1P4Cm/xcCnLnr2pk3A/e5zjFOwAMCmtk4wPb60gZcgYz60IG9CfgHdjp3phIySvFMDfLz2o7/4UdQA5OCAeKUcAgn60q4Iz+dNkIJIwRn0pjHDlM9j0+lJu469KRcKgUDgDFI2D7ZosJCsQcHv3pVPQ1GME/1p6dskVJROgBGcn8aG4PNKoIQYJ4pG9cHFJFdBOp9qU4HPtQoPuKk25AJHShglchblcH9aixxjBqy+NtQZ6/pVRM5aMi52980h46fXrTmI6Djio3JA6E8dKfUIsUkDkE0pP0/EU0MMe49aaScAjtzz6UnuPcfwOh5FI0iqOTxmmpIDwQQ3ApxK7ucE5xjIqiWMkPBCAcZySaSQgq4yPlHT1NRyyEELt3Z6Yo3kAbiRhecnv0zSegyGCR9xBYhVBIOKshNw3sMMPftSl1H7sY54yKQyck8Er1C0CvcjMpEmwjYG5OB1NL9p4YFWyxACjnmonUMdzBvmGACexFI+0RLyAykHA4APJ/TimFiSVFTdtlYN2brt7mmx3GSWdgHyM5HXNIsqzL+83Aqcn/8AXUB5mCDC5f5TjvSBMtl1jlyWBweQeMcf/WqMzFRtAyQM8VVUjzsliGU4PP3quYVXVgR8wPQdsjrRawbikx7cBRux0Pbt+dQ+eAu1SAwOT7dqR38tyCOC276/55qIDMm/cd5OT6Y4pDUrE5yzqxdSjAkDJwOf8imFpFkwAzBjn5vT/wDXUmG6Oh45wOeaFgZiquzYzj5vpnFANsmw2Aw+mB/WmSFimFHTr7fXNK5WNtqkN6nPX/CmlTsYg5BPQ+lOwm9CZVGEkDYYDoOh4/z+VDt5ajvuyD7VHuZ22kHC888k+9CAtJtDdDnn+XtQMWFQ0uSvJ7nv7f59avDBRWGCR1qBBgtxgkflSC4JiZl65PQZz+VK1ytkJKN5xjPGAcmoFyJohsAwcZJqeEc/PnjtnoaaT/pGV4weRjr60yWnuSO64ZeD/vdKrQbvMZm4xyN3cf4U9mAJYKCcYK0iOC+BkEA545PvQNEhA3B92dpx14FQTfIQVDHfkFuwpSDGcM2fXsOKRR5sRwQeemetMe4glcygAkAnONpwasyPuDIOeBzTTHkbScFsDHv+NKqmOEZyUAzjmkFhpQE793Xsc9/ansH4BI298dcUOwjRSCOwAIxmmFuCy8g4wMf17UXuOwxI9knyAkHrg/rUyqF4GDxgnH+fSojKNzgcMB8vSmSkP9xiV9BzS2DRkyJyQRn1OMGp0wVIY5zzyaqCYBffAFTIsjAnjbng560PYZJJIo681AkxBGBkY57YoGGZlJA56k05lWNty984oQrj1kDp3z3pjMcA5OO2O1PPIJXGevFR7kAweuM0xDFmUnBkO7qATRI8hbPKkDgetRukatlRkEk9KfzJsTdsA9+DTYkxVuyF2OTvzwAPWn/aMRj94AQOeOtZ7R5bB446dyfxpjtgIASGxycZpWHcvPcfMFL7WbqM00S5yAwYDnGOT/8AWrO3nB3KRgHGF6U8mULjIA6AjriiwtNi6ZXHzqcKDxx0pXl2rkKC2PvCqe+QSHcM+wPB/wA8U6NXDADbt/kaBXsK844JHB7545qWK6iH+s3dOtIYowwQZCnHani3iMRkxyBgn6elVYV23oOnvIyCqOd3Tcc4aqwuAAVcuoYYwRzTJBg/KmB2NCRGRthBPT5c8UWRWvUmt5EUEjcTnPrjPSpDIomDpwWA6evvmqeVSRcE7unWnr++kyzYQ9iKOorFvJdtsRGVJGD1qwhbYqyEhzjnORUFuR5mTgZ7e9SfPHIVwCD0JpDsSBzGVXqO4IqFnUPyG5OAMnin8F3wD8oHOadEu992ehGD6ChjsKyFY/MR8y7fl9/So8v5K+crBu7DuanYGRDng9cEcioS8gYAg49cUtQSGKWwQWyQeFBp+crwxzxxSsjPlwQWGBnj+VOzuQZBDDsODS6jtoQ/Kdy8gAD/AApPIYxqqsp9B/WpfkaPIzgng1CkmFIDbhn7vp60IbWg6MlSXwAzcdcc+9KSwy24FgcjJ60xFPO5sk8ipEaNg3ykkHilbQL9BCwIJJC579qQchjkZXpnuKDGrNhWxtyAO35UbTsJTnuQaqwkSkMCAckkZ6YqVVXZhsg43ZxUAkZ4ckEkHuOtSxnePvcYIx0FFhoYp3MVJ5U9Qc/jQGxJyRzkn1P0psajORlSepxTyRGcFs85yR1pJ9B3EWQzDOTxn60SShNoypycetMYKqMAw5OcD+dRCNnbarg5PcYz7c09wvoPdhkrtbnrx9KgaVyWyCB157VYMLMqh26jBwefTFKYC3yepAYjuKBX1IG3tbhmBKkED1rOZJFbClj2Nb88YKKqAFQMBl9arAmNgzgnPQe1BVkiGymNqcN8sZ7Y4FaalGxKAecdKgwvl8qMHgAjtnpT94UZ2gg9A3TihSZLSuWYwJhlSox1+tFZ4leMbYyg9eKKvmFymlk7c0cUMM8U0H3rAq2o9GOMuAOe3pSMRnHpSMwAphPPsehpoTF4B5HOOlGcIQe9JuGcU3dwRx/kUxICxBOBz2560hYHIFRg88Dk8E9KTlsFXAO4E5/z7UmxokQYQZxuBzx0qYEhu30qIc8DvxUiHoSOSPxouV0FyHUgjjkHP1NOB5x3Ham89s9ecCnqvekyUHBPBxn0pP8AGkLY6H86Cec55zRcLWHBufcd6Q/5BqPoeT3/ACpy5IPU/UUxJh3zntSH1Bozxnt6Uc7sUAmJu7YHFGcdMUHgCjHQUAKDuPHSjjjBPTimqoVy3OSKcSApJyPegQmcYx2oJ5IANAyyBu+Oho7cdc9+9CE9xCDuwOR6UmO2eCaM/p6UZ+YZ9aYgVgygr0JyMjBo/jyOg6EUyNt6L2IOB2p5wCBk+oxU3KjoxeduAOn49qaCW7Hkf5FLuGM4+lA6ZH481SBsU4HBJ/OmEc4p+DnpTSTjH60CTGYweP0p4BIzjA9qTHP0HanA8AZ70mNajh1GQM4xTlYbeB34pucc457c00DB78+9A+g4E5wc9eKaFwoBJbH8VI/Qn0pR05HPf60CDb83tTuT0pPXjFG7/PpTC4dznjNLgd/50gYd80v50AxCCqnjNIDk8Dk07ijblsjsO9K4IO2P8im9AQee5waCfaozgnBB57U7jJBypPfPemg45x26etAJBwR+tGe5zxSuFtRd2MEgnt1p3amKcH2HpQeSFC4HTFFxod6D+tKeoP40zflmADDBwCT1pcnAH60wGM33v5Gl3dWPH4U0nvwfrQo9QfbmgGO5H06Yp3AbPPPWmZbOOCfrTh1IxjvQQPFGSPz4pMY7fTFA+7nsOtNEi9T60BckjHNAb24pd/HPSgTYjBex/KgEd+vekOegyf6UvY5oGmIc5yOnXik7evPNLu45GaByM+tFx9BcDqfSg8H+XFI2RzikHAHU9vWgBMdv609Rg5PQGl2kjp29etSYByOtT1KuPGQOuPYU/qOneouh9+1ODYoHe5Km3JHp7U4kYx3NRLknOMk0/Bx1qSyGY+1RHp/9enS5z0qFyOx6fpWi0Ri9xpPOc/pTCd2eooOSxxn1pmDu9B70DWg4gA5wc4/Omhwxye3XjFIzHPTvwfShTgBMnp60ybg2WJwD0pshCliPyPT60jS7VJUdakUgryRkdfTH1pXHoN2ltxGT1FMLllIKkkYJBHb/ACakAz0/KorgFmVQzBScEU0JsiSRiO/A6kVMuVG9mPzc5xj8qYsTFn+bhvu/7PvSeeomwiAoBggmm2Sr3uPjkUuv3cEEYz/n/JpjMJJE3p93sDyM/wA6r7dk4C52kcDPT8fXFWJyDGWHO0Y6YyaWhY9CQi4wvrmoJUDTu8eSxbP4CkTEinruB4BPB56/Wp4S6bg6dOQM570ehJApTfuDrlhncB7f5/OrAw4aMkbxxkfWnSFAgwuSOq4Gc0yMjLFcbd2CAACKbBPUTa3zAlPmVcjP0zSYRE69Pb9PyqZISp3EgkE4OT+H4Um5ZA3mEggYwf8AP0pD3Iwxbadw+XupqVCMFS2ZASSSPypiKSHOAOc4OKljf5c7R6HHb3qCraDATIwdQCgJJFQyFmkUgfInVfxqwmE3IOpPJA6ZqElll6KoXv8Aj0rRK5m3YlB8yPex5OegNOiAQBj94Ejj0pIg6jd1785qXYQoLE5HAOKllwEyNu7IXHvUYV1O5AG7kEdeaSZ9mBuxznPPFSx/OFTBLk9MYOf8KewSV9CIvuLcHGcH1qKbO1DgH+8KmaTDFARyOhOM1UXM5O7gLnIJ6igHYsRlZWZsqvy4f69qSR3ikVU5wORx/OkjEYk3bR7HNNdijM2whf73r7UwtqSITISJDnpxn1oSH5mAAIx+X0pmwGRWYE4zj1qaJgOWOAOooY1uOGIl2ZI5yOPShD85Ixz2BpJDuOQDtBxnPFRoo37txB9jQUy04wqjaD/nFVyvloenvT1kYkoCeRwSvSlYsCBtB9vX8KQFWV9sGOORtwRmiKJ1TeFGBzxzVh2QLwqnaMDPeqiuxl2E8E9DxihCehNAmQCWBG7uee9SursMMxwD6U2P0YjcR+lHT7oG7BGCetUkK9kNeJiP3XHYipEQKynqfQf0oz5fzP0IwDRkORsPXnII4pCRIu9wwOQRTWhkMgYgBSBgZp4YZK9cdeOtDsTwPujPWmgKlxHIkRYbWIH3QKYrZcBWCnqc96JJGiOB98tS24MqEJuJJ+Ynp+FJ6AmRqgaQsWOM4PtV4xxmFSqDAOD14qJo+FXkEHjHp3pEYqGIPfDe1DDqMliLbi5yVGAahGJFBzk8HGParU8mRgnKsODjPFVwVRDg7QnvSSY5NDW/eghQdpHpjmo98iNwNrDqV5/OnEjdhm+T6ck05hlyIgD6fz/n/KgLDMumHwHXAzg8/U1Ics3Bw38OT1zSLsjBz65JA5/KmgRqxDMclsjNUSrixsRhGwRjByOhpyhZPLB+XPB4/OmOFExUsdpOcin7cscBhkccd6SHqxD8h3bc5PBx2pqjy5WBXoeewFTIrqGd5Q6g55HSpE37uQOTnA/l+tPqG6FUbiyjB47Cp5OE25+YAZ//AF0i7d5xhTjmnFmBH+z6UnoV1K4T94Sp68MDzxU8Z29ANvQ8VEpcsBnI744zUjxsY+eQvtUtje4szESZ67hg4NIiszspG49z0B9PxpP9ZsB7/lUpGBzjOM8fSmC1Gx7QzZJGTzk02ViPlUc/3s1G8g3HrwcED0qMsM8544470guKxOAu7AJxx3pvlggkgbgOo6mmyOEIJZuT09KsAjaGGWJHGeop7BdMiHlqmcEHkAEfpSqjjBZQhIwD6CpJWI25ALN0z27U5BIrNuUHHpzmk3qPdFVgzSnIyT+tAgXYPLLcc89asyDDhmVQo/u1WkyxZgeMYyp4zTTB7FhI9qEPnHTOO9JHDKRtjJTPXBH+c1Cssskf3uAO56CpBKVRRuwCM+p+v+fSgl9iRYbmLjcWB/ix9KMMRyp69SaEnk3hmcFMfKKRrhS5LY2gc47Z70DFjDg7SORxu9c1KI2GVKk/NwcYzimwzYcnHyMcn2qZyrxHLrnPrQn0KRB5ojO5yvoWBBA/Kht7ncN23txxj0poS3jD7MBTyw6/WmiRVOAhwOhzz1o6haxPuCocDGPfpVfoQWGRzjnNI8p4VTk4xUbOq4Q/xdjwP8/4UDJ2ZtvDYI5zjrSFRMV39QSSMdTULyCMcYZj05oWQbxyd44x3oEieQIMAoCR1J70VE0vclRn14oosK6NdumM4pnQ9OM0p61H6fWsgvqBOe3TpS9+v4VEfvfhTh94fQ1SE2BI7nimdCqjp61Ifun61G33n+ooFfUQH5e3HpSLgj7w9Kkfp+BqM/8AHwv0/rWb3NCUEe3rinjG4YNRL0H1FP8A4qoS3JCcnkn0qXoM5zUEf3vwqbsPpTDYYceuMdKYxyeAafL94fWmD71BEmIeBjg0Bsnj8Kcev41Gn3Pxpi6D2w44JGe4FL/nigffX60xf9Ufq386THcXofXPekdQSvtyDinHq/8AvGgdv90ULcQmcsPU0Pkx8EBuQKF6f8BP86cn3/wpghpLFODz9Karsd3IIz1p38H4VDH0/GkJvUkA3KQhwc80gAQbcYH40o+7/n1FMX/Vyf7/APShsEGQc8e2c0qk8nr/AI0ncfhSd2pdS+g5g2eOSKEzs47nuaZH0X6f1p/erMx55J9jjrSFuvt+tEnX8KYe/wBKGCH4CnIApevHBHQ80qfxf71H8b/Q1F9Sr6AeuOAKamMYHXOMA0v8f4/4U2Pp+VBV9B3HvSfQ98cU8dKT+NPoKoi+o0FunY0mP/104fdNH8J+v9KAG8DOe/6UpOAB7Uo+8frSD/2WhCbFGetLv+fI47U09R/ntQOpoY1oLklqTv6U3+E/WnN0H40WsU2JxyCKDx9c07/P86hX7p/z2pJlWHKXw2cdeOtPzyPrTD/X+tHY/Si+oPYGJzz9KDx1Hemn+L/e/pTz90/Q0yUIfbAPY0zPAGBQev4/0pB9yi4DlOevY04Dbz+gqNP9Z+Ao7j60iUTLwMA0AjHShPufjRH3+opi6hkhcHnsKO3JP0pvZf8AepV6L9f8aaYmSZx0OKaW5+lIKip9BPclYjIHXNL7EDFK/wB1fxoPU1JSDcKOcZ2459Kb/wAtV/Gpf4R9aY+g0PyOgqUMKrL2+n+FSr/X+gpCTJOOc9utSxxs3AHHeof+Wn41Ztuv+fapehcdSYKsfzE81Xd+c8VNc9B+FVD978BSRc3YZKQseTiqxb5j2H06VNP9wfQ1VH3T9Ku5khRwPakIBPQc9qQ/1/rR6UXBgM+naggEjqe/HIo/jH1NLF9xf90UNiREyKQGXJPtxjjn+lPQEKuRntUTffP1P8qm7L9P8aq4twZjjPPpjFQtIBu7lffpUo6/jVOH/j2H1P8AKi4D1lDHDcY4Ug5HU0oQFt2SN5zn0qCD/j1t/of5Vat/+Pcf8BpiKz5UHOThgQ1NjjYqZXV9meMmppfvH6r/ACqxN96P6n+lSxtkTgBF2nJBLdeT7fypROrJmNSxA5Ujt60R9X/4FTLf/XH6/wDstNPUWww3BMwVVIyd3TOD6VKygOxBPvzn8apx/fk+v9atfwf8AP8ASqE2TEr1RmHuRUMrkOAADxjGaRvvr/uirJ/1g+h/lU2GMbJVMk8nDbucU8P5aBSuD1yKjb/UP/vGrH/Lwv1NJo0RGTiVeAA3tUxjVjyA2Dx6VX/jtvoavdk/3/6UnsLqQkgHeXGCcf4f1qJ5MnAztzgjHepF6SfT+tO/i/H+pppBfUrSD90VZshhkGnRyjgEjccDk05vu1UT/VL/ALx/pQ9UUu5ZMKvkueM8HvTNioGfjg7gRSp92P8Az605+rfhQiehDJMiSDk5PTFO2uykMSV7Y9TVeH/WN/virH/LJP8Ae/rVdiVK5JB8sZ3DPHTP8qj2kEksc9ueDTYfvr+NSN1H+8alOzNWhikksSTuxwPWjHmHPp1z3pR/rR/vf40D7lSpM05UhS5bByQp6AHPPrUqgiIYIx2JFQr/AKpv90U6L7n+fStE7kNWY1+c7yCo9Kj8vLhzxzxx1pw/1I+lLB/rV+h/rUkSFiOHw2OBnrT24k3bflC8Z7GmJ1m+n9aQfeP0/wAapCkWMll4yecYbmo1LL8oQDOeo9zikg7fSkf/AFg/3j/Wi4RJFnKq3Ck7vzpHuOF/dsSRyAaVP9WfrVK7/wBdD9TQncEgkRpsEg7egOOn1q3GVModsrkY47moIf8AVv8AjVuf7ifUfyo6BJDn27wu0nPpTHMaNjeQTz14xmpv8KpzfeT/AHv6ihAySQFYsIMseBgf54qq/Ic5wScgHp6VaHST/PeoH+61MTRTlBTGT8rnOR6U+ORknVkOMHFMk+5+P+NSy/8AHw30FFhXJZSXO/LKeh56f/WqN/uAE43LnnnkU1P9Wf8AfH9Ktn/VL/vGkUtisdnJwOnzY7VNBMOQOnUkf0qC0/1x+g/pSj+D/rpTFHuW0YrvzyD0yueKaFG7KkKxwRx0/wA4pqfdb6inH7qfj/MUdSt0SI3zgM+TjINOdjnA57EHrULf8fC/59Kkm++fw/rRLcS7jwAjZHr69KmkIaIgcccH0quv9RSN94/UfyqWUxqSLuzuICnkHqKnMod2GARnr/nvVOLt/wBc/wCoq5H/AKkf7o/pVAVpYmDM5OTj+Hv2qLaBGGBKlTz71ZHS4/z3qJ/4vx/pQ2K2pGHMx7KAMHdVmPCouFI2n69Kq2v+s/L+dXD/AMtKW5Qi4eMHdhx71LubH3vl6nnvVWP/AI/j/uH+lS9z+FSUhssgmbauOOBgUx0wmHj2nI6nFSQf8fB/66GnXv8Aqm/3KpENXdyvCgDEnIxwOehp3mg8+V90c4Hf/Ci3/wCPZPrUrf8AH2n+9/Slu7AnYjZeVYcexPrT0Ta2FxnsccnP4USfeH+7TR/q4/qKpBIJQ65w5ODyMU5ZBInORyAD7064/wBVH/vH+lQ2v+sm/wB1f5UJBJuKuiUgAbsjb3GeaFiUqRgnnOe9Pk/17/Sli+6/0NCL3WpTkMqb2iUBuvGM/wD66qeYXyCctnqB0q2//Hwv/XQf+hVUm6p9KS1JlpYcyMOgJB7k1H57KeVx2DZ5/Krn8K/571Vf7p/GhFSQxnkk65yP7ykfyopH6/l/IUU7kNan/9k='}}
  - Text: 'Click to edit Master text styl...' (Wrap: square)
  - Shape (No Fill)
  - Text: 'טקסט כותרת תחתונה לדוגמה...' (Wrap: square)
  - Shape (No Fill)
  - Text: 'האריה כטורף על
האריה נמצא בראש...' (Wrap: square)
